<?xml version="1.0"?>
<link_info>
   <banner>MSP430 Linker PC v4.4.6</banner>
   <copyright>Copyright (c) 2003-2015 Texas Instruments Incorporated</copyright>
   <link_time>0x564278df</link_time>
   <link_errors>0x0</link_errors>
   <output_file>TRF7970ABP_Demo.out</output_file>
   <entry_point>
      <name>_c_int00_noargs_noexit</name>
      <address>0xd798</address>
   </entry_point>
   <input_file_list>
      <input_file id="fl-2">
         <path>.\</path>
         <kind>object</kind>
         <file>main.obj</file>
         <name>main.obj</name>
      </input_file>
      <input_file id="fl-3">
         <path>.\NFC\</path>
         <kind>object</kind>
         <file>iso14443a.obj</file>
         <name>iso14443a.obj</name>
      </input_file>
      <input_file id="fl-4">
         <path>.\NFC\</path>
         <kind>object</kind>
         <file>iso14443b.obj</file>
         <name>iso14443b.obj</name>
      </input_file>
      <input_file id="fl-5">
         <path>.\NFC\</path>
         <kind>object</kind>
         <file>iso15693.obj</file>
         <name>iso15693.obj</name>
      </input_file>
      <input_file id="fl-6">
         <path>.\Hardware\</path>
         <kind>object</kind>
         <file>spi.obj</file>
         <name>spi.obj</name>
      </input_file>
      <input_file id="fl-7">
         <path>.\Hardware\</path>
         <kind>object</kind>
         <file>trf7970.obj</file>
         <name>trf7970.obj</name>
      </input_file>
      <input_file id="fl-8">
         <path>.\Hardware\</path>
         <kind>object</kind>
         <file>trf7970BoosterPack.obj</file>
         <name>trf7970BoosterPack.obj</name>
      </input_file>
      <input_file id="fl-9">
         <path>.\Hardware\</path>
         <kind>object</kind>
         <file>uart.obj</file>
         <name>uart.obj</name>
      </input_file>
      <input_file id="fl-38">
         <path>C:\ti\ccsv6\tools\compiler\ti-cgt-msp430_4.4.6\lib\</path>
         <kind>archive</kind>
         <file>rts430.lib</file>
         <name>asr16.obj</name>
      </input_file>
      <input_file id="fl-39">
         <path>C:\ti\ccsv6\tools\compiler\ti-cgt-msp430_4.4.6\lib\</path>
         <kind>archive</kind>
         <file>rts430.lib</file>
         <name>boot.obj</name>
      </input_file>
      <input_file id="fl-3a">
         <path>C:\ti\ccsv6\tools\compiler\ti-cgt-msp430_4.4.6\lib\</path>
         <kind>archive</kind>
         <file>rts430.lib</file>
         <name>boot_special.obj</name>
      </input_file>
      <input_file id="fl-3b">
         <path>C:\ti\ccsv6\tools\compiler\ti-cgt-msp430_4.4.6\lib\</path>
         <kind>archive</kind>
         <file>rts430.lib</file>
         <name>copy_decompress_none.obj</name>
      </input_file>
      <input_file id="fl-3c">
         <path>C:\ti\ccsv6\tools\compiler\ti-cgt-msp430_4.4.6\lib\</path>
         <kind>archive</kind>
         <file>rts430.lib</file>
         <name>copy_decompress_rle.obj</name>
      </input_file>
      <input_file id="fl-3d">
         <path>C:\ti\ccsv6\tools\compiler\ti-cgt-msp430_4.4.6\lib\</path>
         <kind>archive</kind>
         <file>rts430.lib</file>
         <name>copy_zero_init.obj</name>
      </input_file>
      <input_file id="fl-3e">
         <path>C:\ti\ccsv6\tools\compiler\ti-cgt-msp430_4.4.6\lib\</path>
         <kind>archive</kind>
         <file>rts430.lib</file>
         <name>epilog.obj</name>
      </input_file>
      <input_file id="fl-3f">
         <path>C:\ti\ccsv6\tools\compiler\ti-cgt-msp430_4.4.6\lib\</path>
         <kind>archive</kind>
         <file>rts430.lib</file>
         <name>exit.obj</name>
      </input_file>
      <input_file id="fl-40">
         <path>C:\ti\ccsv6\tools\compiler\ti-cgt-msp430_4.4.6\lib\</path>
         <kind>archive</kind>
         <file>rts430.lib</file>
         <name>exit_gvars.obj</name>
      </input_file>
      <input_file id="fl-41">
         <path>C:\ti\ccsv6\tools\compiler\ti-cgt-msp430_4.4.6\lib\</path>
         <kind>archive</kind>
         <file>rts430.lib</file>
         <name>fltud.obj</name>
      </input_file>
      <input_file id="fl-42">
         <path>C:\ti\ccsv6\tools\compiler\ti-cgt-msp430_4.4.6\lib\</path>
         <kind>archive</kind>
         <file>rts430.lib</file>
         <name>fs_mpy.obj</name>
      </input_file>
      <input_file id="fl-43">
         <path>C:\ti\ccsv6\tools\compiler\ti-cgt-msp430_4.4.6\lib\</path>
         <kind>archive</kind>
         <file>rts430.lib</file>
         <name>fs_tou.obj</name>
      </input_file>
      <input_file id="fl-44">
         <path>C:\ti\ccsv6\tools\compiler\ti-cgt-msp430_4.4.6\lib\</path>
         <kind>archive</kind>
         <file>rts430.lib</file>
         <name>fs_ultof.obj</name>
      </input_file>
      <input_file id="fl-45">
         <path>C:\ti\ccsv6\tools\compiler\ti-cgt-msp430_4.4.6\lib\</path>
         <kind>archive</kind>
         <file>rts430.lib</file>
         <name>lsl16.obj</name>
      </input_file>
      <input_file id="fl-46">
         <path>C:\ti\ccsv6\tools\compiler\ti-cgt-msp430_4.4.6\lib\</path>
         <kind>archive</kind>
         <file>rts430.lib</file>
         <name>lsl32.obj</name>
      </input_file>
      <input_file id="fl-47">
         <path>C:\ti\ccsv6\tools\compiler\ti-cgt-msp430_4.4.6\lib\</path>
         <kind>archive</kind>
         <file>rts430.lib</file>
         <name>lsr32.obj</name>
      </input_file>
      <input_file id="fl-48">
         <path>C:\ti\ccsv6\tools\compiler\ti-cgt-msp430_4.4.6\lib\</path>
         <kind>archive</kind>
         <file>rts430.lib</file>
         <name>memcpy.obj</name>
      </input_file>
      <input_file id="fl-49">
         <path>C:\ti\ccsv6\tools\compiler\ti-cgt-msp430_4.4.6\lib\</path>
         <kind>archive</kind>
         <file>rts430.lib</file>
         <name>mpu_init.obj</name>
      </input_file>
      <input_file id="fl-4a">
         <path>C:\ti\ccsv6\tools\compiler\ti-cgt-msp430_4.4.6\lib\</path>
         <kind>archive</kind>
         <file>rts430.lib</file>
         <name>pre_init.obj</name>
      </input_file>
      <input_file id="fl-4b">
         <path>C:\ti\ccsv6\tools\compiler\ti-cgt-msp430_4.4.6\lib\</path>
         <kind>archive</kind>
         <file>rts430.lib</file>
         <name>_lock.obj</name>
      </input_file>
      <input_file id="fl-4c">
         <path>C:\ti\ccsv6\tools\compiler\ti-cgt-msp430_4.4.6\lib\</path>
         <kind>archive</kind>
         <file>rts430.lib</file>
         <name>args_main.obj</name>
      </input_file>
      <input_file id="fl-4d">
         <path>C:\ti\ccsv6\tools\compiler\ti-cgt-msp430_4.4.6\lib\</path>
         <kind>archive</kind>
         <file>rts430.lib</file>
         <name>autoinit.obj</name>
      </input_file>
   </input_file_list>
   <object_component_list>
      <object_component id="oc-48">
         <name>.bss</name>
         <uninitialized>true</uninitialized>
         <run_address>0x200</run_address>
         <size>0x6c</size>
         <input_file_ref idref="fl-2"/>
      </object_component>
      <object_component id="oc-4f">
         <name>.bss</name>
         <uninitialized>true</uninitialized>
         <run_address>0x26c</run_address>
         <size>0x11</size>
         <input_file_ref idref="fl-3"/>
      </object_component>
      <object_component id="oc-5d">
         <name>.bss</name>
         <uninitialized>true</uninitialized>
         <run_address>0x281</run_address>
         <size>0x2</size>
         <input_file_ref idref="fl-5"/>
      </object_component>
      <object_component id="oc-64">
         <name>.bss</name>
         <uninitialized>true</uninitialized>
         <run_address>0x27d</run_address>
         <size>0x1</size>
         <input_file_ref idref="fl-6"/>
      </object_component>
      <object_component id="oc-6b">
         <name>.bss</name>
         <uninitialized>true</uninitialized>
         <run_address>0x27e</run_address>
         <size>0x3</size>
         <input_file_ref idref="fl-7"/>
      </object_component>
      <object_component id="oc-77">
         <name>.bss</name>
         <uninitialized>true</uninitialized>
         <run_address>0x283</run_address>
         <size>0x2</size>
         <input_file_ref idref="fl-9"/>
      </object_component>
      <object_component id="oc-84">
         <name>.stack</name>
         <uninitialized>true</uninitialized>
         <run_address>0x304</run_address>
         <size>0x2</size>
         <input_file_ref idref="fl-39"/>
      </object_component>
      <object_component id="oc-164">
         <name>.stack</name>
         <uninitialized>true</uninitialized>
         <run_address>0x304</run_address>
         <size>0x0</size>
      </object_component>
      <object_component id="oc-12e">
         <name>.text:Iso14443aLoop</name>
         <load_address>0xc000</load_address>
         <run_address>0xc000</run_address>
         <size>0x4f4</size>
         <input_file_ref idref="fl-3"/>
      </object_component>
      <object_component id="oc-11d">
         <name>.text:Iso15693Anticollision</name>
         <load_address>0xc4f4</load_address>
         <run_address>0xc4f4</run_address>
         <size>0x3a4</size>
         <input_file_ref idref="fl-5"/>
      </object_component>
      <object_component id="oc-100">
         <name>.text:Trf7970ISR</name>
         <load_address>0xc898</load_address>
         <run_address>0xc898</run_address>
         <size>0x22c</size>
         <input_file_ref idref="fl-7"/>
      </object_component>
      <object_component id="oc-11c">
         <name>.text:Trf7970WriteIsoControl</name>
         <load_address>0xcac4</load_address>
         <run_address>0xcac4</run_address>
         <size>0x14e</size>
         <input_file_ref idref="fl-7"/>
      </object_component>
      <object_component id="oc-134">
         <name>.text:Iso14443aSelectCommand</name>
         <load_address>0xcc12</load_address>
         <run_address>0xcc12</run_address>
         <size>0xcc</size>
         <input_file_ref idref="fl-3"/>
      </object_component>
      <object_component id="oc-ae">
         <name>.text</name>
         <load_address>0xccde</load_address>
         <run_address>0xccde</run_address>
         <size>0xc2</size>
         <input_file_ref idref="fl-42"/>
      </object_component>
      <object_component id="oc-133">
         <name>.text:ISO14443IRQWaitTimeout</name>
         <load_address>0xcda0</load_address>
         <run_address>0xcda0</run_address>
         <size>0x9c</size>
         <input_file_ref idref="fl-3"/>
      </object_component>
      <object_component id="oc-fb">
         <name>.text:main</name>
         <load_address>0xce3c</load_address>
         <run_address>0xce3c</run_address>
         <size>0x9a</size>
         <input_file_ref idref="fl-2"/>
      </object_component>
      <object_component id="oc-111">
         <name>.text:SpiReadSingle</name>
         <load_address>0xced6</load_address>
         <run_address>0xced6</run_address>
         <size>0x86</size>
         <input_file_ref idref="fl-6"/>
      </object_component>
      <object_component id="oc-120">
         <name>.text:SpiReadCont</name>
         <load_address>0xcf5c</load_address>
         <run_address>0xcf5c</run_address>
         <size>0x7c</size>
         <input_file_ref idref="fl-6"/>
      </object_component>
      <object_component id="oc-10c">
         <name>.text:McuOscSel</name>
         <load_address>0xcfd8</load_address>
         <run_address>0xcfd8</run_address>
         <size>0x78</size>
         <input_file_ref idref="fl-8"/>
      </object_component>
      <object_component id="oc-122">
         <name>.text:SpiWriteSingle</name>
         <load_address>0xd050</load_address>
         <run_address>0xd050</run_address>
         <size>0x72</size>
         <input_file_ref idref="fl-6"/>
      </object_component>
      <object_component id="oc-136">
         <name>.text:Iso14443a_halt</name>
         <load_address>0xd0c2</load_address>
         <run_address>0xd0c2</run_address>
         <size>0x70</size>
         <input_file_ref idref="fl-3"/>
      </object_component>
      <object_component id="oc-eb">
         <name>.text:Trf7970PortB</name>
         <load_address>0xd132</load_address>
         <run_address>0xd132</run_address>
         <size>0x68</size>
         <input_file_ref idref="fl-7"/>
      </object_component>
      <object_component id="oc-11f">
         <name>.text:Iso14443aAnticollision</name>
         <load_address>0xd19a</load_address>
         <run_address>0xd19a</run_address>
         <size>0x66</size>
         <input_file_ref idref="fl-3"/>
      </object_component>
      <object_component id="oc-12f">
         <name>.text:SpiWriteCont</name>
         <load_address>0xd200</load_address>
         <run_address>0xd200</run_address>
         <size>0x5e</size>
         <input_file_ref idref="fl-6"/>
      </object_component>
      <object_component id="oc-124">
         <name>.text:l_lsr_const</name>
         <load_address>0xd25e</load_address>
         <run_address>0xd25e</run_address>
         <size>0x5c</size>
         <input_file_ref idref="fl-47"/>
      </object_component>
      <object_component id="oc-109">
         <name>.text:McuDelayMillisecond</name>
         <load_address>0xd2ba</load_address>
         <run_address>0xd2ba</run_address>
         <size>0x54</size>
         <input_file_ref idref="fl-8"/>
      </object_component>
      <object_component id="oc-12d">
         <name>.text:Iso14443a_command</name>
         <load_address>0xd30e</load_address>
         <run_address>0xd30e</run_address>
         <size>0x50</size>
         <input_file_ref idref="fl-3"/>
      </object_component>
      <object_component id="oc-130">
         <name>.text:SpiRawWrite</name>
         <load_address>0xd35e</load_address>
         <run_address>0xd35e</run_address>
         <size>0x48</size>
         <input_file_ref idref="fl-6"/>
      </object_component>
      <object_component id="oc-f7">
         <name>.text:_auto_init</name>
         <load_address>0xd3a6</load_address>
         <run_address>0xd3a6</run_address>
         <size>0x48</size>
         <input_file_ref idref="fl-4d"/>
      </object_component>
      <object_component id="oc-b3">
         <name>.text</name>
         <load_address>0xd3ee</load_address>
         <run_address>0xd3ee</run_address>
         <size>0x46</size>
         <input_file_ref idref="fl-43"/>
      </object_component>
      <object_component id="oc-f0">
         <name>.text:timerHandler</name>
         <load_address>0xd434</load_address>
         <run_address>0xd434</run_address>
         <size>0x46</size>
         <input_file_ref idref="fl-8"/>
      </object_component>
      <object_component id="oc-128">
         <name>.text:UartPutByte</name>
         <load_address>0xd47a</load_address>
         <run_address>0xd47a</run_address>
         <size>0x42</size>
         <input_file_ref idref="fl-9"/>
      </object_component>
      <object_component id="oc-121">
         <name>.text:SpiDirectCommand</name>
         <load_address>0xd4bc</load_address>
         <run_address>0xd4bc</run_address>
         <size>0x40</size>
         <input_file_ref idref="fl-6"/>
      </object_component>
      <object_component id="oc-125">
         <name>.text:l_lsl_const</name>
         <load_address>0xd4fc</load_address>
         <run_address>0xd4fc</run_address>
         <size>0x3e</size>
         <input_file_ref idref="fl-46"/>
      </object_component>
      <object_component id="oc-10f">
         <name>.text:Iso15693FindTag</name>
         <load_address>0xd53a</load_address>
         <run_address>0xd53a</run_address>
         <size>0x32</size>
         <input_file_ref idref="fl-5"/>
      </object_component>
      <object_component id="oc-11a">
         <name>.text:SpiUsciSet</name>
         <load_address>0xd56c</load_address>
         <run_address>0xd56c</run_address>
         <size>0x32</size>
         <input_file_ref idref="fl-6"/>
      </object_component>
      <object_component id="oc-10e">
         <name>.text:UartSetup</name>
         <load_address>0xd59e</load_address>
         <run_address>0xd59e</run_address>
         <size>0x32</size>
         <input_file_ref idref="fl-9"/>
      </object_component>
      <object_component id="oc-b8">
         <name>.text</name>
         <load_address>0xd5d0</load_address>
         <run_address>0xd5d0</run_address>
         <size>0x32</size>
         <input_file_ref idref="fl-44"/>
      </object_component>
      <object_component id="oc-10b">
         <name>.text:Trf7970InitialSettings</name>
         <load_address>0xd602</load_address>
         <run_address>0xd602</run_address>
         <size>0x30</size>
         <input_file_ref idref="fl-7"/>
      </object_component>
      <object_component id="oc-7e">
         <name>.text</name>
         <load_address>0xd632</load_address>
         <run_address>0xd632</run_address>
         <size>0x2c</size>
         <input_file_ref idref="fl-38"/>
      </object_component>
      <object_component id="oc-bd">
         <name>.text</name>
         <load_address>0xd65e</load_address>
         <run_address>0xd65e</run_address>
         <size>0x2c</size>
         <input_file_ref idref="fl-45"/>
      </object_component>
      <object_component id="oc-12b">
         <name>.text:Trf7970DisableSlotCounter</name>
         <load_address>0xd68a</load_address>
         <run_address>0xd68a</run_address>
         <size>0x26</size>
         <input_file_ref idref="fl-7"/>
      </object_component>
      <object_component id="oc-131">
         <name>.text:UartNibble2Ascii</name>
         <load_address>0xd6b0</load_address>
         <run_address>0xd6b0</run_address>
         <size>0x26</size>
         <input_file_ref idref="fl-9"/>
      </object_component>
      <object_component id="oc-110">
         <name>.text:Iso14443aFindTag</name>
         <load_address>0xd6d6</load_address>
         <run_address>0xd6d6</run_address>
         <size>0x24</size>
         <input_file_ref idref="fl-3"/>
      </object_component>
      <object_component id="oc-11e">
         <name>.text:Trf7970TurnRfOff</name>
         <load_address>0xd6fa</load_address>
         <run_address>0xd6fa</run_address>
         <size>0x24</size>
         <input_file_ref idref="fl-7"/>
      </object_component>
      <object_component id="oc-117">
         <name>.text:SpiSetup</name>
         <load_address>0xd71e</load_address>
         <run_address>0xd71e</run_address>
         <size>0x22</size>
         <input_file_ref idref="fl-6"/>
      </object_component>
      <object_component id="oc-ff">
         <name>.text:Trf7970ReadIrqStatus</name>
         <load_address>0xd740</load_address>
         <run_address>0xd740</run_address>
         <size>0x20</size>
         <input_file_ref idref="fl-7"/>
      </object_component>
      <object_component id="oc-135">
         <name>.text:UartSendCString</name>
         <load_address>0xd760</load_address>
         <run_address>0xd760</run_address>
         <size>0x1e</size>
         <input_file_ref idref="fl-9"/>
      </object_component>
      <object_component id="oc-115">
         <name>.text:Trf7970ResetIrqStatus</name>
         <load_address>0xd77e</load_address>
         <run_address>0xd77e</run_address>
         <size>0x1a</size>
         <input_file_ref idref="fl-7"/>
      </object_component>
      <object_component id="oc-42">
         <name>.text:_c_int00_noargs_noexit</name>
         <load_address>0xd798</load_address>
         <run_address>0xd798</run_address>
         <size>0x1a</size>
         <input_file_ref idref="fl-3a"/>
      </object_component>
      <object_component id="oc-12c">
         <name>.text:Iso14443_config</name>
         <load_address>0xd7b2</load_address>
         <run_address>0xd7b2</run_address>
         <size>0x18</size>
         <input_file_ref idref="fl-3"/>
      </object_component>
      <object_component id="oc-11b">
         <name>.text:Trf7970TurnRfOn</name>
         <load_address>0xd7ca</load_address>
         <run_address>0xd7ca</run_address>
         <size>0x18</size>
         <input_file_ref idref="fl-7"/>
      </object_component>
      <object_component id="oc-112">
         <name>.text:Trf7970ReadCont</name>
         <load_address>0xd7e2</load_address>
         <run_address>0xd7e2</run_address>
         <size>0x14</size>
         <input_file_ref idref="fl-7"/>
      </object_component>
      <object_component id="oc-123">
         <name>.text:Trf7970WriteCont</name>
         <load_address>0xd7f6</load_address>
         <run_address>0xd7f6</run_address>
         <size>0x14</size>
         <input_file_ref idref="fl-7"/>
      </object_component>
      <object_component id="oc-119">
         <name>.text:Trf7970WriteSingle</name>
         <load_address>0xd80a</load_address>
         <run_address>0xd80a</run_address>
         <size>0x14</size>
         <input_file_ref idref="fl-7"/>
      </object_component>
      <object_component id="oc-132">
         <name>.text:UartPutChar</name>
         <load_address>0xd81e</load_address>
         <run_address>0xd81e</run_address>
         <size>0x14</size>
         <input_file_ref idref="fl-9"/>
      </object_component>
      <object_component id="oc-127">
         <name>.text:Trf7970RawWrite</name>
         <load_address>0xd832</load_address>
         <run_address>0xd832</run_address>
         <size>0x12</size>
         <input_file_ref idref="fl-7"/>
      </object_component>
      <object_component id="oc-fe">
         <name>.text:Trf7970ReadSingle</name>
         <load_address>0xd844</load_address>
         <run_address>0xd844</run_address>
         <size>0x12</size>
         <input_file_ref idref="fl-7"/>
      </object_component>
      <object_component id="oc-e8">
         <name>.text:memcpy</name>
         <load_address>0xd856</load_address>
         <run_address>0xd856</run_address>
         <size>0x12</size>
         <input_file_ref idref="fl-48"/>
      </object_component>
      <object_component id="oc-113">
         <name>.text:Trf7970Reset</name>
         <load_address>0xd868</load_address>
         <run_address>0xd868</run_address>
         <size>0x10</size>
         <input_file_ref idref="fl-7"/>
      </object_component>
      <object_component id="oc-129">
         <name>.text:Trf7970RunDecoders</name>
         <load_address>0xd878</load_address>
         <run_address>0xd878</run_address>
         <size>0x10</size>
         <input_file_ref idref="fl-7"/>
      </object_component>
      <object_component id="oc-114">
         <name>.text:Trf7970StopDecoders</name>
         <load_address>0xd888</load_address>
         <run_address>0xd888</run_address>
         <size>0x10</size>
         <input_file_ref idref="fl-7"/>
      </object_component>
      <object_component id="oc-12a">
         <name>.text:Trf7970TransmitNextSlot</name>
         <load_address>0xd898</load_address>
         <run_address>0xd898</run_address>
         <size>0x10</size>
         <input_file_ref idref="fl-7"/>
      </object_component>
      <object_component id="oc-fd">
         <name>.text</name>
         <load_address>0xd8a8</load_address>
         <run_address>0xd8a8</run_address>
         <size>0x10</size>
         <input_file_ref idref="fl-3e"/>
      </object_component>
      <object_component id="oc-126">
         <name>.text:McuCounterSet</name>
         <load_address>0xd8b8</load_address>
         <run_address>0xd8b8</run_address>
         <size>0xe</size>
         <input_file_ref idref="fl-8"/>
      </object_component>
      <object_component id="oc-118">
         <name>.text:Trf7970DirectCommand</name>
         <load_address>0xd8c6</load_address>
         <run_address>0xd8c6</run_address>
         <size>0xe</size>
         <input_file_ref idref="fl-7"/>
      </object_component>
      <object_component id="oc-f1">
         <name>.text:watchdog_timer</name>
         <load_address>0xd8d4</load_address>
         <run_address>0xd8d4</run_address>
         <size>0x8</size>
         <input_file_ref idref="fl-2"/>
      </object_component>
      <object_component id="oc-10a">
         <name>.text:Trf7970CommunicationSetup</name>
         <load_address>0xd8dc</load_address>
         <run_address>0xd8dc</run_address>
         <size>0x6</size>
         <input_file_ref idref="fl-7"/>
      </object_component>
      <object_component id="oc-10d">
         <name>.text:Trf7970ReConfig</name>
         <load_address>0xd8e2</load_address>
         <run_address>0xd8e2</run_address>
         <size>0x6</size>
         <input_file_ref idref="fl-7"/>
      </object_component>
      <object_component id="oc-137">
         <name>.text:_fltud</name>
         <load_address>0xd8e8</load_address>
         <run_address>0xd8e8</run_address>
         <size>0x6</size>
         <input_file_ref idref="fl-41"/>
      </object_component>
      <object_component id="oc-f6">
         <name>.text:_system_pre_init</name>
         <load_address>0xd8ee</load_address>
         <run_address>0xd8ee</run_address>
         <size>0x4</size>
         <input_file_ref idref="fl-4a"/>
      </object_component>
      <object_component id="oc-fc">
         <name>.text:abort</name>
         <load_address>0xd8f2</load_address>
         <run_address>0xd8f2</run_address>
         <size>0x4</size>
         <input_file_ref idref="fl-3f"/>
      </object_component>
      <object_component id="oc-ec">
         <name>.text:ADC12_ISR</name>
         <load_address>0xd8f6</load_address>
         <run_address>0xd8f6</run_address>
         <size>0x2</size>
         <input_file_ref idref="fl-2"/>
      </object_component>
      <object_component id="oc-f2">
         <name>.text:COMPARATORA_ISR</name>
         <load_address>0xd8f8</load_address>
         <run_address>0xd8f8</run_address>
         <size>0x2</size>
         <input_file_ref idref="fl-2"/>
      </object_component>
      <object_component id="oc-f5">
         <name>.text:NMI_ISR</name>
         <load_address>0xd8fa</load_address>
         <run_address>0xd8fa</run_address>
         <size>0x2</size>
         <input_file_ref idref="fl-2"/>
      </object_component>
      <object_component id="oc-ea">
         <name>.text:PORT1_ISR</name>
         <load_address>0xd8fc</load_address>
         <run_address>0xd8fc</run_address>
         <size>0x2</size>
         <input_file_ref idref="fl-2"/>
      </object_component>
      <object_component id="oc-ef">
         <name>.text:TIMER0_A1_ISR</name>
         <load_address>0xd8fe</load_address>
         <run_address>0xd8fe</run_address>
         <size>0x2</size>
         <input_file_ref idref="fl-2"/>
      </object_component>
      <object_component id="oc-f4">
         <name>.text:TIMER1_A0_ISR</name>
         <load_address>0xd900</load_address>
         <run_address>0xd900</run_address>
         <size>0x2</size>
         <input_file_ref idref="fl-2"/>
      </object_component>
      <object_component id="oc-f3">
         <name>.text:TIMER1_A1_ISR</name>
         <load_address>0xd902</load_address>
         <run_address>0xd902</run_address>
         <size>0x2</size>
         <input_file_ref idref="fl-2"/>
      </object_component>
      <object_component id="oc-ee">
         <name>.text:USCIAB0RX_ISR</name>
         <load_address>0xd904</load_address>
         <run_address>0xd904</run_address>
         <size>0x2</size>
         <input_file_ref idref="fl-2"/>
      </object_component>
      <object_component id="oc-ed">
         <name>.text:USCIAB0TX_ISR</name>
         <load_address>0xd906</load_address>
         <run_address>0xd906</run_address>
         <size>0x2</size>
         <input_file_ref idref="fl-2"/>
      </object_component>
      <object_component id="oc-4a">
         <name>.cinit</name>
         <load_address>0xd908</load_address>
         <run_address>0xd908</run_address>
         <size>0x29</size>
         <input_file_ref idref="fl-2"/>
      </object_component>
      <object_component id="oc-51">
         <name>.cinit</name>
         <load_address>0xd932</load_address>
         <run_address>0xd932</run_address>
         <size>0xb</size>
         <input_file_ref idref="fl-3"/>
      </object_component>
      <object_component id="oc-5f">
         <name>.cinit</name>
         <load_address>0xd93e</load_address>
         <run_address>0xd93e</run_address>
         <size>0xb</size>
         <input_file_ref idref="fl-5"/>
      </object_component>
      <object_component id="oc-79">
         <name>.cinit</name>
         <load_address>0xd94a</load_address>
         <run_address>0xd94a</run_address>
         <size>0xb</size>
         <input_file_ref idref="fl-9"/>
      </object_component>
      <object_component id="oc-66">
         <name>.cinit</name>
         <load_address>0xd956</load_address>
         <run_address>0xd956</run_address>
         <size>0x5</size>
         <input_file_ref idref="fl-6"/>
      </object_component>
      <object_component id="oc-6d">
         <name>.cinit</name>
         <load_address>0xd95c</load_address>
         <run_address>0xd95c</run_address>
         <size>0x5</size>
         <input_file_ref idref="fl-7"/>
      </object_component>
      <object_component id="oc-58">
         <name>.const:.string</name>
         <load_address>0xd964</load_address>
         <run_address>0xd964</run_address>
         <size>0x12</size>
         <input_file_ref idref="fl-4"/>
      </object_component>
      <object_component id="oc-52">
         <name>.const:.string</name>
         <load_address>0xd976</load_address>
         <run_address>0xd976</run_address>
         <size>0xa</size>
         <input_file_ref idref="fl-3"/>
      </object_component>
      <object_component id="oc-31">
         <name>.int02</name>
         <load_address>0xffe4</load_address>
         <run_address>0xffe4</run_address>
         <size>0x2</size>
         <input_file_ref idref="fl-2"/>
      </object_component>
      <object_component id="oc-32">
         <name>.int03</name>
         <load_address>0xffe6</load_address>
         <run_address>0xffe6</run_address>
         <size>0x2</size>
         <input_file_ref idref="fl-7"/>
      </object_component>
      <object_component id="oc-33">
         <name>.int05</name>
         <load_address>0xffea</load_address>
         <run_address>0xffea</run_address>
         <size>0x2</size>
         <input_file_ref idref="fl-2"/>
      </object_component>
      <object_component id="oc-34">
         <name>.int06</name>
         <load_address>0xffec</load_address>
         <run_address>0xffec</run_address>
         <size>0x2</size>
         <input_file_ref idref="fl-2"/>
      </object_component>
      <object_component id="oc-35">
         <name>.int07</name>
         <load_address>0xffee</load_address>
         <run_address>0xffee</run_address>
         <size>0x2</size>
         <input_file_ref idref="fl-2"/>
      </object_component>
      <object_component id="oc-36">
         <name>.int08</name>
         <load_address>0xfff0</load_address>
         <run_address>0xfff0</run_address>
         <size>0x2</size>
         <input_file_ref idref="fl-2"/>
      </object_component>
      <object_component id="oc-37">
         <name>.int09</name>
         <load_address>0xfff2</load_address>
         <run_address>0xfff2</run_address>
         <size>0x2</size>
         <input_file_ref idref="fl-8"/>
      </object_component>
      <object_component id="oc-38">
         <name>.int10</name>
         <load_address>0xfff4</load_address>
         <run_address>0xfff4</run_address>
         <size>0x2</size>
         <input_file_ref idref="fl-2"/>
      </object_component>
      <object_component id="oc-39">
         <name>.int11</name>
         <load_address>0xfff6</load_address>
         <run_address>0xfff6</run_address>
         <size>0x2</size>
         <input_file_ref idref="fl-2"/>
      </object_component>
      <object_component id="oc-3a">
         <name>.int12</name>
         <load_address>0xfff8</load_address>
         <run_address>0xfff8</run_address>
         <size>0x2</size>
         <input_file_ref idref="fl-2"/>
      </object_component>
      <object_component id="oc-3b">
         <name>.int13</name>
         <load_address>0xfffa</load_address>
         <run_address>0xfffa</run_address>
         <size>0x2</size>
         <input_file_ref idref="fl-2"/>
      </object_component>
      <object_component id="oc-3c">
         <name>.int14</name>
         <load_address>0xfffc</load_address>
         <run_address>0xfffc</run_address>
         <size>0x2</size>
         <input_file_ref idref="fl-2"/>
      </object_component>
      <object_component id="oc-85">
         <name>.reset</name>
         <load_address>0xfffe</load_address>
         <run_address>0xfffe</run_address>
         <size>0x2</size>
         <input_file_ref idref="fl-39"/>
      </object_component>
      <object_component id="oc-49">
         <name>.debug_info</name>
         <load_address>0x0</load_address>
         <run_address>0x0</run_address>
         <size>0x968</size>
         <input_file_ref idref="fl-2"/>
      </object_component>
      <object_component id="oc-50">
         <name>.debug_info</name>
         <load_address>0x968</load_address>
         <run_address>0x968</run_address>
         <size>0x1044</size>
         <input_file_ref idref="fl-3"/>
      </object_component>
      <object_component id="oc-57">
         <name>.debug_info</name>
         <load_address>0x19ac</load_address>
         <run_address>0x19ac</run_address>
         <size>0x57a</size>
         <input_file_ref idref="fl-4"/>
      </object_component>
      <object_component id="oc-5e">
         <name>.debug_info</name>
         <load_address>0x1f26</load_address>
         <run_address>0x1f26</run_address>
         <size>0xacf</size>
         <input_file_ref idref="fl-5"/>
      </object_component>
      <object_component id="oc-65">
         <name>.debug_info</name>
         <load_address>0x29f5</load_address>
         <run_address>0x29f5</run_address>
         <size>0x841</size>
         <input_file_ref idref="fl-6"/>
      </object_component>
      <object_component id="oc-6c">
         <name>.debug_info</name>
         <load_address>0x3236</load_address>
         <run_address>0x3236</run_address>
         <size>0x1547</size>
         <input_file_ref idref="fl-7"/>
      </object_component>
      <object_component id="oc-72">
         <name>.debug_info</name>
         <load_address>0x477d</load_address>
         <run_address>0x477d</run_address>
         <size>0x620</size>
         <input_file_ref idref="fl-8"/>
      </object_component>
      <object_component id="oc-78">
         <name>.debug_info</name>
         <load_address>0x4d9d</load_address>
         <run_address>0x4d9d</run_address>
         <size>0x63c</size>
         <input_file_ref idref="fl-9"/>
      </object_component>
      <object_component id="oc-7f">
         <name>.debug_info</name>
         <load_address>0x53d9</load_address>
         <run_address>0x53d9</run_address>
         <size>0xe5</size>
         <input_file_ref idref="fl-38"/>
      </object_component>
      <object_component id="oc-83">
         <name>.debug_info</name>
         <load_address>0x54be</load_address>
         <run_address>0x54be</run_address>
         <size>0x284</size>
         <input_file_ref idref="fl-39"/>
      </object_component>
      <object_component id="oc-8a">
         <name>.debug_info</name>
         <load_address>0x5742</load_address>
         <run_address>0x5742</run_address>
         <size>0x360</size>
         <input_file_ref idref="fl-3a"/>
      </object_component>
      <object_component id="oc-8f">
         <name>.debug_info</name>
         <load_address>0x5aa2</load_address>
         <run_address>0x5aa2</run_address>
         <size>0x2a2</size>
         <input_file_ref idref="fl-3b"/>
      </object_component>
      <object_component id="oc-94">
         <name>.debug_info</name>
         <load_address>0x5d44</load_address>
         <run_address>0x5d44</run_address>
         <size>0x247</size>
         <input_file_ref idref="fl-3c"/>
      </object_component>
      <object_component id="oc-99">
         <name>.debug_info</name>
         <load_address>0x5f8b</load_address>
         <run_address>0x5f8b</run_address>
         <size>0x25d</size>
         <input_file_ref idref="fl-3d"/>
      </object_component>
      <object_component id="oc-9e">
         <name>.debug_info</name>
         <load_address>0x61e8</load_address>
         <run_address>0x61e8</run_address>
         <size>0xf1</size>
         <input_file_ref idref="fl-3e"/>
      </object_component>
      <object_component id="oc-a2">
         <name>.debug_info</name>
         <load_address>0x62d9</load_address>
         <run_address>0x62d9</run_address>
         <size>0x2c7</size>
         <input_file_ref idref="fl-3f"/>
      </object_component>
      <object_component id="oc-a7">
         <name>.debug_info</name>
         <load_address>0x65a0</load_address>
         <run_address>0x65a0</run_address>
         <size>0x19e</size>
         <input_file_ref idref="fl-40"/>
      </object_component>
      <object_component id="oc-a9">
         <name>.debug_info</name>
         <load_address>0x673e</load_address>
         <run_address>0x673e</run_address>
         <size>0x257</size>
         <input_file_ref idref="fl-41"/>
      </object_component>
      <object_component id="oc-af">
         <name>.debug_info</name>
         <load_address>0x6995</load_address>
         <run_address>0x6995</run_address>
         <size>0xec</size>
         <input_file_ref idref="fl-42"/>
      </object_component>
      <object_component id="oc-b4">
         <name>.debug_info</name>
         <load_address>0x6a81</load_address>
         <run_address>0x6a81</run_address>
         <size>0xf8</size>
         <input_file_ref idref="fl-43"/>
      </object_component>
      <object_component id="oc-b9">
         <name>.debug_info</name>
         <load_address>0x6b79</load_address>
         <run_address>0x6b79</run_address>
         <size>0xf2</size>
         <input_file_ref idref="fl-44"/>
      </object_component>
      <object_component id="oc-be">
         <name>.debug_info</name>
         <load_address>0x6c6b</load_address>
         <run_address>0x6c6b</run_address>
         <size>0xe5</size>
         <input_file_ref idref="fl-45"/>
      </object_component>
      <object_component id="oc-c2">
         <name>.debug_info</name>
         <load_address>0x6d50</load_address>
         <run_address>0x6d50</run_address>
         <size>0xeb</size>
         <input_file_ref idref="fl-46"/>
      </object_component>
      <object_component id="oc-c6">
         <name>.debug_info</name>
         <load_address>0x6e3b</load_address>
         <run_address>0x6e3b</run_address>
         <size>0xeb</size>
         <input_file_ref idref="fl-47"/>
      </object_component>
      <object_component id="oc-ca">
         <name>.debug_info</name>
         <load_address>0x6f26</load_address>
         <run_address>0x6f26</run_address>
         <size>0x2d0</size>
         <input_file_ref idref="fl-48"/>
      </object_component>
      <object_component id="oc-cf">
         <name>.debug_info</name>
         <load_address>0x71f6</load_address>
         <run_address>0x71f6</run_address>
         <size>0x29c</size>
         <input_file_ref idref="fl-49"/>
      </object_component>
      <object_component id="oc-d4">
         <name>.debug_info</name>
         <load_address>0x7492</load_address>
         <run_address>0x7492</run_address>
         <size>0x259</size>
         <input_file_ref idref="fl-4a"/>
      </object_component>
      <object_component id="oc-d9">
         <name>.debug_info</name>
         <load_address>0x76eb</load_address>
         <run_address>0x76eb</run_address>
         <size>0x202</size>
         <input_file_ref idref="fl-4b"/>
      </object_component>
      <object_component id="oc-de">
         <name>.debug_info</name>
         <load_address>0x78ed</load_address>
         <run_address>0x78ed</run_address>
         <size>0x2b4</size>
         <input_file_ref idref="fl-4c"/>
      </object_component>
      <object_component id="oc-e3">
         <name>.debug_info</name>
         <load_address>0x7ba1</load_address>
         <run_address>0x7ba1</run_address>
         <size>0x36e</size>
         <input_file_ref idref="fl-4d"/>
      </object_component>
      <object_component id="oc-165">
         <name>.debug_info</name>
         <load_address>0x7f0f</load_address>
         <run_address>0x7f0f</run_address>
         <size>0xa5</size>
      </object_component>
      <object_component id="oc-4b">
         <name>.debug_frame</name>
         <load_address>0x0</load_address>
         <run_address>0x0</run_address>
         <size>0x11a</size>
         <input_file_ref idref="fl-2"/>
      </object_component>
      <object_component id="oc-53">
         <name>.debug_frame</name>
         <load_address>0x11a</load_address>
         <run_address>0x11a</run_address>
         <size>0x102</size>
         <input_file_ref idref="fl-3"/>
      </object_component>
      <object_component id="oc-59">
         <name>.debug_frame</name>
         <load_address>0x21c</load_address>
         <run_address>0x21c</run_address>
         <size>0x32</size>
         <input_file_ref idref="fl-4"/>
      </object_component>
      <object_component id="oc-60">
         <name>.debug_frame</name>
         <load_address>0x24e</load_address>
         <run_address>0x24e</run_address>
         <size>0x64</size>
         <input_file_ref idref="fl-5"/>
      </object_component>
      <object_component id="oc-67">
         <name>.debug_frame</name>
         <load_address>0x2b2</load_address>
         <run_address>0x2b2</run_address>
         <size>0xff</size>
         <input_file_ref idref="fl-6"/>
      </object_component>
      <object_component id="oc-6e">
         <name>.debug_frame</name>
         <load_address>0x3b1</load_address>
         <run_address>0x3b1</run_address>
         <size>0x263</size>
         <input_file_ref idref="fl-7"/>
      </object_component>
      <object_component id="oc-73">
         <name>.debug_frame</name>
         <load_address>0x614</load_address>
         <run_address>0x614</run_address>
         <size>0xc5</size>
         <input_file_ref idref="fl-8"/>
      </object_component>
      <object_component id="oc-7a">
         <name>.debug_frame</name>
         <load_address>0x6d9</load_address>
         <run_address>0x6d9</run_address>
         <size>0xb3</size>
         <input_file_ref idref="fl-9"/>
      </object_component>
      <object_component id="oc-86">
         <name>.debug_frame</name>
         <load_address>0x78c</load_address>
         <run_address>0x78c</run_address>
         <size>0x32</size>
         <input_file_ref idref="fl-39"/>
      </object_component>
      <object_component id="oc-8b">
         <name>.debug_frame</name>
         <load_address>0x7be</load_address>
         <run_address>0x7be</run_address>
         <size>0x42</size>
         <input_file_ref idref="fl-3a"/>
      </object_component>
      <object_component id="oc-90">
         <name>.debug_frame</name>
         <load_address>0x800</load_address>
         <run_address>0x800</run_address>
         <size>0x32</size>
         <input_file_ref idref="fl-3b"/>
      </object_component>
      <object_component id="oc-95">
         <name>.debug_frame</name>
         <load_address>0x832</load_address>
         <run_address>0x832</run_address>
         <size>0x32</size>
         <input_file_ref idref="fl-3c"/>
      </object_component>
      <object_component id="oc-9a">
         <name>.debug_frame</name>
         <load_address>0x864</load_address>
         <run_address>0x864</run_address>
         <size>0x32</size>
         <input_file_ref idref="fl-3d"/>
      </object_component>
      <object_component id="oc-a3">
         <name>.debug_frame</name>
         <load_address>0x896</load_address>
         <run_address>0x896</run_address>
         <size>0x47</size>
         <input_file_ref idref="fl-3f"/>
      </object_component>
      <object_component id="oc-aa">
         <name>.debug_frame</name>
         <load_address>0x8dd</load_address>
         <run_address>0x8dd</run_address>
         <size>0x47</size>
         <input_file_ref idref="fl-41"/>
      </object_component>
      <object_component id="oc-cb">
         <name>.debug_frame</name>
         <load_address>0x924</load_address>
         <run_address>0x924</run_address>
         <size>0x47</size>
         <input_file_ref idref="fl-48"/>
      </object_component>
      <object_component id="oc-d0">
         <name>.debug_frame</name>
         <load_address>0x96b</load_address>
         <run_address>0x96b</run_address>
         <size>0x32</size>
         <input_file_ref idref="fl-49"/>
      </object_component>
      <object_component id="oc-d5">
         <name>.debug_frame</name>
         <load_address>0x99d</load_address>
         <run_address>0x99d</run_address>
         <size>0x47</size>
         <input_file_ref idref="fl-4a"/>
      </object_component>
      <object_component id="oc-da">
         <name>.debug_frame</name>
         <load_address>0x9e4</load_address>
         <run_address>0x9e4</run_address>
         <size>0x32</size>
         <input_file_ref idref="fl-4b"/>
      </object_component>
      <object_component id="oc-df">
         <name>.debug_frame</name>
         <load_address>0xa16</load_address>
         <run_address>0xa16</run_address>
         <size>0x32</size>
         <input_file_ref idref="fl-4c"/>
      </object_component>
      <object_component id="oc-e4">
         <name>.debug_frame</name>
         <load_address>0xa48</load_address>
         <run_address>0xa48</run_address>
         <size>0x51</size>
         <input_file_ref idref="fl-4d"/>
      </object_component>
      <object_component id="oc-4c">
         <name>.debug_line</name>
         <load_address>0x0</load_address>
         <run_address>0x0</run_address>
         <size>0x150</size>
         <input_file_ref idref="fl-2"/>
      </object_component>
      <object_component id="oc-54">
         <name>.debug_line</name>
         <load_address>0x150</load_address>
         <run_address>0x150</run_address>
         <size>0x505</size>
         <input_file_ref idref="fl-3"/>
      </object_component>
      <object_component id="oc-5a">
         <name>.debug_line</name>
         <load_address>0x655</load_address>
         <run_address>0x655</run_address>
         <size>0x33</size>
         <input_file_ref idref="fl-4"/>
      </object_component>
      <object_component id="oc-61">
         <name>.debug_line</name>
         <load_address>0x688</load_address>
         <run_address>0x688</run_address>
         <size>0x231</size>
         <input_file_ref idref="fl-5"/>
      </object_component>
      <object_component id="oc-68">
         <name>.debug_line</name>
         <load_address>0x8b9</load_address>
         <run_address>0x8b9</run_address>
         <size>0x1eb</size>
         <input_file_ref idref="fl-6"/>
      </object_component>
      <object_component id="oc-6f">
         <name>.debug_line</name>
         <load_address>0xaa4</load_address>
         <run_address>0xaa4</run_address>
         <size>0x379</size>
         <input_file_ref idref="fl-7"/>
      </object_component>
      <object_component id="oc-74">
         <name>.debug_line</name>
         <load_address>0xe1d</load_address>
         <run_address>0xe1d</run_address>
         <size>0xe6</size>
         <input_file_ref idref="fl-8"/>
      </object_component>
      <object_component id="oc-7b">
         <name>.debug_line</name>
         <load_address>0xf03</load_address>
         <run_address>0xf03</run_address>
         <size>0xd9</size>
         <input_file_ref idref="fl-9"/>
      </object_component>
      <object_component id="oc-80">
         <name>.debug_line</name>
         <load_address>0xfdc</load_address>
         <run_address>0xfdc</run_address>
         <size>0x4e</size>
         <input_file_ref idref="fl-38"/>
      </object_component>
      <object_component id="oc-87">
         <name>.debug_line</name>
         <load_address>0x102a</load_address>
         <run_address>0x102a</run_address>
         <size>0x27</size>
         <input_file_ref idref="fl-39"/>
      </object_component>
      <object_component id="oc-8c">
         <name>.debug_line</name>
         <load_address>0x1051</load_address>
         <run_address>0x1051</run_address>
         <size>0x4c</size>
         <input_file_ref idref="fl-3a"/>
      </object_component>
      <object_component id="oc-91">
         <name>.debug_line</name>
         <load_address>0x109d</load_address>
         <run_address>0x109d</run_address>
         <size>0x37</size>
         <input_file_ref idref="fl-3b"/>
      </object_component>
      <object_component id="oc-96">
         <name>.debug_line</name>
         <load_address>0x10d4</load_address>
         <run_address>0x10d4</run_address>
         <size>0x36</size>
         <input_file_ref idref="fl-3c"/>
      </object_component>
      <object_component id="oc-9b">
         <name>.debug_line</name>
         <load_address>0x110a</load_address>
         <run_address>0x110a</run_address>
         <size>0x31</size>
         <input_file_ref idref="fl-3d"/>
      </object_component>
      <object_component id="oc-9f">
         <name>.debug_line</name>
         <load_address>0x113b</load_address>
         <run_address>0x113b</run_address>
         <size>0x40</size>
         <input_file_ref idref="fl-3e"/>
      </object_component>
      <object_component id="oc-a4">
         <name>.debug_line</name>
         <load_address>0x117b</load_address>
         <run_address>0x117b</run_address>
         <size>0x3d</size>
         <input_file_ref idref="fl-3f"/>
      </object_component>
      <object_component id="oc-ab">
         <name>.debug_line</name>
         <load_address>0x11b8</load_address>
         <run_address>0x11b8</run_address>
         <size>0x3d</size>
         <input_file_ref idref="fl-41"/>
      </object_component>
      <object_component id="oc-b0">
         <name>.debug_line</name>
         <load_address>0x11f5</load_address>
         <run_address>0x11f5</run_address>
         <size>0x93</size>
         <input_file_ref idref="fl-42"/>
      </object_component>
      <object_component id="oc-b5">
         <name>.debug_line</name>
         <load_address>0x1288</load_address>
         <run_address>0x1288</run_address>
         <size>0x5a</size>
         <input_file_ref idref="fl-43"/>
      </object_component>
      <object_component id="oc-ba">
         <name>.debug_line</name>
         <load_address>0x12e2</load_address>
         <run_address>0x12e2</run_address>
         <size>0x54</size>
         <input_file_ref idref="fl-44"/>
      </object_component>
      <object_component id="oc-bf">
         <name>.debug_line</name>
         <load_address>0x1336</load_address>
         <run_address>0x1336</run_address>
         <size>0x4e</size>
         <input_file_ref idref="fl-45"/>
      </object_component>
      <object_component id="oc-c3">
         <name>.debug_line</name>
         <load_address>0x1384</load_address>
         <run_address>0x1384</run_address>
         <size>0x59</size>
         <input_file_ref idref="fl-46"/>
      </object_component>
      <object_component id="oc-c7">
         <name>.debug_line</name>
         <load_address>0x13dd</load_address>
         <run_address>0x13dd</run_address>
         <size>0x68</size>
         <input_file_ref idref="fl-47"/>
      </object_component>
      <object_component id="oc-cc">
         <name>.debug_line</name>
         <load_address>0x1445</load_address>
         <run_address>0x1445</run_address>
         <size>0x45</size>
         <input_file_ref idref="fl-48"/>
      </object_component>
      <object_component id="oc-d1">
         <name>.debug_line</name>
         <load_address>0x148a</load_address>
         <run_address>0x148a</run_address>
         <size>0x2b</size>
         <input_file_ref idref="fl-49"/>
      </object_component>
      <object_component id="oc-d6">
         <name>.debug_line</name>
         <load_address>0x14b5</load_address>
         <run_address>0x14b5</run_address>
         <size>0x3e</size>
         <input_file_ref idref="fl-4a"/>
      </object_component>
      <object_component id="oc-db">
         <name>.debug_line</name>
         <load_address>0x14f3</load_address>
         <run_address>0x14f3</run_address>
         <size>0x28</size>
         <input_file_ref idref="fl-4b"/>
      </object_component>
      <object_component id="oc-e0">
         <name>.debug_line</name>
         <load_address>0x151b</load_address>
         <run_address>0x151b</run_address>
         <size>0x2c</size>
         <input_file_ref idref="fl-4c"/>
      </object_component>
      <object_component id="oc-e5">
         <name>.debug_line</name>
         <load_address>0x1547</load_address>
         <run_address>0x1547</run_address>
         <size>0x78</size>
         <input_file_ref idref="fl-4d"/>
      </object_component>
      <object_component id="oc-4d">
         <name>.debug_abbrev</name>
         <load_address>0x0</load_address>
         <run_address>0x0</run_address>
         <size>0x190</size>
         <input_file_ref idref="fl-2"/>
      </object_component>
      <object_component id="oc-55">
         <name>.debug_abbrev</name>
         <load_address>0x190</load_address>
         <run_address>0x190</run_address>
         <size>0x163</size>
         <input_file_ref idref="fl-3"/>
      </object_component>
      <object_component id="oc-5b">
         <name>.debug_abbrev</name>
         <load_address>0x2f3</load_address>
         <run_address>0x2f3</run_address>
         <size>0x17c</size>
         <input_file_ref idref="fl-4"/>
      </object_component>
      <object_component id="oc-62">
         <name>.debug_abbrev</name>
         <load_address>0x46f</load_address>
         <run_address>0x46f</run_address>
         <size>0x13c</size>
         <input_file_ref idref="fl-5"/>
      </object_component>
      <object_component id="oc-69">
         <name>.debug_abbrev</name>
         <load_address>0x5ab</load_address>
         <run_address>0x5ab</run_address>
         <size>0x111</size>
         <input_file_ref idref="fl-6"/>
      </object_component>
      <object_component id="oc-70">
         <name>.debug_abbrev</name>
         <load_address>0x6bc</load_address>
         <run_address>0x6bc</run_address>
         <size>0x19f</size>
         <input_file_ref idref="fl-7"/>
      </object_component>
      <object_component id="oc-75">
         <name>.debug_abbrev</name>
         <load_address>0x85b</load_address>
         <run_address>0x85b</run_address>
         <size>0x10d</size>
         <input_file_ref idref="fl-8"/>
      </object_component>
      <object_component id="oc-7c">
         <name>.debug_abbrev</name>
         <load_address>0x968</load_address>
         <run_address>0x968</run_address>
         <size>0xf1</size>
         <input_file_ref idref="fl-9"/>
      </object_component>
      <object_component id="oc-81">
         <name>.debug_abbrev</name>
         <load_address>0xa59</load_address>
         <run_address>0xa59</run_address>
         <size>0x38</size>
         <input_file_ref idref="fl-38"/>
      </object_component>
      <object_component id="oc-88">
         <name>.debug_abbrev</name>
         <load_address>0xa91</load_address>
         <run_address>0xa91</run_address>
         <size>0xb0</size>
         <input_file_ref idref="fl-39"/>
      </object_component>
      <object_component id="oc-8d">
         <name>.debug_abbrev</name>
         <load_address>0xb41</load_address>
         <run_address>0xb41</run_address>
         <size>0xb2</size>
         <input_file_ref idref="fl-3a"/>
      </object_component>
      <object_component id="oc-92">
         <name>.debug_abbrev</name>
         <load_address>0xbf3</load_address>
         <run_address>0xbf3</run_address>
         <size>0xbb</size>
         <input_file_ref idref="fl-3b"/>
      </object_component>
      <object_component id="oc-97">
         <name>.debug_abbrev</name>
         <load_address>0xcae</load_address>
         <run_address>0xcae</run_address>
         <size>0xd6</size>
         <input_file_ref idref="fl-3c"/>
      </object_component>
      <object_component id="oc-9c">
         <name>.debug_abbrev</name>
         <load_address>0xd84</load_address>
         <run_address>0xd84</run_address>
         <size>0x9d</size>
         <input_file_ref idref="fl-3d"/>
      </object_component>
      <object_component id="oc-a0">
         <name>.debug_abbrev</name>
         <load_address>0xe21</load_address>
         <run_address>0xe21</run_address>
         <size>0x36</size>
         <input_file_ref idref="fl-3e"/>
      </object_component>
      <object_component id="oc-a5">
         <name>.debug_abbrev</name>
         <load_address>0xe57</load_address>
         <run_address>0xe57</run_address>
         <size>0xfe</size>
         <input_file_ref idref="fl-3f"/>
      </object_component>
      <object_component id="oc-a8">
         <name>.debug_abbrev</name>
         <load_address>0xf55</load_address>
         <run_address>0xf55</run_address>
         <size>0x53</size>
         <input_file_ref idref="fl-40"/>
      </object_component>
      <object_component id="oc-ac">
         <name>.debug_abbrev</name>
         <load_address>0xfa8</load_address>
         <run_address>0xfa8</run_address>
         <size>0x7b</size>
         <input_file_ref idref="fl-41"/>
      </object_component>
      <object_component id="oc-b1">
         <name>.debug_abbrev</name>
         <load_address>0x1023</load_address>
         <run_address>0x1023</run_address>
         <size>0x38</size>
         <input_file_ref idref="fl-42"/>
      </object_component>
      <object_component id="oc-b6">
         <name>.debug_abbrev</name>
         <load_address>0x105b</load_address>
         <run_address>0x105b</run_address>
         <size>0x38</size>
         <input_file_ref idref="fl-43"/>
      </object_component>
      <object_component id="oc-bb">
         <name>.debug_abbrev</name>
         <load_address>0x1093</load_address>
         <run_address>0x1093</run_address>
         <size>0x38</size>
         <input_file_ref idref="fl-44"/>
      </object_component>
      <object_component id="oc-c0">
         <name>.debug_abbrev</name>
         <load_address>0x10cb</load_address>
         <run_address>0x10cb</run_address>
         <size>0x38</size>
         <input_file_ref idref="fl-45"/>
      </object_component>
      <object_component id="oc-c4">
         <name>.debug_abbrev</name>
         <load_address>0x1103</load_address>
         <run_address>0x1103</run_address>
         <size>0x38</size>
         <input_file_ref idref="fl-46"/>
      </object_component>
      <object_component id="oc-c8">
         <name>.debug_abbrev</name>
         <load_address>0x113b</load_address>
         <run_address>0x113b</run_address>
         <size>0x38</size>
         <input_file_ref idref="fl-47"/>
      </object_component>
      <object_component id="oc-cd">
         <name>.debug_abbrev</name>
         <load_address>0x1173</load_address>
         <run_address>0x1173</run_address>
         <size>0x9f</size>
         <input_file_ref idref="fl-48"/>
      </object_component>
      <object_component id="oc-d2">
         <name>.debug_abbrev</name>
         <load_address>0x1212</load_address>
         <run_address>0x1212</run_address>
         <size>0xa6</size>
         <input_file_ref idref="fl-49"/>
      </object_component>
      <object_component id="oc-d7">
         <name>.debug_abbrev</name>
         <load_address>0x12b8</load_address>
         <run_address>0x12b8</run_address>
         <size>0x68</size>
         <input_file_ref idref="fl-4a"/>
      </object_component>
      <object_component id="oc-dc">
         <name>.debug_abbrev</name>
         <load_address>0x1320</load_address>
         <run_address>0x1320</run_address>
         <size>0xa9</size>
         <input_file_ref idref="fl-4b"/>
      </object_component>
      <object_component id="oc-e1">
         <name>.debug_abbrev</name>
         <load_address>0x13c9</load_address>
         <run_address>0x13c9</run_address>
         <size>0xec</size>
         <input_file_ref idref="fl-4c"/>
      </object_component>
      <object_component id="oc-e6">
         <name>.debug_abbrev</name>
         <load_address>0x14b5</load_address>
         <run_address>0x14b5</run_address>
         <size>0xec</size>
         <input_file_ref idref="fl-4d"/>
      </object_component>
      <object_component id="oc-166">
         <name>.debug_abbrev</name>
         <load_address>0x15a1</load_address>
         <run_address>0x15a1</run_address>
         <size>0xf</size>
      </object_component>
      <object_component id="oc-4e">
         <name>.debug_aranges</name>
         <load_address>0x0</load_address>
         <run_address>0x0</run_address>
         <size>0x70</size>
         <input_file_ref idref="fl-2"/>
      </object_component>
      <object_component id="oc-56">
         <name>.debug_aranges</name>
         <load_address>0x70</load_address>
         <run_address>0x70</run_address>
         <size>0x58</size>
         <input_file_ref idref="fl-3"/>
      </object_component>
      <object_component id="oc-5c">
         <name>.debug_aranges</name>
         <load_address>0xc8</load_address>
         <run_address>0xc8</run_address>
         <size>0x18</size>
         <input_file_ref idref="fl-4"/>
      </object_component>
      <object_component id="oc-63">
         <name>.debug_aranges</name>
         <load_address>0xe0</load_address>
         <run_address>0xe0</run_address>
         <size>0x28</size>
         <input_file_ref idref="fl-5"/>
      </object_component>
      <object_component id="oc-6a">
         <name>.debug_aranges</name>
         <load_address>0x108</load_address>
         <run_address>0x108</run_address>
         <size>0x58</size>
         <input_file_ref idref="fl-6"/>
      </object_component>
      <object_component id="oc-71">
         <name>.debug_aranges</name>
         <load_address>0x160</load_address>
         <run_address>0x160</run_address>
         <size>0xc0</size>
         <input_file_ref idref="fl-7"/>
      </object_component>
      <object_component id="oc-76">
         <name>.debug_aranges</name>
         <load_address>0x220</load_address>
         <run_address>0x220</run_address>
         <size>0x38</size>
         <input_file_ref idref="fl-8"/>
      </object_component>
      <object_component id="oc-7d">
         <name>.debug_aranges</name>
         <load_address>0x258</load_address>
         <run_address>0x258</run_address>
         <size>0x40</size>
         <input_file_ref idref="fl-9"/>
      </object_component>
      <object_component id="oc-82">
         <name>.debug_aranges</name>
         <load_address>0x298</load_address>
         <run_address>0x298</run_address>
         <size>0x20</size>
         <input_file_ref idref="fl-38"/>
      </object_component>
      <object_component id="oc-89">
         <name>.debug_aranges</name>
         <load_address>0x2b8</load_address>
         <run_address>0x2b8</run_address>
         <size>0x18</size>
         <input_file_ref idref="fl-39"/>
      </object_component>
      <object_component id="oc-8e">
         <name>.debug_aranges</name>
         <load_address>0x2d0</load_address>
         <run_address>0x2d0</run_address>
         <size>0x20</size>
         <input_file_ref idref="fl-3a"/>
      </object_component>
      <object_component id="oc-93">
         <name>.debug_aranges</name>
         <load_address>0x2f0</load_address>
         <run_address>0x2f0</run_address>
         <size>0x18</size>
         <input_file_ref idref="fl-3b"/>
      </object_component>
      <object_component id="oc-98">
         <name>.debug_aranges</name>
         <load_address>0x308</load_address>
         <run_address>0x308</run_address>
         <size>0x18</size>
         <input_file_ref idref="fl-3c"/>
      </object_component>
      <object_component id="oc-9d">
         <name>.debug_aranges</name>
         <load_address>0x320</load_address>
         <run_address>0x320</run_address>
         <size>0x18</size>
         <input_file_ref idref="fl-3d"/>
      </object_component>
      <object_component id="oc-a1">
         <name>.debug_aranges</name>
         <load_address>0x338</load_address>
         <run_address>0x338</run_address>
         <size>0x20</size>
         <input_file_ref idref="fl-3e"/>
      </object_component>
      <object_component id="oc-a6">
         <name>.debug_aranges</name>
         <load_address>0x358</load_address>
         <run_address>0x358</run_address>
         <size>0x20</size>
         <input_file_ref idref="fl-3f"/>
      </object_component>
      <object_component id="oc-ad">
         <name>.debug_aranges</name>
         <load_address>0x378</load_address>
         <run_address>0x378</run_address>
         <size>0x20</size>
         <input_file_ref idref="fl-41"/>
      </object_component>
      <object_component id="oc-b2">
         <name>.debug_aranges</name>
         <load_address>0x398</load_address>
         <run_address>0x398</run_address>
         <size>0x20</size>
         <input_file_ref idref="fl-42"/>
      </object_component>
      <object_component id="oc-b7">
         <name>.debug_aranges</name>
         <load_address>0x3b8</load_address>
         <run_address>0x3b8</run_address>
         <size>0x20</size>
         <input_file_ref idref="fl-43"/>
      </object_component>
      <object_component id="oc-bc">
         <name>.debug_aranges</name>
         <load_address>0x3d8</load_address>
         <run_address>0x3d8</run_address>
         <size>0x20</size>
         <input_file_ref idref="fl-44"/>
      </object_component>
      <object_component id="oc-c1">
         <name>.debug_aranges</name>
         <load_address>0x3f8</load_address>
         <run_address>0x3f8</run_address>
         <size>0x20</size>
         <input_file_ref idref="fl-45"/>
      </object_component>
      <object_component id="oc-c5">
         <name>.debug_aranges</name>
         <load_address>0x418</load_address>
         <run_address>0x418</run_address>
         <size>0x20</size>
         <input_file_ref idref="fl-46"/>
      </object_component>
      <object_component id="oc-c9">
         <name>.debug_aranges</name>
         <load_address>0x438</load_address>
         <run_address>0x438</run_address>
         <size>0x20</size>
         <input_file_ref idref="fl-47"/>
      </object_component>
      <object_component id="oc-ce">
         <name>.debug_aranges</name>
         <load_address>0x458</load_address>
         <run_address>0x458</run_address>
         <size>0x20</size>
         <input_file_ref idref="fl-48"/>
      </object_component>
      <object_component id="oc-d3">
         <name>.debug_aranges</name>
         <load_address>0x478</load_address>
         <run_address>0x478</run_address>
         <size>0x18</size>
         <input_file_ref idref="fl-49"/>
      </object_component>
      <object_component id="oc-d8">
         <name>.debug_aranges</name>
         <load_address>0x490</load_address>
         <run_address>0x490</run_address>
         <size>0x20</size>
         <input_file_ref idref="fl-4a"/>
      </object_component>
      <object_component id="oc-dd">
         <name>.debug_aranges</name>
         <load_address>0x4b0</load_address>
         <run_address>0x4b0</run_address>
         <size>0x18</size>
         <input_file_ref idref="fl-4b"/>
      </object_component>
      <object_component id="oc-e2">
         <name>.debug_aranges</name>
         <load_address>0x4c8</load_address>
         <run_address>0x4c8</run_address>
         <size>0x18</size>
         <input_file_ref idref="fl-4c"/>
      </object_component>
      <object_component id="oc-e7">
         <name>.debug_aranges</name>
         <load_address>0x4e0</load_address>
         <run_address>0x4e0</run_address>
         <size>0x20</size>
         <input_file_ref idref="fl-4d"/>
      </object_component>
   </object_component_list>
   <logical_group_list>
      <logical_group id="lg-2" display="no" color="cyan">
         <name>.bss</name>
         <run_address>0x200</run_address>
         <size>0x85</size>
         <contents>
            <object_component_ref idref="oc-48"/>
            <object_component_ref idref="oc-4f"/>
            <object_component_ref idref="oc-5d"/>
            <object_component_ref idref="oc-64"/>
            <object_component_ref idref="oc-6b"/>
            <object_component_ref idref="oc-77"/>
         </contents>
      </logical_group>
      <logical_group id="lg-3" display="no" color="cyan">
         <name>.data</name>
         <run_address>0x200</run_address>
         <size>0x0</size>
         <contents>
         </contents>
      </logical_group>
      <logical_group id="lg-4" display="no" color="cyan">
         <name>.sysmem</name>
         <run_address>0x0</run_address>
         <size>0x0</size>
         <contents>
         </contents>
      </logical_group>
      <logical_group id="lg-5" display="no" color="cyan">
         <name>.stack</name>
         <run_address>0x304</run_address>
         <size>0xfa</size>
         <contents>
            <object_component_ref idref="oc-84"/>
            <object_component_ref idref="oc-164"/>
         </contents>
      </logical_group>
      <logical_group id="lg-6" display="no" color="cyan">
         <name>.text</name>
         <load_address>0xc000</load_address>
         <run_address>0xc000</run_address>
         <size>0x1908</size>
         <contents>
            <object_component_ref idref="oc-12e"/>
            <object_component_ref idref="oc-11d"/>
            <object_component_ref idref="oc-100"/>
            <object_component_ref idref="oc-11c"/>
            <object_component_ref idref="oc-134"/>
            <object_component_ref idref="oc-ae"/>
            <object_component_ref idref="oc-133"/>
            <object_component_ref idref="oc-fb"/>
            <object_component_ref idref="oc-111"/>
            <object_component_ref idref="oc-120"/>
            <object_component_ref idref="oc-10c"/>
            <object_component_ref idref="oc-122"/>
            <object_component_ref idref="oc-136"/>
            <object_component_ref idref="oc-eb"/>
            <object_component_ref idref="oc-11f"/>
            <object_component_ref idref="oc-12f"/>
            <object_component_ref idref="oc-124"/>
            <object_component_ref idref="oc-109"/>
            <object_component_ref idref="oc-12d"/>
            <object_component_ref idref="oc-130"/>
            <object_component_ref idref="oc-f7"/>
            <object_component_ref idref="oc-b3"/>
            <object_component_ref idref="oc-f0"/>
            <object_component_ref idref="oc-128"/>
            <object_component_ref idref="oc-121"/>
            <object_component_ref idref="oc-125"/>
            <object_component_ref idref="oc-10f"/>
            <object_component_ref idref="oc-11a"/>
            <object_component_ref idref="oc-10e"/>
            <object_component_ref idref="oc-b8"/>
            <object_component_ref idref="oc-10b"/>
            <object_component_ref idref="oc-7e"/>
            <object_component_ref idref="oc-bd"/>
            <object_component_ref idref="oc-12b"/>
            <object_component_ref idref="oc-131"/>
            <object_component_ref idref="oc-110"/>
            <object_component_ref idref="oc-11e"/>
            <object_component_ref idref="oc-117"/>
            <object_component_ref idref="oc-ff"/>
            <object_component_ref idref="oc-135"/>
            <object_component_ref idref="oc-115"/>
            <object_component_ref idref="oc-42"/>
            <object_component_ref idref="oc-12c"/>
            <object_component_ref idref="oc-11b"/>
            <object_component_ref idref="oc-112"/>
            <object_component_ref idref="oc-123"/>
            <object_component_ref idref="oc-119"/>
            <object_component_ref idref="oc-132"/>
            <object_component_ref idref="oc-127"/>
            <object_component_ref idref="oc-fe"/>
            <object_component_ref idref="oc-e8"/>
            <object_component_ref idref="oc-113"/>
            <object_component_ref idref="oc-129"/>
            <object_component_ref idref="oc-114"/>
            <object_component_ref idref="oc-12a"/>
            <object_component_ref idref="oc-fd"/>
            <object_component_ref idref="oc-126"/>
            <object_component_ref idref="oc-118"/>
            <object_component_ref idref="oc-f1"/>
            <object_component_ref idref="oc-10a"/>
            <object_component_ref idref="oc-10d"/>
            <object_component_ref idref="oc-137"/>
            <object_component_ref idref="oc-f6"/>
            <object_component_ref idref="oc-fc"/>
            <object_component_ref idref="oc-ec"/>
            <object_component_ref idref="oc-f2"/>
            <object_component_ref idref="oc-f5"/>
            <object_component_ref idref="oc-ea"/>
            <object_component_ref idref="oc-ef"/>
            <object_component_ref idref="oc-f4"/>
            <object_component_ref idref="oc-f3"/>
            <object_component_ref idref="oc-ee"/>
            <object_component_ref idref="oc-ed"/>
         </contents>
      </logical_group>
      <logical_group id="lg-7" display="no" color="cyan">
         <name>.cinit</name>
         <load_address>0xd908</load_address>
         <run_address>0xd908</run_address>
         <size>0x5c</size>
         <contents>
            <object_component_ref idref="oc-4a"/>
            <object_component_ref idref="oc-51"/>
            <object_component_ref idref="oc-5f"/>
            <object_component_ref idref="oc-79"/>
            <object_component_ref idref="oc-66"/>
            <object_component_ref idref="oc-6d"/>
         </contents>
      </logical_group>
      <logical_group id="lg-8" display="no" color="cyan">
         <name>.const</name>
         <load_address>0xd964</load_address>
         <run_address>0xd964</run_address>
         <size>0x1c</size>
         <contents>
            <object_component_ref idref="oc-58"/>
            <object_component_ref idref="oc-52"/>
         </contents>
      </logical_group>
      <logical_group id="lg-9" display="no" color="cyan">
         <name>.cio</name>
         <run_address>0x0</run_address>
         <size>0x0</size>
         <contents>
         </contents>
      </logical_group>
      <logical_group id="lg-a" display="no" color="cyan">
         <name>.pinit</name>
         <run_address>0x0</run_address>
         <size>0x0</size>
         <contents>
         </contents>
      </logical_group>
      <logical_group id="lg-b" display="no" color="cyan">
         <name>.init_array</name>
         <run_address>0x0</run_address>
         <size>0x0</size>
         <contents>
         </contents>
      </logical_group>
      <logical_group id="lg-c" display="no" color="cyan">
         <name>.mspabi.exidx</name>
         <run_address>0x0</run_address>
         <size>0x0</size>
         <contents>
         </contents>
      </logical_group>
      <logical_group id="lg-d" display="no" color="cyan">
         <name>.mspabi.extab</name>
         <run_address>0x0</run_address>
         <size>0x0</size>
         <contents>
         </contents>
      </logical_group>
      <logical_group id="lg-e" display="no" color="cyan">
         <name>.infoA</name>
         <run_address>0x0</run_address>
         <size>0x0</size>
         <contents>
         </contents>
      </logical_group>
      <logical_group id="lg-f" display="no" color="cyan">
         <name>.infoB</name>
         <run_address>0x0</run_address>
         <size>0x0</size>
         <contents>
         </contents>
      </logical_group>
      <logical_group id="lg-10" display="no" color="cyan">
         <name>.infoC</name>
         <run_address>0x0</run_address>
         <size>0x0</size>
         <contents>
         </contents>
      </logical_group>
      <logical_group id="lg-11" display="no" color="cyan">
         <name>.infoD</name>
         <run_address>0x0</run_address>
         <size>0x0</size>
         <contents>
         </contents>
      </logical_group>
      <logical_group id="lg-12" display="no" color="cyan">
         <name>.int00</name>
         <run_address>0x0</run_address>
         <size>0x0</size>
         <contents>
         </contents>
      </logical_group>
      <logical_group id="lg-13" display="no" color="cyan">
         <name>.int01</name>
         <run_address>0x0</run_address>
         <size>0x0</size>
         <contents>
         </contents>
      </logical_group>
      <logical_group id="lg-14" display="no" color="cyan">
         <name>PORT1</name>
         <load_address>0xffe4</load_address>
         <run_address>0xffe4</run_address>
         <size>0x2</size>
         <contents>
            <object_component_ref idref="oc-31"/>
         </contents>
      </logical_group>
      <logical_group id="lg-16" display="no" color="cyan">
         <name>PORT2</name>
         <load_address>0xffe6</load_address>
         <run_address>0xffe6</run_address>
         <size>0x2</size>
         <contents>
            <object_component_ref idref="oc-32"/>
         </contents>
      </logical_group>
      <logical_group id="lg-18" display="no" color="cyan">
         <name>.int04</name>
         <run_address>0x0</run_address>
         <size>0x0</size>
         <contents>
         </contents>
      </logical_group>
      <logical_group id="lg-19" display="no" color="cyan">
         <name>ADC10</name>
         <load_address>0xffea</load_address>
         <run_address>0xffea</run_address>
         <size>0x2</size>
         <contents>
            <object_component_ref idref="oc-33"/>
         </contents>
      </logical_group>
      <logical_group id="lg-1b" display="no" color="cyan">
         <name>USCIAB0TX</name>
         <load_address>0xffec</load_address>
         <run_address>0xffec</run_address>
         <size>0x2</size>
         <contents>
            <object_component_ref idref="oc-34"/>
         </contents>
      </logical_group>
      <logical_group id="lg-1d" display="no" color="cyan">
         <name>USCIAB0RX</name>
         <load_address>0xffee</load_address>
         <run_address>0xffee</run_address>
         <size>0x2</size>
         <contents>
            <object_component_ref idref="oc-35"/>
         </contents>
      </logical_group>
      <logical_group id="lg-1f" display="no" color="cyan">
         <name>TIMER0_A1</name>
         <load_address>0xfff0</load_address>
         <run_address>0xfff0</run_address>
         <size>0x2</size>
         <contents>
            <object_component_ref idref="oc-36"/>
         </contents>
      </logical_group>
      <logical_group id="lg-21" display="no" color="cyan">
         <name>TIMER0_A0</name>
         <load_address>0xfff2</load_address>
         <run_address>0xfff2</run_address>
         <size>0x2</size>
         <contents>
            <object_component_ref idref="oc-37"/>
         </contents>
      </logical_group>
      <logical_group id="lg-23" display="no" color="cyan">
         <name>WDT</name>
         <load_address>0xfff4</load_address>
         <run_address>0xfff4</run_address>
         <size>0x2</size>
         <contents>
            <object_component_ref idref="oc-38"/>
         </contents>
      </logical_group>
      <logical_group id="lg-25" display="no" color="cyan">
         <name>COMPARATORA</name>
         <load_address>0xfff6</load_address>
         <run_address>0xfff6</run_address>
         <size>0x2</size>
         <contents>
            <object_component_ref idref="oc-39"/>
         </contents>
      </logical_group>
[...]
         <value>0xd53a</value>
         <object_component_ref idref="oc-10f"/>
      </symbol>
      <symbol id="sm-1da">
         <name>flags</name>
         <value>0x282</value>
         <object_component_ref idref="oc-5d"/>
      </symbol>
      <symbol id="sm-1db">
         <name>Iso15693Anticollision</name>
         <value>0xc4f4</value>
         <object_component_ref idref="oc-11d"/>
      </symbol>
      <symbol id="sm-215">
         <name>temp</name>
         <value>0x27d</value>
         <object_component_ref idref="oc-64"/>
      </symbol>
      <symbol id="sm-216">
         <name>SpiReadCont</name>
         <value>0xcf5c</value>
         <object_component_ref idref="oc-120"/>
      </symbol>
      <symbol id="sm-217">
         <name>SpiSetup</name>
         <value>0xd71e</value>
         <object_component_ref idref="oc-117"/>
      </symbol>
      <symbol id="sm-218">
         <name>SpiRawWrite</name>
         <value>0xd35e</value>
         <object_component_ref idref="oc-130"/>
      </symbol>
      <symbol id="sm-219">
         <name>SpiReadSingle</name>
         <value>0xced6</value>
         <object_component_ref idref="oc-111"/>
      </symbol>
      <symbol id="sm-21a">
         <name>SpiUsciSet</name>
         <value>0xd56c</value>
         <object_component_ref idref="oc-11a"/>
      </symbol>
      <symbol id="sm-21b">
         <name>SpiWriteCont</name>
         <value>0xd200</value>
         <object_component_ref idref="oc-12f"/>
      </symbol>
      <symbol id="sm-21c">
         <name>SpiDirectCommand</name>
         <value>0xd4bc</value>
         <object_component_ref idref="oc-121"/>
      </symbol>
      <symbol id="sm-21d">
         <name>SpiWriteSingle</name>
         <value>0xd050</value>
         <object_component_ref idref="oc-122"/>
      </symbol>
      <symbol id="sm-26f">
         <name>command</name>
         <value>0x27e</value>
         <object_component_ref idref="oc-6b"/>
      </symbol>
      <symbol id="sm-270">
         <name>Trf7970Reset</name>
         <value>0xd868</value>
         <object_component_ref idref="oc-113"/>
      </symbol>
      <symbol id="sm-271">
         <name>Trf7970DirectCommand</name>
         <value>0xd8c6</value>
         <object_component_ref idref="oc-118"/>
      </symbol>
      <symbol id="sm-272">
         <name>__TI_int03</name>
         <value>0xffe6</value>
         <object_component_ref idref="oc-32"/>
      </symbol>
      <symbol id="sm-273">
         <name>Trf7970InitialSettings</name>
         <value>0xd602</value>
         <object_component_ref idref="oc-10b"/>
      </symbol>
      <symbol id="sm-274">
         <name>Trf7970RawWrite</name>
         <value>0xd832</value>
         <object_component_ref idref="oc-127"/>
      </symbol>
      <symbol id="sm-275">
         <name>Trf7970ReadCont</name>
         <value>0xd7e2</value>
         <object_component_ref idref="oc-112"/>
      </symbol>
      <symbol id="sm-276">
         <name>Trf7970TurnRfOn</name>
         <value>0xd7ca</value>
         <object_component_ref idref="oc-11b"/>
      </symbol>
      <symbol id="sm-277">
         <name>Trf7970ISR</name>
         <value>0xc898</value>
         <object_component_ref idref="oc-100"/>
      </symbol>
      <symbol id="sm-278">
         <name>Trf7970PortB</name>
         <value>0xd132</value>
         <object_component_ref idref="oc-eb"/>
      </symbol>
      <symbol id="sm-279">
         <name>Trf7970TransmitNextSlot</name>
         <value>0xd898</value>
         <object_component_ref idref="oc-12a"/>
      </symbol>
      <symbol id="sm-27a">
         <name>Trf7970ReadSingle</name>
         <value>0xd844</value>
         <object_component_ref idref="oc-fe"/>
      </symbol>
      <symbol id="sm-27b">
         <name>Trf7970WriteCont</name>
         <value>0xd7f6</value>
         <object_component_ref idref="oc-123"/>
      </symbol>
      <symbol id="sm-27c">
         <name>Trf7970TurnRfOff</name>
         <value>0xd6fa</value>
         <object_component_ref idref="oc-11e"/>
      </symbol>
      <symbol id="sm-27d">
         <name>direct_mode</name>
         <value>0x280</value>
         <object_component_ref idref="oc-6b"/>
      </symbol>
      <symbol id="sm-27e">
         <name>Trf7970WriteSingle</name>
         <value>0xd80a</value>
         <object_component_ref idref="oc-119"/>
      </symbol>
      <symbol id="sm-27f">
         <name>Trf7970ResetIrqStatus</name>
         <value>0xd77e</value>
         <object_component_ref idref="oc-115"/>
      </symbol>
      <symbol id="sm-280">
         <name>Trf7970DisableSlotCounter</name>
         <value>0xd68a</value>
         <object_component_ref idref="oc-12b"/>
      </symbol>
      <symbol id="sm-281">
         <name>Trf7970WriteIsoControl</name>
         <value>0xcac4</value>
         <object_component_ref idref="oc-11c"/>
      </symbol>
      <symbol id="sm-282">
         <name>Trf7970ReConfig</name>
         <value>0xd8e2</value>
         <object_component_ref idref="oc-10d"/>
      </symbol>
      <symbol id="sm-283">
         <name>Trf7970StopDecoders</name>
         <value>0xd888</value>
         <object_component_ref idref="oc-114"/>
      </symbol>
      <symbol id="sm-284">
         <name>Trf7970RunDecoders</name>
         <value>0xd878</value>
         <object_component_ref idref="oc-129"/>
      </symbol>
      <symbol id="sm-285">
         <name>Trf7970CommunicationSetup</name>
         <value>0xd8dc</value>
         <object_component_ref idref="oc-10a"/>
      </symbol>
      <symbol id="sm-286">
         <name>Trf7970ReadIrqStatus</name>
         <value>0xd740</value>
         <object_component_ref idref="oc-ff"/>
      </symbol>
      <symbol id="sm-2a6">
         <name>__TI_int09</name>
         <value>0xfff2</value>
         <object_component_ref idref="oc-37"/>
      </symbol>
      <symbol id="sm-2a7">
         <name>timerHandler</name>
         <value>0xd434</value>
         <object_component_ref idref="oc-f0"/>
      </symbol>
      <symbol id="sm-2a8">
         <name>McuDelayMillisecond</name>
         <value>0xd2ba</value>
         <object_component_ref idref="oc-109"/>
      </symbol>
      <symbol id="sm-2a9">
         <name>McuCounterSet</name>
         <value>0xd8b8</value>
         <object_component_ref idref="oc-126"/>
      </symbol>
      <symbol id="sm-2aa">
         <name>McuOscSel</name>
         <value>0xcfd8</value>
         <object_component_ref idref="oc-10c"/>
      </symbol>
      <symbol id="sm-2c6">
         <name>UartSendCString</name>
         <value>0xd760</value>
         <object_component_ref idref="oc-135"/>
      </symbol>
      <symbol id="sm-2c7">
         <name>UartNibble2Ascii</name>
         <value>0xd6b0</value>
         <object_component_ref idref="oc-131"/>
      </symbol>
      <symbol id="sm-2c8">
         <name>UartSetup</name>
         <value>0xd59e</value>
         <object_component_ref idref="oc-10e"/>
      </symbol>
      <symbol id="sm-2c9">
         <name>rx_done</name>
         <value>0x284</value>
         <object_component_ref idref="oc-77"/>
      </symbol>
      <symbol id="sm-2ca">
         <name>UartPutChar</name>
         <value>0xd81e</value>
         <object_component_ref idref="oc-132"/>
      </symbol>
      <symbol id="sm-2cb">
         <name>rx_data</name>
         <value>0x283</value>
         <object_component_ref idref="oc-77"/>
      </symbol>
      <symbol id="sm-2cc">
         <name>UartPutByte</name>
         <value>0xd47a</value>
         <object_component_ref idref="oc-128"/>
      </symbol>
      <symbol id="sm-2d8">
         <name>I_ASR</name>
         <value>0xd632</value>
         <object_component_ref idref="oc-7e"/>
      </symbol>
      <symbol id="sm-2d9">
         <name>I_ASR_12</name>
         <value>0xd644</value>
         <object_component_ref idref="oc-7e"/>
      </symbol>
      <symbol id="sm-2da">
         <name>I_ASR_13</name>
         <value>0xd642</value>
         <object_component_ref idref="oc-7e"/>
      </symbol>
      <symbol id="sm-2db">
         <name>I_ASR_10</name>
         <value>0xd648</value>
         <object_component_ref idref="oc-7e"/>
      </symbol>
      <symbol id="sm-2dc">
         <name>I_ASR_11</name>
         <value>0xd646</value>
         <object_component_ref idref="oc-7e"/>
      </symbol>
      <symbol id="sm-2dd">
         <name>I_ASR_14</name>
         <value>0xd640</value>
         <object_component_ref idref="oc-7e"/>
      </symbol>
      <symbol id="sm-2de">
         <name>I_ASR_15</name>
         <value>0xd63e</value>
         <object_component_ref idref="oc-7e"/>
      </symbol>
      <symbol id="sm-2df">
         <name>I_ASR_3</name>
         <value>0xd656</value>
         <object_component_ref idref="oc-7e"/>
      </symbol>
      <symbol id="sm-2e0">
         <name>I_ASR_2</name>
         <value>0xd658</value>
         <object_component_ref idref="oc-7e"/>
      </symbol>
      <symbol id="sm-2e1">
         <name>I_ASR_1</name>
         <value>0xd65a</value>
         <object_component_ref idref="oc-7e"/>
      </symbol>
      <symbol id="sm-2e2">
         <name>I_ASR_7</name>
         <value>0xd64e</value>
         <object_component_ref idref="oc-7e"/>
      </symbol>
      <symbol id="sm-2e3">
         <name>I_ASR_6</name>
         <value>0xd650</value>
         <object_component_ref idref="oc-7e"/>
      </symbol>
      <symbol id="sm-2e4">
         <name>I_ASR_5</name>
         <value>0xd652</value>
         <object_component_ref idref="oc-7e"/>
      </symbol>
      <symbol id="sm-2e5">
         <name>I_ASR_4</name>
         <value>0xd654</value>
         <object_component_ref idref="oc-7e"/>
      </symbol>
      <symbol id="sm-2e6">
         <name>I_ASR_9</name>
         <value>0xd64a</value>
         <object_component_ref idref="oc-7e"/>
      </symbol>
      <symbol id="sm-2e7">
         <name>I_ASR_8</name>
         <value>0xd64c</value>
         <object_component_ref idref="oc-7e"/>
      </symbol>
      <symbol id="sm-2f6">
         <name>_stack</name>
         <value>0x304</value>
         <object_component_ref idref="oc-84"/>
      </symbol>
      <symbol id="sm-2f7">
         <name>_reset_vector</name>
         <value>0xfffe</value>
         <object_component_ref idref="oc-85"/>
      </symbol>
      <symbol id="sm-305">
         <name>_c_int00_noargs_noexit</name>
         <value>0xd798</value>
         <object_component_ref idref="oc-42"/>
      </symbol>
      <symbol id="sm-32d">
         <name>func_epilog_1</name>
         <value>0xd8b4</value>
         <object_component_ref idref="oc-fd"/>
      </symbol>
      <symbol id="sm-32e">
         <name>func_epilog_2</name>
         <value>0xd8b2</value>
         <object_component_ref idref="oc-fd"/>
      </symbol>
      <symbol id="sm-32f">
         <name>func_epilog_3</name>
         <value>0xd8b0</value>
         <object_component_ref idref="oc-fd"/>
      </symbol>
      <symbol id="sm-330">
         <name>func_epilog_4</name>
         <value>0xd8ae</value>
         <object_component_ref idref="oc-fd"/>
      </symbol>
      <symbol id="sm-331">
         <name>func_epilog_5</name>
         <value>0xd8ac</value>
         <object_component_ref idref="oc-fd"/>
      </symbol>
      <symbol id="sm-332">
         <name>func_epilog_6</name>
         <value>0xd8aa</value>
         <object_component_ref idref="oc-fd"/>
      </symbol>
      <symbol id="sm-333">
         <name>func_epilog_7</name>
         <value>0xd8a8</value>
         <object_component_ref idref="oc-fd"/>
      </symbol>
      <symbol id="sm-341">
         <name>C$$EXIT</name>
         <value>0xd8f2</value>
         <object_component_ref idref="oc-fc"/>
      </symbol>
      <symbol id="sm-342">
         <name>abort</name>
         <value>0xd8f2</value>
         <object_component_ref idref="oc-fc"/>
      </symbol>
      <symbol id="sm-353">
         <name>_fltud</name>
         <value>0xd8e8</value>
         <object_component_ref idref="oc-137"/>
      </symbol>
      <symbol id="sm-37d">
         <name>__fs_mpy</name>
         <value>0xccde</value>
         <object_component_ref idref="oc-ae"/>
      </symbol>
      <symbol id="sm-396">
         <name>__fs_tou</name>
         <value>0xd3ee</value>
         <object_component_ref idref="oc-b3"/>
      </symbol>
      <symbol id="sm-3ab">
         <name>__fs_ultof</name>
         <value>0xd5d0</value>
         <object_component_ref idref="oc-b8"/>
      </symbol>
      <symbol id="sm-3b7">
         <name>I_LSL</name>
         <value>0xd65e</value>
         <object_component_ref idref="oc-bd"/>
      </symbol>
      <symbol id="sm-3b8">
         <name>I_LSL_3</name>
         <value>0xd682</value>
         <object_component_ref idref="oc-bd"/>
      </symbol>
      <symbol id="sm-3b9">
         <name>I_LSL_2</name>
         <value>0xd684</value>
         <object_component_ref idref="oc-bd"/>
      </symbol>
      <symbol id="sm-3ba">
         <name>I_LSL_1</name>
         <value>0xd686</value>
         <object_component_ref idref="oc-bd"/>
      </symbol>
      <symbol id="sm-3bb">
         <name>I_LSL_7</name>
         <value>0xd67a</value>
         <object_component_ref idref="oc-bd"/>
      </symbol>
      <symbol id="sm-3bc">
         <name>I_LSL_6</name>
         <value>0xd67c</value>
         <object_component_ref idref="oc-bd"/>
      </symbol>
      <symbol id="sm-3bd">
         <name>I_LSL_5</name>
         <value>0xd67e</value>
         <object_component_ref idref="oc-bd"/>
      </symbol>
      <symbol id="sm-3be">
         <name>I_LSL_4</name>
         <value>0xd680</value>
         <object_component_ref idref="oc-bd"/>
      </symbol>
      <symbol id="sm-3bf">
         <name>I_LSL_9</name>
         <value>0xd676</value>
         <object_component_ref idref="oc-bd"/>
      </symbol>
      <symbol id="sm-3c0">
         <name>I_LSL_8</name>
         <value>0xd678</value>
         <object_component_ref idref="oc-bd"/>
      </symbol>
      <symbol id="sm-3c1">
         <name>I_LSL_12</name>
         <value>0xd670</value>
         <object_component_ref idref="oc-bd"/>
      </symbol>
      <symbol id="sm-3c2">
         <name>I_LSL_13</name>
         <value>0xd66e</value>
         <object_component_ref idref="oc-bd"/>
      </symbol>
      <symbol id="sm-3c3">
         <name>I_LSL_10</name>
         <value>0xd674</value>
         <object_component_ref idref="oc-bd"/>
      </symbol>
      <symbol id="sm-3c4">
         <name>I_LSL_11</name>
         <value>0xd672</value>
         <object_component_ref idref="oc-bd"/>
      </symbol>
      <symbol id="sm-3c5">
         <name>I_LSL_14</name>
         <value>0xd66c</value>
         <object_component_ref idref="oc-bd"/>
      </symbol>
      <symbol id="sm-3c6">
         <name>I_LSL_15</name>
         <value>0xd66a</value>
         <object_component_ref idref="oc-bd"/>
      </symbol>
      <symbol id="sm-3d2">
         <name>L_LSL_3</name>
         <value>0xd52c</value>
         <object_component_ref idref="oc-125"/>
      </symbol>
      <symbol id="sm-3d3">
         <name>L_LSL_2</name>
         <value>0xd530</value>
         <object_component_ref idref="oc-125"/>
      </symbol>
      <symbol id="sm-3d4">
         <name>L_LSL_1</name>
         <value>0xd534</value>
         <object_component_ref idref="oc-125"/>
      </symbol>
      <symbol id="sm-3d5">
         <name>L_LSL_7</name>
         <value>0xd51c</value>
         <object_component_ref idref="oc-125"/>
      </symbol>
      <symbol id="sm-3d6">
         <name>L_LSL_6</name>
         <value>0xd520</value>
         <object_component_ref idref="oc-125"/>
      </symbol>
      <symbol id="sm-3d7">
         <name>L_LSL_5</name>
         <value>0xd524</value>
         <object_component_ref idref="oc-125"/>
      </symbol>
      <symbol id="sm-3d8">
         <name>L_LSL_4</name>
         <value>0xd528</value>
         <object_component_ref idref="oc-125"/>
      </symbol>
      <symbol id="sm-3d9">
         <name>L_LSL_9</name>
         <value>0xd514</value>
         <object_component_ref idref="oc-125"/>
      </symbol>
      <symbol id="sm-3da">
         <name>L_LSL_8</name>
         <value>0xd518</value>
         <object_component_ref idref="oc-125"/>
      </symbol>
      <symbol id="sm-3db">
         <name>L_LSL_12</name>
         <value>0xd508</value>
         <object_component_ref idref="oc-125"/>
      </symbol>
      <symbol id="sm-3dc">
         <name>L_LSL_13</name>
         <value>0xd504</value>
         <object_component_ref idref="oc-125"/>
      </symbol>
      <symbol id="sm-3dd">
         <name>L_LSL_10</name>
         <value>0xd510</value>
         <object_component_ref idref="oc-125"/>
      </symbol>
      <symbol id="sm-3de">
         <name>L_LSL_11</name>
         <value>0xd50c</value>
         <object_component_ref idref="oc-125"/>
      </symbol>
      <symbol id="sm-3df">
         <name>L_LSL_14</name>
         <value>0xd500</value>
         <object_component_ref idref="oc-125"/>
      </symbol>
      <symbol id="sm-3e0">
         <name>L_LSL_15</name>
         <value>0xd4fc</value>
         <object_component_ref idref="oc-125"/>
      </symbol>
      <symbol id="sm-3ec">
         <name>L_LSR_12</name>
         <value>0xd270</value>
         <object_component_ref idref="oc-124"/>
      </symbol>
      <symbol id="sm-3ed">
         <name>L_LSR_13</name>
         <value>0xd26a</value>
         <object_component_ref idref="oc-124"/>
      </symbol>
      <symbol id="sm-3ee">
         <name>L_LSR_10</name>
         <value>0xd27c</value>
         <object_component_ref idref="oc-124"/>
      </symbol>
      <symbol id="sm-3ef">
         <name>L_LSR_11</name>
         <value>0xd276</value>
         <object_component_ref idref="oc-124"/>
      </symbol>
      <symbol id="sm-3f0">
         <name>L_LSR_14</name>
         <value>0xd264</value>
         <object_component_ref idref="oc-124"/>
      </symbol>
      <symbol id="sm-3f1">
         <name>L_LSR_15</name>
         <value>0xd25e</value>
         <object_component_ref idref="oc-124"/>
      </symbol>
      <symbol id="sm-3f2">
         <name>L_LSR_3</name>
         <value>0xd2a6</value>
         <object_component_ref idref="oc-124"/>
      </symbol>
      <symbol id="sm-3f3">
         <name>L_LSR_2</name>
         <value>0xd2ac</value>
         <object_component_ref idref="oc-124"/>
      </symbol>
      <symbol id="sm-3f4">
         <name>L_LSR_1</name>
         <value>0xd2b2</value>
         <object_component_ref idref="oc-124"/>
      </symbol>
      <symbol id="sm-3f5">
         <name>L_LSR_7</name>
         <value>0xd28e</value>
         <object_component_ref idref="oc-124"/>
      </symbol>
      <symbol id="sm-3f6">
         <name>L_LSR_6</name>
         <value>0xd294</value>
         <object_component_ref idref="oc-124"/>
      </symbol>
      <symbol id="sm-3f7">
         <name>L_LSR_5</name>
         <value>0xd29a</value>
         <object_component_ref idref="oc-124"/>
      </symbol>
      <symbol id="sm-3f8">
         <name>L_LSR_4</name>
         <value>0xd2a0</value>
         <object_component_ref idref="oc-124"/>
      </symbol>
      <symbol id="sm-3f9">
         <name>L_LSR_9</name>
         <value>0xd282</value>
         <object_component_ref idref="oc-124"/>
      </symbol>
      <symbol id="sm-3fa">
         <name>L_LSR_8</name>
         <value>0xd288</value>
         <object_component_ref idref="oc-124"/>
      </symbol>
      <symbol id="sm-408">
         <name>memcpy</name>
         <value>0xd856</value>
         <object_component_ref idref="oc-e8"/>
      </symbol>
      <symbol id="sm-41d">
         <name>_system_pre_init</name>
         <value>0xd8ee</value>
         <object_component_ref idref="oc-f6"/>
      </symbol>
      <symbol id="sm-443">
         <name>_auto_init</name>
         <value>0xd3a6</value>
         <object_component_ref idref="oc-f7"/>
      </symbol>
   </symbol_table>
   <title>Link successful</title>
</link_info>
