******************************************************************************
                  MSP430 Linker PC v4.4.6                      
******************************************************************************
>> Linked Tue Nov 10 19:08:15 2015

OUTPUT FILE NAME:   <TRF7970ABP_Demo.out>
ENTRY POINT SYMBOL: "_c_int00_noargs_noexit"  address: 0000d798


MEMORY CONFIGURATION

         name            origin    length      used     unused   attr    fill
----------------------  --------  ---------  --------  --------  ----  --------
  SFR                   00000000   00000010  00000000  00000010  RWIX
  PERIPHERALS_8BIT      00000010   000000f0  00000000  000000f0  RWIX
  PERIPHERALS_16BIT     00000100   00000100  00000000  00000100  RWIX
  RAM                   00000200   00000200  0000017f  00000081  RWIX
  INFOD                 00001000   00000040  00000000  00000040  RWIX
  INFOC                 00001040   00000040  00000000  00000040  RWIX
  INFOB                 00001080   00000040  00000000  00000040  RWIX
  INFOA                 000010c0   00000040  00000000  00000040  RWIX
  FLASH                 0000c000   00003fe0  00001980  00002660  RWIX
  INT00                 0000ffe0   00000002  00000000  00000002  RWIX
  INT01                 0000ffe2   00000002  00000000  00000002  RWIX
  INT02                 0000ffe4   00000002  00000002  00000000  RWIX
  INT03                 0000ffe6   00000002  00000002  00000000  RWIX
  INT04                 0000ffe8   00000002  00000000  00000002  RWIX
  INT05                 0000ffea   00000002  00000002  00000000  RWIX
  INT06                 0000ffec   00000002  00000002  00000000  RWIX
  INT07                 0000ffee   00000002  00000002  00000000  RWIX
  INT08                 0000fff0   00000002  00000002  00000000  RWIX
  INT09                 0000fff2   00000002  00000002  00000000  RWIX
  INT10                 0000fff4   00000002  00000002  00000000  RWIX
  INT11                 0000fff6   00000002  00000002  00000000  RWIX
  INT12                 0000fff8   00000002  00000002  00000000  RWIX
  INT13                 0000fffa   00000002  00000002  00000000  RWIX
  INT14                 0000fffc   00000002  00000002  00000000  RWIX
  RESET                 0000fffe   00000002  00000002  00000000  RWIX


SECTION ALLOCATION MAP

 output                                  attributes/
section   page    origin      length       input sections
--------  ----  ----------  ----------   ----------------
.bss       0    00000200    00000085     UNINITIALIZED
                  00000200    0000006c     main.obj (.bss)
                  0000026c    00000011     iso14443a.obj (.bss)
                  0000027d    00000001     spi.obj (.bss)
                  0000027e    00000003     trf7970.obj (.bss)
                  00000281    00000002     iso15693.obj (.bss)
                  00000283    00000002     uart.obj (.bss)

.data      0    00000200    00000000     UNINITIALIZED

.stack     0    00000304    000000fa     UNINITIALIZED
                  00000304    00000002     rts430.lib : boot.obj (.stack)
                  00000306    000000f8     --HOLE--

.text      0    0000c000    00001908     
                  0000c000    000004f4     iso14443a.obj (.text:Iso14443aLoop)
                  0000c4f4    000003a4     iso15693.obj (.text:Iso15693Anticollision)
                  0000c898    0000022c     trf7970.obj (.text:Trf7970ISR)
                  0000cac4    0000014e     trf7970.obj (.text:Trf7970WriteIsoControl)
                  0000cc12    000000cc     iso14443a.obj (.text:Iso14443aSelectCommand)
                  0000ccde    000000c2     rts430.lib : fs_mpy.obj (.text)
                  0000cda0    0000009c     iso14443a.obj (.text:ISO14443IRQWaitTimeout)
                  0000ce3c    0000009a     main.obj (.text:main)
                  0000ced6    00000086     spi.obj (.text:SpiReadSingle)
                  0000cf5c    0000007c     spi.obj (.text:SpiReadCont)
                  0000cfd8    00000078     trf7970BoosterPack.obj (.text:McuOscSel)
                  0000d050    00000072     spi.obj (.text:SpiWriteSingle)
                  0000d0c2    00000070     iso14443a.obj (.text:Iso14443a_halt)
                  0000d132    00000068     trf7970.obj (.text:Trf7970PortB)
                  0000d19a    00000066     iso14443a.obj (.text:Iso14443aAnticollision)
                  0000d200    0000005e     spi.obj (.text:SpiWriteCont)
                  0000d25e    0000005c     rts430.lib : lsr32.obj (.text:l_lsr_const)
                  0000d2ba    00000054     trf7970BoosterPack.obj (.text:McuDelayMillisecond)
                  0000d30e    00000050     iso14443a.obj (.text:Iso14443a_command)
                  0000d35e    00000048     spi.obj (.text:SpiRawWrite)
                  0000d3a6    00000048     rts430.lib : autoinit.obj (.text:_auto_init)
                  0000d3ee    00000046                : fs_tou.obj (.text)
                  0000d434    00000046     trf7970BoosterPack.obj (.text:timerHandler)
                  0000d47a    00000042     uart.obj (.text:UartPutByte)
                  0000d4bc    00000040     spi.obj (.text:SpiDirectCommand)
                  0000d4fc    0000003e     rts430.lib : lsl32.obj (.text:l_lsl_const)
                  0000d53a    00000032     iso15693.obj (.text:Iso15693FindTag)
                  0000d56c    00000032     spi.obj (.text:SpiUsciSet)
                  0000d59e    00000032     uart.obj (.text:UartSetup)
                  0000d5d0    00000032     rts430.lib : fs_ultof.obj (.text)
                  0000d602    00000030     trf7970.obj (.text:Trf7970InitialSettings)
                  0000d632    0000002c     rts430.lib : asr16.obj (.text)
                  0000d65e    0000002c                : lsl16.obj (.text)
                  0000d68a    00000026     trf7970.obj (.text:Trf7970DisableSlotCounter)
                  0000d6b0    00000026     uart.obj (.text:UartNibble2Ascii)
                  0000d6d6    00000024     iso14443a.obj (.text:Iso14443aFindTag)
                  0000d6fa    00000024     trf7970.obj (.text:Trf7970TurnRfOff)
                  0000d71e    00000022     spi.obj (.text:SpiSetup)
                  0000d740    00000020     trf7970.obj (.text:Trf7970ReadIrqStatus)
                  0000d760    0000001e     uart.obj (.text:UartSendCString)
                  0000d77e    0000001a     trf7970.obj (.text:Trf7970ResetIrqStatus)
                  0000d798    0000001a     rts430.lib : boot_special.obj (.text:_c_int00_noargs_noexit)
                  0000d7b2    00000018     iso14443a.obj (.text:Iso14443_config)
                  0000d7ca    00000018     trf7970.obj (.text:Trf7970TurnRfOn)
                  0000d7e2    00000014     trf7970.obj (.text:Trf7970ReadCont)
                  0000d7f6    00000014     trf7970.obj (.text:Trf7970WriteCont)
                  0000d80a    00000014     trf7970.obj (.text:Trf7970WriteSingle)
                  0000d81e    00000014     uart.obj (.text:UartPutChar)
                  0000d832    00000012     trf7970.obj (.text:Trf7970RawWrite)
                  0000d844    00000012     trf7970.obj (.text:Trf7970ReadSingle)
                  0000d856    00000012     rts430.lib : memcpy.obj (.text:memcpy)
                  0000d868    00000010     trf7970.obj (.text:Trf7970Reset)
                  0000d878    00000010     trf7970.obj (.text:Trf7970RunDecoders)
                  0000d888    00000010     trf7970.obj (.text:Trf7970StopDecoders)
                  0000d898    00000010     trf7970.obj (.text:Trf7970TransmitNextSlot)
                  0000d8a8    00000010     rts430.lib : epilog.obj (.text)
                  0000d8b8    0000000e     trf7970BoosterPack.obj (.text:McuCounterSet)
                  0000d8c6    0000000e     trf7970.obj (.text:Trf7970DirectCommand)
                  0000d8d4    00000008     main.obj (.text:watchdog_timer)
                  0000d8dc    00000006     trf7970.obj (.text:Trf7970CommunicationSetup)
                  0000d8e2    00000006     trf7970.obj (.text:Trf7970ReConfig)
                  0000d8e8    00000006     rts430.lib : fltud.obj (.text:_fltud)
                  0000d8ee    00000004                : pre_init.obj (.text:_system_pre_init)
                  0000d8f2    00000004                : exit.obj (.text:abort)
                  0000d8f6    00000002     main.obj (.text:ADC12_ISR)
                  0000d8f8    00000002     main.obj (.text:COMPARATORA_ISR)
                  0000d8fa    00000002     main.obj (.text:NMI_ISR)
                  0000d8fc    00000002     main.obj (.text:PORT1_ISR)
                  0000d8fe    00000002     main.obj (.text:TIMER0_A1_ISR)
                  0000d900    00000002     main.obj (.text:TIMER1_A0_ISR)
                  0000d902    00000002     main.obj (.text:TIMER1_A1_ISR)
                  0000d904    00000002     main.obj (.text:USCIAB0RX_ISR)
                  0000d906    00000002     main.obj (.text:USCIAB0TX_ISR)

.cinit     0    0000d908    0000005c     
                  0000d908    00000029     main.obj (.cinit)
                  0000d931    00000001     --HOLE-- [fill = 0]
                  0000d932    0000000b     iso14443a.obj (.cinit)
                  0000d93d    00000001     --HOLE-- [fill = 0]
                  0000d93e    0000000b     iso15693.obj (.cinit)
                  0000d949    00000001     --HOLE-- [fill = 0]
                  0000d94a    0000000b     uart.obj (.cinit)
                  0000d955    00000001     --HOLE-- [fill = 0]
                  0000d956    00000005     spi.obj (.cinit)
                  0000d95b    00000001     --HOLE-- [fill = 0]
                  0000d95c    00000005     trf7970.obj (.cinit)
                  0000d961    00000001     --HOLE-- [fill = 0]
                  0000d962    00000002     (.pad.cinit) [fill = 0]

.const     0    0000d964    0000001c     
                  0000d964    00000012     iso14443b.obj (.const:.string)
                  0000d976    0000000a     iso14443a.obj (.const:.string)

.pinit     0    0000c000    00000000     UNINITIALIZED

PORT1      0    0000ffe4    00000002     
                  0000ffe4    00000002     main.obj (.int02)

PORT2      0    0000ffe6    00000002     
                  0000ffe6    00000002     trf7970.obj (.int03)

ADC10      0    0000ffea    00000002     
                  0000ffea    00000002     main.obj (.int05)

USCIAB0TX 
*          0    0000ffec    00000002     
                  0000ffec    00000002     main.obj (.int06)

USCIAB0RX 
*          0    0000ffee    00000002     
                  0000ffee    00000002     main.obj (.int07)

TIMER0_A1 
*          0    0000fff0    00000002     
                  0000fff0    00000002     main.obj (.int08)

TIMER0_A0 
*          0    0000fff2    00000002     
                  0000fff2    00000002     trf7970BoosterPack.obj (.int09)

WDT        0    0000fff4    00000002     
                  0000fff4    00000002     main.obj (.int10)

COMPARATORA 
*          0    0000fff6    00000002     
                  0000fff6    00000002     main.obj (.int11)

TIMER1_A1 
*          0    0000fff8    00000002     
                  0000fff8    00000002     main.obj (.int12)

TIMER1_A0 
*          0    0000fffa    00000002     
                  0000fffa    00000002     main.obj (.int13)

NMI        0    0000fffc    00000002     
                  0000fffc    00000002     main.obj (.int14)

.reset     0    0000fffe    00000002     
                  0000fffe    00000002     rts430.lib : boot.obj (.reset)


GLOBAL SYMBOLS: SORTED ALPHABETICALLY BY Name 

address   name                     
-------   ----                     
00000200  .bss                     
00000200  .data                    
0000c000  .text                    
0000004a  ADC10AE0                 
000001b0  ADC10CTL0                
000001b2  ADC10CTL1                
00000048  ADC10DTC0                
00000049  ADC10DTC1                
000001b4  ADC10MEM                 
000001bc  ADC10SA                  
0000d8f6  ADC12_ISR                
00000057  BCSCTL1                  
00000058  BCSCTL2                  
00000053  BCSCTL3                  
0000d8f2  C$$EXIT                  
00000059  CACTL1                   
0000005a  CACTL2                   
000010fb  CALBC1_12MHZ             
000010f9  CALBC1_16MHZ             
000010ff  CALBC1_1MHZ              
000010fd  CALBC1_8MHZ              
000010fa  CALDCO_12MHZ             
000010f8  CALDCO_16MHZ             
000010fe  CALDCO_1MHZ              
000010fc  CALDCO_8MHZ              
0000005b  CAPD                     
0000d8f8  COMPARATORA_ISR          
00000056  DCOCTL                   
00000128  FCTL1                    
0000012a  FCTL2                    
0000012c  FCTL3                    
00000000  IE1                      
00000001  IE2                      
00000002  IFG1                     
00000003  IFG2                     
0000cda0  ISO14443IRQWaitTimeout   
0000d632  I_ASR                    
0000d65a  I_ASR_1                  
0000d648  I_ASR_10                 
0000d646  I_ASR_11                 
0000d644  I_ASR_12                 
0000d642  I_ASR_13                 
0000d640  I_ASR_14                 
0000d63e  I_ASR_15                 
0000d658  I_ASR_2                  
0000d656  I_ASR_3                  
0000d654  I_ASR_4                  
0000d652  I_ASR_5                  
0000d650  I_ASR_6                  
0000d64e  I_ASR_7                  
0000d64c  I_ASR_8                  
0000d64a  I_ASR_9                  
0000d65e  I_LSL                    
0000d686  I_LSL_1                  
0000d674  I_LSL_10                 
0000d672  I_LSL_11                 
0000d670  I_LSL_12                 
0000d66e  I_LSL_13                 
0000d66c  I_LSL_14                 
0000d66a  I_LSL_15                 
0000d684  I_LSL_2                  
0000d682  I_LSL_3                  
0000d680  I_LSL_4                  
0000d67e  I_LSL_5                  
0000d67c  I_LSL_6                  
0000d67a  I_LSL_7                  
0000d678  I_LSL_8                  
0000d676  I_LSL_9                  
0000d7b2  Iso14443_config          
0000d19a  Iso14443aAnticollision   
0000d6d6  Iso14443aFindTag         
0000c000  Iso14443aLoop            
0000cc12  Iso14443aSelectCommand   
0000d30e  Iso14443a_command        
0000d0c2  Iso14443a_halt           
0000c4f4  Iso15693Anticollision    
0000d53a  Iso15693FindTag          
0000d534  L_LSL_1                  
0000d510  L_LSL_10                 
0000d50c  L_LSL_11                 
0000d508  L_LSL_12                 
0000d504  L_LSL_13                 
0000d500  L_LSL_14                 
0000d4fc  L_LSL_15                 
0000d530  L_LSL_2                  
0000d52c  L_LSL_3                  
0000d528  L_LSL_4                  
0000d524  L_LSL_5                  
0000d520  L_LSL_6                  
0000d51c  L_LSL_7                  
0000d518  L_LSL_8                  
0000d514  L_LSL_9                  
0000d2b2  L_LSR_1                  
0000d27c  L_LSR_10                 
0000d276  L_LSR_11                 
0000d270  L_LSR_12                 
0000d26a  L_LSR_13                 
0000d264  L_LSR_14                 
0000d25e  L_LSR_15                 
0000d2ac  L_LSR_2                  
0000d2a6  L_LSR_3                  
0000d2a0  L_LSR_4                  
0000d29a  L_LSR_5                  
0000d294  L_LSR_6                  
0000d28e  L_LSR_7                  
0000d288  L_LSR_8                  
0000d282  L_LSR_9                  
0000d8b8  McuCounterSet            
0000d2ba  McuDelayMillisecond      
0000cfd8  McuOscSel                
0000d8fa  NMI_ISR                  
00000022  P1DIR                    
00000025  P1IE                     
00000024  P1IES                    
00000023  P1IFG                    
00000020  P1IN                     
00000021  P1OUT                    
00000027  P1REN                    
00000026  P1SEL                    
00000041  P1SEL2                   
0000002a  P2DIR                    
0000002d  P2IE                     
0000002c  P2IES                    
0000002b  P2IFG                    
00000028  P2IN                     
00000029  P2OUT                    
0000002f  P2REN                    
0000002e  P2SEL                    
00000042  P2SEL2                   
0000001a  P3DIR                    
00000018  P3IN                     
00000019  P3OUT                    
00000010  P3REN                    
0000001b  P3SEL                    
00000043  P3SEL2                   
0000d8fc  PORT1_ISR                
0000d4bc  SpiDirectCommand         
0000d35e  SpiRawWrite              
0000cf5c  SpiReadCont              
0000ced6  SpiReadSingle            
0000d71e  SpiSetup                 
0000d56c  SpiUsciSet               
0000d200  SpiWriteCont             
0000d050  SpiWriteSingle           
00000172  TA0CCR0                  
00000174  TA0CCR1                  
00000176  TA0CCR2                  
00000162  TA0CCTL0                 
00000164  TA0CCTL1                 
00000166  TA0CCTL2                 
00000160  TA0CTL                   
0000012e  TA0IV                    
00000170  TA0R                     
00000192  TA1CCR0                  
00000194  TA1CCR1                  
00000196  TA1CCR2                  
00000182  TA1CCTL0                 
00000184  TA1CCTL1                 
00000186  TA1CCTL2                 
00000180  TA1CTL                   
0000011e  TA1IV                    
00000190  TA1R                     
0000d8fe  TIMER0_A1_ISR            
0000d900  TIMER1_A0_ISR            
0000d902  TIMER1_A1_ISR            
000010db  TLV_ADC10_1_LEN          
000010da  TLV_ADC10_1_TAG          
000010c0  TLV_CHECKSUM             
000010f7  TLV_DCO_30_LEN           
000010f6  TLV_DCO_30_TAG           
00000265  Tag_Count                
0000d8dc  Trf7970CommunicationSetup
0000d8c6  Trf7970DirectCommand     
0000d68a  Trf7970DisableSlotCounter
0000c898  Trf7970ISR               
0000d602  Trf7970InitialSettings   
0000d132  Trf7970PortB             
0000d832  Trf7970RawWrite          
0000d8e2  Trf7970ReConfig          
0000d7e2  Trf7970ReadCont          
0000d740  Trf7970ReadIrqStatus     
0000d844  Trf7970ReadSingle        
0000d868  Trf7970Reset             
0000d77e  Trf7970ResetIrqStatus    
0000d878  Trf7970RunDecoders       
0000d888  Trf7970StopDecoders      
0000d898  Trf7970TransmitNextSlot  
0000d6fa  Trf7970TurnRfOff         
0000d7ca  Trf7970TurnRfOn          
0000d7f6  Trf7970WriteCont         
0000cac4  Trf7970WriteIsoControl   
0000d80a  Trf7970WriteSingle       
0000005d  UCA0ABCTL                
00000062  UCA0BR0                  
00000063  UCA0BR1                  
00000060  UCA0CTL0                 
00000061  UCA0CTL1                 
0000005f  UCA0IRRCTL               
0000005e  UCA0IRTCTL               
00000064  UCA0MCTL                 
00000066  UCA0RXBUF                
00000065  UCA0STAT                 
00000067  UCA0TXBUF                
0000006a  UCB0BR0                  
0000006b  UCB0BR1                  
00000068  UCB0CTL0                 
00000069  UCB0CTL1                 
0000006c  UCB0I2CIE                
00000118  UCB0I2COA                
0000011a  UCB0I2CSA                
0000006e  UCB0RXBUF                
0000006d  UCB0STAT                 
0000006f  UCB0TXBUF                
0000d904  USCIAB0RX_ISR            
0000d906  USCIAB0TX_ISR            
0000d6b0  UartNibble2Ascii         
0000d47a  UartPutByte              
0000d81e  UartPutChar              
0000d760  UartSendCString          
0000d59e  UartSetup                
00000120  WDTCTL                   
000003fe  __STACK_END              
000000fa  __STACK_SIZE             
0000ffe4  __TI_int02               
0000ffe6  __TI_int03               
0000ffea  __TI_int05               
0000ffec  __TI_int06               
0000ffee  __TI_int07               
0000fff0  __TI_int08               
0000fff2  __TI_int09               
0000fff4  __TI_int10               
0000fff6  __TI_int11               
0000fff8  __TI_int12               
0000fffa  __TI_int13               
0000fffc  __TI_int14               
ffffffff  __binit__                
00000200  __bss__                  
ffffffff  __c_args__               
0000d908  __cinit__                
00000200  __data__                 
00000200  __edata__                
00000285  __end__                  
0000d908  __etext__                
0000ccde  __fs_mpy                 
0000d3ee  __fs_tou                 
0000d5d0  __fs_ultof               
ffffffff  __pinit__                
0000c000  __text__                 
0000d3a6  _auto_init               
0000d798  _c_int00_noargs_noexit   
0000d8e8  _fltud                   
0000fffe  _reset_vector            
00000304  _stack                   
0000d8ee  _system_pre_init         
0000d8f2  abort                    
00000281  afi                      
ffffffff  binit                    
00000200  buf                      
0000d908  cinit                    
0000027a  coll_poss                
0000027e  command                  
0000026c  complete_uid             
00000280  direct_mode              
00000200  edata                    
00000264  enable                   
00000285  end                      
0000d908  etext                    
00000282  flags                    
0000d8b4  func_epilog_1            
0000d8b2  func_epilog_2            
0000d8b0  func_epilog_3            
0000d8ae  func_epilog_4            
0000d8ac  func_epilog_5            
0000d8aa  func_epilog_6            
0000d8a8  func_epilog_7            
0000026a  host_control_flag        
00000266  i_reg                    
00000267  irq_flag                 
0000ce3c  main                     
0000d856  memcpy                   
ffffffff  pinit                    
00000283  rx_data                  
00000284  rx_done                  
00000268  rx_error_flag            
00000269  rxtx_state               
0000026b  stand_alone_flag         
0000027d  temp                     
0000d434  timerHandler             
0000027b  uid_pos                  
0000027c  uid_pos1                 
0000d8d4  watchdog_timer           


GLOBAL SYMBOLS: SORTED BY Symbol Address 

address   name                     
-------   ----                     
00000000  IE1                      
00000001  IE2                      
00000002  IFG1                     
00000003  IFG2                     
00000010  P3REN                    
00000018  P3IN                     
00000019  P3OUT                    
0000001a  P3DIR                    
0000001b  P3SEL                    
00000020  P1IN                     
00000021  P1OUT                    
00000022  P1DIR                    
00000023  P1IFG                    
00000024  P1IES                    
00000025  P1IE                     
00000026  P1SEL                    
00000027  P1REN                    
00000028  P2IN                     
00000029  P2OUT                    
0000002a  P2DIR                    
0000002b  P2IFG                    
0000002c  P2IES                    
0000002d  P2IE                     
0000002e  P2SEL                    
0000002f  P2REN                    
00000041  P1SEL2                   
00000042  P2SEL2                   
00000043  P3SEL2                   
00000048  ADC10DTC0                
00000049  ADC10DTC1                
0000004a  ADC10AE0                 
00000053  BCSCTL3                  
00000056  DCOCTL                   
00000057  BCSCTL1                  
00000058  BCSCTL2                  
00000059  CACTL1                   
0000005a  CACTL2                   
0000005b  CAPD                     
0000005d  UCA0ABCTL                
0000005e  UCA0IRTCTL               
0000005f  UCA0IRRCTL               
00000060  UCA0CTL0                 
00000061  UCA0CTL1                 
00000062  UCA0BR0                  
00000063  UCA0BR1                  
00000064  UCA0MCTL                 
00000065  UCA0STAT                 
00000066  UCA0RXBUF                
00000067  UCA0TXBUF                
00000068  UCB0CTL0                 
00000069  UCB0CTL1                 
0000006a  UCB0BR0                  
0000006b  UCB0BR1                  
0000006c  UCB0I2CIE                
0000006d  UCB0STAT                 
0000006e  UCB0RXBUF                
0000006f  UCB0TXBUF                
000000fa  __STACK_SIZE             
00000118  UCB0I2COA                
0000011a  UCB0I2CSA                
0000011e  TA1IV                    
00000120  WDTCTL                   
00000128  FCTL1                    
0000012a  FCTL2                    
0000012c  FCTL3                    
0000012e  TA0IV                    
00000160  TA0CTL                   
00000162  TA0CCTL0                 
00000164  TA0CCTL1                 
00000166  TA0CCTL2                 
00000170  TA0R                     
00000172  TA0CCR0                  
00000174  TA0CCR1                  
00000176  TA0CCR2                  
00000180  TA1CTL                   
00000182  TA1CCTL0                 
00000184  TA1CCTL1                 
00000186  TA1CCTL2                 
00000190  TA1R                     
00000192  TA1CCR0                  
00000194  TA1CCR1                  
00000196  TA1CCR2                  
000001b0  ADC10CTL0                
000001b2  ADC10CTL1                
000001b4  ADC10MEM                 
000001bc  ADC10SA                  
00000200  .bss                     
00000200  .data                    
00000200  __bss__                  
00000200  __data__                 
00000200  __edata__                
00000200  buf                      
00000200  edata                    
00000264  enable                   
00000265  Tag_Count                
00000266  i_reg                    
00000267  irq_flag                 
00000268  rx_error_flag            
00000269  rxtx_state               
0000026a  host_control_flag        
0000026b  stand_alone_flag         
0000026c  complete_uid             
0000027a  coll_poss                
0000027b  uid_pos                  
0000027c  uid_pos1                 
0000027d  temp                     
0000027e  command                  
00000280  direct_mode              
00000281  afi                      
00000282  flags                    
00000283  rx_data                  
00000284  rx_done                  
00000285  __end__                  
00000285  end                      
00000304  _stack                   
000003fe  __STACK_END              
000010c0  TLV_CHECKSUM             
000010da  TLV_ADC10_1_TAG          
000010db  TLV_ADC10_1_LEN          
000010f6  TLV_DCO_30_TAG           
000010f7  TLV_DCO_30_LEN           
000010f8  CALDCO_16MHZ             
000010f9  CALBC1_16MHZ             
000010fa  CALDCO_12MHZ             
000010fb  CALBC1_12MHZ             
000010fc  CALDCO_8MHZ              
000010fd  CALBC1_8MHZ              
000010fe  CALDCO_1MHZ              
000010ff  CALBC1_1MHZ              
0000c000  .text                    
0000c000  Iso14443aLoop            
0000c000  __text__                 
0000c4f4  Iso15693Anticollision    
0000c898  Trf7970ISR               
0000cac4  Trf7970WriteIsoControl   
0000cc12  Iso14443aSelectCommand   
0000ccde  __fs_mpy                 
0000cda0  ISO14443IRQWaitTimeout   
0000ce3c  main                     
0000ced6  SpiReadSingle            
0000cf5c  SpiReadCont              
0000cfd8  McuOscSel                
0000d050  SpiWriteSingle           
0000d0c2  Iso14443a_halt           
0000d132  Trf7970PortB             
0000d19a  Iso14443aAnticollision   
0000d200  SpiWriteCont             
0000d25e  L_LSR_15                 
0000d264  L_LSR_14                 
0000d26a  L_LSR_13                 
0000d270  L_LSR_12                 
0000d276  L_LSR_11                 
0000d27c  L_LSR_10                 
0000d282  L_LSR_9                  
0000d288  L_LSR_8                  
0000d28e  L_LSR_7                  
0000d294  L_LSR_6                  
0000d29a  L_LSR_5                  
0000d2a0  L_LSR_4                  
0000d2a6  L_LSR_3                  
0000d2ac  L_LSR_2                  
0000d2b2  L_LSR_1                  
0000d2ba  McuDelayMillisecond      
0000d30e  Iso14443a_command        
0000d35e  SpiRawWrite              
0000d3a6  _auto_init               
0000d3ee  __fs_tou                 
0000d434  timerHandler             
0000d47a  UartPutByte              
0000d4bc  SpiDirectCommand         
0000d4fc  L_LSL_15                 
0000d500  L_LSL_14                 
0000d504  L_LSL_13                 
0000d508  L_LSL_12                 
0000d50c  L_LSL_11                 
0000d510  L_LSL_10                 
0000d514  L_LSL_9                  
0000d518  L_LSL_8                  
0000d51c  L_LSL_7                  
0000d520  L_LSL_6                  
0000d524  L_LSL_5                  
0000d528  L_LSL_4                  
0000d52c  L_LSL_3                  
0000d530  L_LSL_2                  
0000d534  L_LSL_1                  
0000d53a  Iso15693FindTag          
0000d56c  SpiUsciSet               
0000d59e  UartSetup                
0000d5d0  __fs_ultof               
0000d602  Trf7970InitialSettings   
0000d632  I_ASR                    
0000d63e  I_ASR_15                 
0000d640  I_ASR_14                 
0000d642  I_ASR_13                 
0000d644  I_ASR_12                 
0000d646  I_ASR_11                 
0000d648  I_ASR_10                 
0000d64a  I_ASR_9                  
0000d64c  I_ASR_8                  
0000d64e  I_ASR_7                  
0000d650  I_ASR_6                  
0000d652  I_ASR_5                  
0000d654  I_ASR_4                  
0000d656  I_ASR_3                  
0000d658  I_ASR_2                  
0000d65a  I_ASR_1                  
0000d65e  I_LSL                    
0000d66a  I_LSL_15                 
0000d66c  I_LSL_14                 
0000d66e  I_LSL_13                 
0000d670  I_LSL_12                 
0000d672  I_LSL_11                 
0000d674  I_LSL_10                 
0000d676  I_LSL_9                  
0000d678  I_LSL_8                  
0000d67a  I_LSL_7                  
0000d67c  I_LSL_6                  
0000d67e  I_LSL_5                  
0000d680  I_LSL_4                  
0000d682  I_LSL_3                  
0000d684  I_LSL_2                  
0000d686  I_LSL_1                  
0000d68a  Trf7970DisableSlotCounter
0000d6b0  UartNibble2Ascii         
0000d6d6  Iso14443aFindTag         
0000d6fa  Trf7970TurnRfOff         
0000d71e  SpiSetup                 
0000d740  Trf7970ReadIrqStatus     
0000d760  UartSendCString          
0000d77e  Trf7970ResetIrqStatus    
0000d798  _c_int00_noargs_noexit   
0000d7b2  Iso14443_config          
0000d7ca  Trf7970TurnRfOn          
0000d7e2  Trf7970ReadCont          
0000d7f6  Trf7970WriteCont         
0000d80a  Trf7970WriteSingle       
0000d81e  UartPutChar              
0000d832  Trf7970RawWrite          
0000d844  Trf7970ReadSingle        
0000d856  memcpy                   
0000d868  Trf7970Reset             
0000d878  Trf7970RunDecoders       
0000d888  Trf7970StopDecoders      
0000d898  Trf7970TransmitNextSlot  
0000d8a8  func_epilog_7            
0000d8aa  func_epilog_6            
0000d8ac  func_epilog_5            
0000d8ae  func_epilog_4            
0000d8b0  func_epilog_3            
0000d8b2  func_epilog_2            
0000d8b4  func_epilog_1            
0000d8b8  McuCounterSet            
0000d8c6  Trf7970DirectCommand     
0000d8d4  watchdog_timer           
0000d8dc  Trf7970CommunicationSetup
0000d8e2  Trf7970ReConfig          
0000d8e8  _fltud                   
0000d8ee  _system_pre_init         
0000d8f2  C$$EXIT                  
0000d8f2  abort                    
0000d8f6  ADC12_ISR                
0000d8f8  COMPARATORA_ISR          
0000d8fa  NMI_ISR                  
0000d8fc  PORT1_ISR                
0000d8fe  TIMER0_A1_ISR            
0000d900  TIMER1_A0_ISR            
0000d902  TIMER1_A1_ISR            
0000d904  USCIAB0RX_ISR            
0000d906  USCIAB0TX_ISR            
0000d908  __cinit__                
0000d908  __etext__                
0000d908  cinit                    
0000d908  etext                    
0000ffe4  __TI_int02               
0000ffe6  __TI_int03               
0000ffea  __TI_int05               
0000ffec  __TI_int06               
0000ffee  __TI_int07               
0000fff0  __TI_int08               
0000fff2  __TI_int09               
0000fff4  __TI_int10               
0000fff6  __TI_int11               
0000fff8  __TI_int12               
0000fffa  __TI_int13               
0000fffc  __TI_int14               
0000fffe  _reset_vector            
ffffffff  __binit__                
ffffffff  __c_args__               
ffffffff  __pinit__                
ffffffff  binit                    
ffffffff  pinit                    

[291 symbols]
