******************************************************************************
                  TI ARM Linker PC v5.2.5                      
******************************************************************************
>> Linked Tue Nov 17 19:36:24 2015

OUTPUT FILE NAME:   <nfc_reader.out>
ENTRY POINT SYMBOL: "_c_int00"  address: 20015681


MEMORY CONFIGURATION

         name            origin    length      used     unused   attr    fill
----------------------  --------  ---------  --------  --------  ----  --------
  SRAM_CODE             20004000   00018000  000167b2  0000184e  RW X
  SRAM_DATA             2001c000   00014000  0000ce15  000071eb  RW X


SEGMENT ALLOCATION MAP

run origin  load origin   length   init length attrs members
----------  ----------- ---------- ----------- ----- -------
20004000    20004000    000167b8   000167b8    r-x
  20004000    20004000    0000030c   0000030c    r-- .resetVecs
  2000430c    2000430c    000134ca   000134ca    r-x .text
  200177d8    200177d8    0000269c   0000269c    r-- .const
  20019e78    20019e78    00000940   00000940    r-- .cinit
2001c000    2001c000    0000ae1c   00000000    rw-
  2001c000    2001c000    00009d31   00000000    rw- .bss
  20025d38    20025d38    000010e4   00000000    rw- .data
2002e000    2002e000    00002000   00000000    rw-
  2002e000    2002e000    00002000   00000000    rw- .stack


SECTION ALLOCATION MAP

 output                                  attributes/
section   page    origin      length       input sections
--------  ----  ----------  ----------   ----------------
.init_array 
*          0    20004000    00000000     UNINITIALIZED

.resetVecs 
*          0    20004000    0000030c     
                  20004000    0000030c     app_pem4.oem4 (.resetVecs)

.text      0    2000430c    000134ca     
                  2000430c    00002de0     main.obj (.text)
                  200070ec    000010a6     rtsv7M4_T_le_eabi.lib : _printfi.obj (.text)
                  20008192    00000002     driverlib.a : interrupt.obj (.text:IntDefaultHandler)
                  20008194    0000089c     LCD.obj (.text)
                  20008a30    000005f6     jsmn.obj (.text)
                  20009026    00000002     rtsv7M4_T_le_eabi.lib : i_div0.obj (.text)
                  20009028    000005ec     simplelink.a : driver.obj (.text:_SlDrvMsgRead)
                  20009614    00000544     ti_rtos.a : osi_tirtos.obj (.text)
                  20009b58    0000050c     libparse.a : request.obj (.text)
                  2000a064    000004ce                : cc3200_utils.obj (.text)
                  2000a532    00000002     app_pem4.oem4 (.text:ti_sysbios_BIOS_nullFunc__I)
                  2000a534    000004a0     libparse.a : installation.obj (.text)
                  2000a9d4    00000458     gpio_if.obj (.text)
                  2000ae2c    00000424     sysbios.aem4 : BIOS.obj (.text:ti_sysbios_family_arm_m3_Hwi_excDumpRegs__I)
                  2000b250    0000034c     ti.targets.arm.rtsarm.aem4 : System.oem4 (.text:xdc_runtime_System_doPrint__I)
                  2000b59c    00000314     libparse.a : simplejson.obj (.text)
                  2000b8b0    0000030c     rtsv7M4_T_le_eabi.lib : lowlev.obj (.text)
                  2000bbbc    00000304     sysbios.aem4 : BIOS.obj (.text:ti_sysbios_knl_Semaphore_pend__E)
                  2000bec0    000002fc     libparse.a : cc3200_socket.obj (.text)
                  2000c1bc    000002d4     rtsv7M4_T_le_eabi.lib : trgdrv.obj (.text)
                  2000c490    000002c4     uart_if.obj (.text)
                  2000c754    0000028c     libparse.a : cc3200_client_state.obj (.text)
                  2000c9e0    00000270     simplelink.a : wlan.obj (.text:sl_WlanProfileAdd)
                  2000cc50    00000248                  : driver.obj (.text:_SlDrvRxHdrRead)
                  2000ce98    00000248     sysbios.aem4 : BIOS.obj (.text:ti_sysbios_heaps_HeapMem_free__E)
                  2000d0e0    00000234                  : BIOS.obj (.text:ti_sysbios_heaps_HeapMem_alloc__E)
                  2000d314    00000228                  : BIOS.obj (.text:ti_sysbios_knl_Task_Instance_finalize__E)
                  2000d53c    00000208                  : BIOS.obj (.text:ti_sysbios_knl_Task_sleep__E)
                  2000d744    000001f8                  : BIOS.obj (.text:ti_sysbios_family_arm_m3_Hwi_excHandlerMax__I)
                  2000d93c    000001f4     rtsv7M4_T_le_eabi.lib : ull_div_t2.obj (.text)
                  2000db30    000001d0     simplelink.a : driver.obj (.text:_SlDrvReleasePoolObj)
                  2000dd00    000001cc                  : driver.obj (.text:_SlDrvMsgWrite)
                  2000decc    000001c8     pinmux.obj (.text)
                  2000e094    000001c0     timer_if.obj (.text)
                  2000e254    000001bc     sysbios.aem4 : BIOS.obj (.text:ti_sysbios_knl_Task_Instance_init__E)
                  2000e410    000001b6     rtsv7M4_T_le_eabi.lib : fd_add_t2.obj (.text)
                  2000e5c6    00000002     sysbios.aem4 : BIOS.obj (.text:ti_sysbios_gates_GateHwi_Instance_init__E)
                  2000e5c8    000001a8     libparse.a : cc3200_certificate.obj (.text)
                  2000e770    00000190     simplelink.a : driver.obj (.text:_SlDrvWaitForPoolObj)
                  2000e900    0000018c     sysbios.aem4 : BIOS.obj (.text:ti_sysbios_knl_Task_Module_startup__E)
                  2000ea8c    00000174     simplelink.a : driver.obj (.text:_SlDrvDriverCBInit)
                  2000ec00    00000170                  : driver.obj (.text:_SlFindAndSetActiveObj)
                  2000ed70    00000168                  : netapp.obj (.text:sl_NetAppPingStart)
                  2000eed8    00000168     sysbios.aem4 : BIOS.obj (.text:ti_sysbios_family_arm_m3_Hwi_excBusFault__I)
                  2000f040    00000160                  : BIOS.obj (.text:ti_sysbios_knl_Mailbox_Instance_init__E)
                  2000f1a0    00000154                  : BIOS.obj (.text:ti_sysbios_family_arm_m3_Hwi_excUsageFault__I)
                  2000f2f4    0000014c     simplelink.a : cc_pal.obj (.text:spi_Open)
                  2000f440    00000140     sysbios.aem4 : BIOS.obj (.text:ti_sysbios_family_arm_m3_Hwi_excMemFault__I)
                  2000f580    0000013c     simplelink.a : socket.obj (.text:sl_Select)
                  2000f6bc    0000013c     sysbios.aem4 : BIOS.obj (.text:ti_sysbios_family_arm_m3_Hwi_dispatchC__I)
                  2000f7f8    00000138                  : BIOS.obj (.text:ti_sysbios_heaps_HeapMem_Instance_init__E)
                  2000f930    00000138                  : BIOS.obj (.text:ti_sysbios_knl_Semaphore_post__E)
                  2000fa68    00000138     ti.targets.arm.rtsarm.aem4 : LoggerBuf.oem4 (.text:xdc_runtime_LoggerBuf_write8__E)
                  2000fba0    00000136     rtsv7M4_T_le_eabi.lib : fd_div_t2.obj (.text)
                  2000fcd6    00000002     app_pem4.oem4 (.text:xdc_runtime_Startup_reset__I)
                  2000fcd8    00000134     driverlib.a : prcm.obj (.text:PRCMCC3200MCUInit)
                  2000fe0c    0000012c     sysbios.aem4 : BIOS.obj (.text:ti_sysbios_knl_Clock_workFunc__E)
                  2000ff38    00000128     simplelink.a : driver.obj (.text:_SlDrvDataReadOp)
                  20010060    00000120     sysbios.aem4 : BIOS.obj (.text:ti_sysbios_knl_Swi_run__I)
                  20010180    0000011e     libparse.a : http.obj (.text)
                  2001029e    00000002     --HOLE-- [fill = 0]
                  200102a0    00000118     simplelink.a : socket.obj (.text:sl_SendTo)
                  200103b8    00000118     ti.targets.arm.rtsarm.aem4 : Error.oem4 (.text:xdc_runtime_Error_policyDefault__E)
                  200104d0    00000110     rtsv7M4_T_le_eabi.lib : xdscale.obj (.text)
                  200105e0    0000010c     simplelink.a : socket.obj (.text:sl_RecvFrom)
                  200106ec    00000108                  : socket.obj (.text:sl_Connect)
                  200107f4    00000108                  : socket.obj (.text:sl_Send)
                  200108fc    00000104                  : driver.obj (.text:_SlDrvDataWriteOp)
                  20010a00    00000104                  : netapp.obj (.text:sl_NetAppDnsGetHostByName)
                  20010b04    00000100     ti.targets.arm.rtsarm.aem4 : Core-mem.oem4 (.text:xdc_runtime_Core_createObject__I)
                  20010c04    000000fe     simplelink.a : netapp.obj (.text:_SlDrvNetAppEventHandler)
                  20010d02    00000002     --HOLE-- [fill = 0]
                  20010d04    000000fe     libparse.a : parse_impl.obj (.text)
                  20010e02    000000fc     rtsv7M4_T_le_eabi.lib : fd_mul_t2.obj (.text)
                  20010efe    00000002     --HOLE-- [fill = 0]
                  20010f00    000000f8     ti.targets.arm.rtsarm.aem4 : Startup.oem4 (.text:xdc_runtime_Startup_startMods__I)
                  20010ff8    000000f8     app_pem4.oem4 (.text:xdc_runtime_System_printfExtend__I)
                  200110f0    000000f4     simplelink.a : driver.obj (.text:_SlDrvDriverCBDeinit)
                  200111e4    000000f4                  : fs.obj (.text:sl_FsRead)
                  200112d8    000000f0     driverlib.a : udma.obj (.text:uDMAChannelTransferSet)
                  200113c8    000000ec     simplelink.a : fs.obj (.text:sl_FsWrite)
                  200114b4    000000dc                  : cc_pal.obj (.text:spi_Read)
                  20011590    000000d8                  : driver.obj (.text:_SlDrvClassifyRxMsg)
                  20011668    000000d4                  : device.obj (.text:sl_Stop)
                  2001173c    000000d4     ti.targets.arm.rtsarm.aem4 : LoggerBuf.oem4 (.text:xdc_runtime_LoggerBuf_write4__E)
                  20011810    000000d0     sysbios.aem4 : m3_Hwi_asm.obj (.text:ti_sysbios_family_arm_m3_Hwi_dispatch__I)
                  200118e0    000000cc     ti.targets.arm.rtsarm.aem4 : Core-smem.oem4 (.text:xdc_runtime_Core_constructObject__I)
                  200119ac    000000c8     simplelink.a : netapp.obj (.text:_sl_HandleAsync_DnsGetHostByService)
                  20011a74    000000c8     sysbios.aem4 : BIOS.obj (.text:ti_sysbios_knl_Task_schedule__I)
                  20011b3c    000000c4                  : BIOS.obj (.text:ti_sysbios_family_arm_m3_Hwi_Module_startup__E)
                  20011c00    000000c0     simplelink.a : driver.obj (.text:_SlRemoveFromList)
                  20011cc0    000000c0     sysbios.aem4 : BIOS.obj (.text:ti_sysbios_knl_Task_exit__E)
                  20011d80    000000be     rtsv7M4_T_le_eabi.lib : xdnorm.obj (.text)
                  20011e3e    00000002     --HOLE-- [fill = 0]
                  20011e40    000000bc     simplelink.a : driver.obj (.text:_SlDrvMsgReadCmdCtx)
                  20011efc    000000bc                  : device.obj (.text:sl_Start)
                  20011fb8    000000bc     sysbios.aem4 : BIOS.obj (.text:ti_sysbios_knl_Task_startCore__E)
                  20012074    000000b8     simplelink.a : driver.obj (.text:_SlAsyncEventGenericHandler)
                  2001212c    000000b4     sysbios.aem4 : BIOS.obj (.text:ti_sysbios_family_arm_m3_Hwi_excHardFault__I)
                  200121e0    000000b4                  : BIOS.obj (.text:ti_sysbios_gates_GateMutex_enter__E)
                  20012294    000000b4                  : BIOS.obj (.text:ti_sysbios_knl_Task_checkStacks__E)
                  20012348    000000b0     network_if.obj (.text)
                  200123f8    000000b0     sysbios.aem4 : BIOS.obj (.text:ti_sysbios_family_arm_m3_Hwi_excDebugMon__I)
                  200124a8    000000a8     driverlib.a : interrupt.obj (.text:IntDisable)
                  20012550    000000a8                 : interrupt.obj (.text:IntEnable)
                  200125f8    000000a8     sysbios.aem4 : BIOS.obj (.text:ti_sysbios_knl_Swi_post__E)
                  200126a0    000000a8                  : BIOS.obj (.text:ti_sysbios_knl_Task_blockI__E)
                  20012748    000000a8                  : BIOS.obj (.text:ti_sysbios_knl_Task_postInit__I)
                  200127f0    000000a8                  : BIOS.obj (.text:ti_sysbios_knl_Task_yield__E)
                  20012898    000000a0     driverlib.a : spi.obj (.text:SPIConfigSetExpClk)
                  20012938    000000a0     auto_init.aem4 : auto_init.oem4 (.text)
                  200129d8    000000a0     ti.targets.arm.rtsarm.aem4 : Text.oem4 (.text:xdc_runtime_Text_putMod__E)
                  20012a78    0000009c     simplelink.a : driver.obj (.text:_SlDrvMsgReadSpawnCtx)
                  20012b14    0000009c     button_if.obj (.text)
                  20012bb0    0000009c     rtsv7M4_T_le_eabi.lib : memcpy_t2.obj (.text)
                  20012c4c    0000009c     simplelink.a : device.obj (.text:sl_DevGet)
                  20012ce8    0000009c     sysbios.aem4 : BIOS.obj (.text:ti_sysbios_family_arm_m3_Hwi_Instance_init__E)
                  20012d84    0000009c                  : BIOS.obj (.text:ti_sysbios_knl_Semaphore_Instance_init__E)
                  20012e20    0000009c     ti.targets.arm.rtsarm.aem4 : LoggerBuf.oem4 (.text:xdc_runtime_LoggerBuf_setFilterLevel__E)
                  20012ebc    0000009a                                : Text.oem4 (.text:xdc_runtime_Text_putSite__E)
                  20012f56    00000002     --HOLE-- [fill = 0]
                  20012f58    00000098     simplelink.a : fs.obj (.text:_sl_GetCreateFsMode)
                  20012ff0    00000094     driverlib.a : prcm.obj (.text:PRCMPeripheralClockGet)
                  20013084    00000094     rtsv7M4_T_le_eabi.lib : snprintf.obj (.text)
                  20013118    00000094     sysbios.aem4 : BIOS.obj (.text:ti_sysbios_knl_Mailbox_post__E)
                  200131ac    00000094                  : BIOS.obj (.text:ti_sysbios_knl_Task_unblockI__E)
                  20013240    0000008c     simplelink.a : cc_pal.obj (.text:SetupDMAReceive)
                  200132cc    0000008c                  : cc_pal.obj (.text:SetupDMASend)
                  20013358    0000008c                  : netapp.obj (.text:_sl_HandleAsync_DnsGetHostByName)
                  200133e4    0000008c                  : netapp.obj (.text:_sl_HandleAsync_PingResponse)
                  20013470    0000008c                  : cc_pal.obj (.text:spi_Write)
                  200134fc    00000088     driverlib.a : pin.obj (.text:PinConfigSet)
                  20013584    00000088     rtsv7M4_T_le_eabi.lib : vsnprintf.obj (.text)
                  2001360c    00000088     simplelink.a : socket.obj (.text:sl_Bind)
                  20013694    00000088                  : fs.obj (.text:sl_FsClose)
                  2001371c    00000088     sysbios.aem4 : BIOS.obj (.text:ti_sysbios_knl_Mailbox_Module_startup__E)
                  200137a4    00000086     rtsv7M4_T_le_eabi.lib : fd_cmp_t2.obj (.text:__aeabi_cdcmple)
                  2001382a    00000086                           : fd_cmp_t2.obj (.text:__aeabi_cdrcmple)
                  200138b0    00000084     simplelink.a : cc_pal.obj (.text:NwpPowerOnPreamble)
                  20013934    00000084     sysbios.aem4 : BIOS.obj (.text:ti_sysbios_family_arm_m3_Hwi_initNVIC__E)
                  200139b8    00000084                  : BIOS.obj (.text:ti_sysbios_knl_Mailbox_pend__E)
                  20013a3c    00000082     driverlib.a : gpio.obj (.text:GPIOIntTypeSet)
                  20013abe    00000002     --HOLE-- [fill = 0]
                  20013ac0    00000080     simplelink.a : driver.obj (.text:_SlDrvCmdOp)
                  20013b40    00000080     libparse.a : cc3200_debug.obj (.text)
                  20013bc0    00000080     simplelink.a : cc_pal.obj (.text:spi_Read_CPU)
                  20013c40    00000080                  : cc_pal.obj (.text:spi_Write_CPU)
                  20013cc0    0000007c                  : device.obj (.text:_sl_HandleAsync_InitComplete)
                  20013d3c    0000007a     rtsv7M4_T_le_eabi.lib : memset_t2.obj (.text)
                  20013db6    00000002     --HOLE-- [fill = 0]
                  20013db8    00000078     simplelink.a : socket.obj (.text:_sl_HandleAsync_Connect)
                  20013e30    00000078                  : fs.obj (.text:sl_FsOpen)
                  20013ea8    00000078                  : cc_pal.obj (.text:spi_Close)
                  20013f20    00000076     driverlib.a : uart.obj (.text:UARTConfigSetExpClk)
                  20013f96    00000002     --HOLE-- [fill = 0]
                  20013f98    00000074     simplelink.a : socket.obj (.text:sl_Recv)
                  2001400c    00000074     ti.targets.arm.rtsarm.aem4 : LoggerBuf.oem4 (.text:xdc_runtime_LoggerBuf_getFilterLevel__E)
                  20014080    00000070     sysbios.aem4 : BIOS.obj (.text:ti_sysbios_family_arm_m3_Hwi_postInit__I)
                  200140f0    00000070                  : BIOS.obj (.text:ti_sysbios_knl_Mailbox_Instance_finalize__E)
                  20014160    0000006c     simplelink.a : driver.obj (.text:_SlDrvCmdSend)
                  200141cc    0000006c     ti.targets.arm.rtsarm.aem4 : Error.oem4 (.text:xdc_runtime_Error_print__E)
                  20014238    0000006c                                : Memory.oem4 (.text:xdc_runtime_Memory_alloc__E)
                  200142a4    0000006a     rtsv7M4_T_le_eabi.lib : copy_decompress_rle.obj (.text)
                  2001430e    00000002     --HOLE-- [fill = 0]
                  20014310    00000068     driverlib.a : timer.obj (.text:TimerIntUnregister)
                  20014378    00000068     simplelink.a : netapp.obj (.text:_sl_NetAppSendTokenValue)
                  200143e0    00000068     rtsv7M4_T_le_eabi.lib : trgmsg.obj (.text)
                  20014448    00000068     simplelink.a : device.obj (.text:sl_DevSet)
                  200144b0    00000068                  : socket.obj (.text:sl_SetSockOpt)
                  20014518    00000068                  : wlan.obj (.text:sl_WlanSet)
                  20014580    00000066     rtsv7M4_T_le_eabi.lib : xdunscal.obj (.text)
                  200145e6    00000066     ti.targets.arm.rtsarm.aem4 : Core-mem.oem4 (.text:xdc_runtime_Core_deleteObject__I)
                  2001464c    00000064     app_pem4.oem4 (.text:ti_sysbios_family_arm_m3_Hwi_create)
                  200146b0    00000064     app_pem4.oem4 (.text:ti_sysbios_knl_Mailbox_create)
                  20014714    00000064     driverlib.a : udma.obj (.text:uDMAChannelAttributeDisable)
                  20014778    00000064                 : udma.obj (.text:uDMAChannelAttributeEnable)
                  200147dc    00000064     ti.targets.arm.rtsarm.aem4 : System.oem4 (.text:xdc_runtime_System_formatNum__I)
                  20014840    00000060     simplelink.a : socket.obj (.text:_sl_HandleAsync_Accept)
                  200148a0    00000060     rtsv7M4_T_le_eabi.lib : sprintf.obj (.text)
                  20014900    00000060     simplelink.a : wlan.obj (.text:sl_WlanPolicySet)
                  20014960    00000060     sysbios.aem4 : BIOS.obj (.text:ti_sysbios_family_arm_m3_TimestampProvider_get64__E)
                  200149c0    00000060                  : BIOS.obj (.text:ti_sysbios_knl_Clock_logTick__E)
                  20014a20    0000005c     simplelink.a : socket.obj (.text:sl_Socket)
                  20014a7c    0000005c     sysbios.aem4 : BIOS.obj (.text:ti_sysbios_family_arm_m3_Timer_setPeriod__E)
                  20014ad8    0000005c     app_pem4.oem4 (.text:ti_sysbios_knl_Task_create)
                  20014b34    0000005c     app_pem4.oem4 (.text:xdc_runtime_LoggerBuf_Object__create__S)
                  20014b90    0000005b     ti.targets.arm.rtsarm.aem4 : Text.oem4 (.text:xdc_runtime_Text_putLab__E)
                  20014beb    00000001     --HOLE-- [fill = 0]
                  20014bec    00000058     driverlib.a : interrupt.obj (.text:IntPendClear)
                  20014c44    00000058                 : prcm.obj (.text:PRCMPeripheralReset)
                  20014c9c    00000058     sysbios.aem4 : BIOS.obj (.text:ti_sysbios_knl_Swi_restoreHwi__E)
                  20014cf4    00000058                  : BIOS.obj (.text:ti_sysbios_knl_Swi_schedule__I)
                  20014d4c    00000056     rtsv7M4_T_le_eabi.lib : ltoa.obj (.text)
                  20014da2    00000002     --HOLE-- [fill = 0]
                  20014da4    00000054     driverlib.a : interrupt.obj (.text:IntPrioritySet)
                  20014df8    00000054     simplelink.a : socket.obj (.text:_sl_HandleAsync_Select)
                  20014e4c    00000054     sysbios.aem4 : BIOS.obj (.text:ti_sysbios_family_arm_m3_Timer_start__E)
                  20014ea0    00000054     ti.targets.arm.rtsarm.aem4 : Assert.oem4 (.text:xdc_runtime_Assert_raise__I)
                  20014ef4    00000050     simplelink.a : device.obj (.text:_sl_HandleAsync_Stop)
                  20014f44    00000050                  : fs.obj (.text:sl_FsDel)
                  20014f94    00000050     ti.targets.arm.rtsarm.aem4 : Startup.oem4 (.text:xdc_runtime_Startup_exec__E)
                  20014fe4    00000050                                : Text.oem4 (.text:xdc_runtime_Text_visitRope2__I)
                  20015034    0000004c     driverlib.a : spi.obj (.text:SPIIntEnable)
                  20015080    0000004c     simplelink.a : driver.obj (.text:_SlDrvProtectAsyncRespSetting)
                  200150cc    0000004c                  : driver.obj (.text:_SlDrvRxIrqHandler)
                  20015118    0000004c                  : socket.obj (.text:_sl_BuildAddress)
                  20015164    0000004c     rtsv7M4_T_le_eabi.lib : atoi.obj (.text)
                  200151b0    0000004c                           : cpy_tbl.obj (.text)
                  200151fc    0000004c                           : rand.obj (.text)
                  20015248    0000004c     sysbios.aem4 : m3_TaskSupport_asm.obj (.text:ti_sysbios_family_arm_m3_TaskSupport_buildTaskStack)
                  20015294    0000004c                  : BIOS.obj (.text:ti_sysbios_knl_Swi_runLoop__I)
                  200152e0    0000004c     driverlib.a : udma.obj (.text:uDMAChannelAssign)
                  2001532c    00000048                 : gpio.obj (.text:GPIOGetIntNumber)
                  20015374    00000048                 : spi.obj (.text:SPIIntClear)
                  200153bc    00000048     simplelink.a : driver.obj (.text:_SlDrvBasicCmd)
                  20015404    00000048     rtsv7M4_T_le_eabi.lib : fd_toi_t2.obj (.text)
                  2001544c    00000048     sysbios.aem4 : BIOS.obj (.text:ti_sysbios_family_arm_m3_Hwi_excReserved__I)
                  20015494    00000048                  : m3_Hwi_asm_switch.obj (.text:ti_sysbios_family_arm_m3_Hwi_initStacks__E)
                  200154dc    00000048                  : BIOS.obj (.text:ti_sysbios_family_arm_m3_Timer_initDevice__I)
                  20015524    00000048                  : BIOS.obj (.text:ti_sysbios_heaps_HeapMem_getStats__E)
                  2001556c    00000046     rtsv7M4_T_le_eabi.lib : ldexp.obj (.text)
                  200155b2    00000046     ti.targets.arm.rtsarm.aem4 : Core-params.oem4 (.text:xdc_runtime_Core_assignParams__I)
                  200155f8    00000044     driverlib.a : spi.obj (.text:SPIDmaMaskGet)
                  2001563c    00000044                 : timer.obj (.text:TimerConfigure)
                  20015680    00000044     boot.aem4 : boot.oem4 (.text)
                  200156c4    00000044     simplelink.a : cc_pal.obj (.text:cc_SetupTransfer)
                  20015708    00000044     rtsv7M4_T_le_eabi.lib : exit.obj (.text)
                  2001574c    00000044     sysbios.aem4 : BIOS.obj (.text:ti_sysbios_family_arm_m3_Hwi_disableInterrupt__E)
                  20015790    00000044                  : BIOS.obj (.text:ti_sysbios_family_arm_m3_Hwi_enableInterrupt__E)
                  200157d4    00000044                  : BIOS.obj (.text:ti_sysbios_knl_Task_allBlockedFunction__I)
                  20015818    00000044     ti.targets.arm.rtsarm.aem4 : Error.oem4 (.text:xdc_runtime_Error_setX__E)
                  2001585c    00000044                                : LoggerBuf.oem4 (.text:xdc_runtime_LoggerBuf_filterOutEvent__I)
                  200158a0    00000044                                : SysMin.oem4 (.text:xdc_runtime_SysMin_flush__E)
                  200158e4    00000044                                : Text.oem4 (.text:xdc_runtime_Text_xprintf__I)
                  20015928    00000042     simplelink.a : socket.obj (.text:sl_Htonl)
                  2001596a    00000002     --HOLE-- [fill = 0]
                  2001596c    00000040     driverlib.a : pin.obj (.text:PinModeSet)
                  200159ac    00000040     rtsv7M4_T_le_eabi.lib : signal.obj (.text)
                  200159ec    00000040                           : u_divt2.obj (.text)
                  20015a2c    00000040     sysbios.aem4 : BIOS.obj (.text:ti_sysbios_family_arm_m3_Timer_Module_startup__E)
                  20015a6c    00000040                  : BIOS.obj (.text:ti_sysbios_knl_Mailbox_postInit__I)
                  20015aac    0000003e     app_pem4.oem4 (.text:realloc)
                  20015aea    0000003e     rtsv7M4_T_le_eabi.lib : strncasecmp.obj (.text)
                  20015b28    0000003c     simplelink.a : netapp.obj (.text:CopyPingResultsToReport)
                  20015b64    0000003c     driverlib.a : prcm.obj (.text:PRCMPeripheralClkEnable)
                  20015ba0    0000003c     simplelink.a : socket.obj (.text:_sl_TruncatePayloadByProtocol)
                  20015bdc    0000003c                  : socket.obj (.text:sl_Htons)
                  20015c18    0000003c     sysbios.aem4 : BIOS.obj (.text:ti_sysbios_family_arm_m3_Hwi_excSvCall__I)
                  20015c54    0000003c                  : BIOS.obj (.text:ti_sysbios_heaps_HeapMem_init__I)
                  20015c90    0000003c                  : BIOS.obj (.text:ti_sysbios_knl_Swi_startup__E)
                  20015ccc    0000003c     driverlib.a : udma.obj (.text:uDMAChannelControlSet)
                  20015d08    0000003a     ti.targets.arm.rtsarm.aem4 : LoggerBuf.oem4 (.text:xdc_runtime_LoggerBuf_Instance_init__E)
                  20015d42    00000002     --HOLE-- [fill = 0]
                  20015d44    00000038     simplelink.a : cc_pal.obj (.text:NwpPowerOff)
                  20015d7c    00000038     sysbios.aem4 : BIOS.obj (.text:ti_sysbios_family_arm_m3_Hwi_excNoIsr__I)
                  20015db4    00000038                  : BIOS.obj (.text:ti_sysbios_family_arm_m3_Hwi_getStackInfo__E)
                  20015dec    00000038                  : BIOS.obj (.text:ti_sysbios_family_arm_m3_TaskSupport_start__E)
                  20015e24    00000038                  : BIOS.obj (.text:ti_sysbios_knl_Task_processVitalTaskFlag__I)
                  20015e5c    00000038     ti.targets.arm.rtsarm.aem4 : SysMin.oem4 (.text:xdc_runtime_SysMin_putch__E)
                  20015e94    00000038                                : System.oem4 (.text:xdc_runtime_System_atexit__E)
                  20015ecc    00000036     driverlib.a : gpio.obj (.text:GPIODirModeSet)
                  20015f02    00000002     --HOLE-- [fill = 0]
                  20015f04    00000034                 : prcm.obj (.text:PRCMPeripheralStatusGet)
                  20015f38    00000034                 : spi.obj (.text:SPIFIFOLevelSet)
                  20015f6c    00000034     rtsv7M4_T_le_eabi.lib : feraiseexcept.obj (.text)
                  20015fa0    00000034                           : strstr.obj (.text)
                  20015fd4    00000034     sysbios.aem4 : BIOS.obj (.text:ti_sysbios_family_arm_m3_Hwi_excNmi__I)
                  20016008    00000034                  : BIOS.obj (.text:ti_sysbios_family_arm_m3_Timer_periodicStub__I)
                  2001603c    00000034                  : BIOS.obj (.text:ti_sysbios_hal_Hwi_checkStack)
                  20016070    00000034     app_pem4.oem4 (.text:ti_sysbios_knl_Semaphore_create)
                  200160a4    00000034     ti.targets.arm.rtsarm.aem4 : Core-label.oem4 (.text:xdc_runtime_Core_assignLabel__I)
                  200160d8    00000033                                : Text.oem4 (.text:xdc_runtime_Text_printVisFxn__I)
                  2001610b    00000001     --HOLE-- [fill = 0]
                  2001610c    00000032     sysbios.aem4 : BIOS.obj (.text:ti_sysbios_knl_Semaphore_pendTimeout__I)
                  2001613e    00000030     driverlib.a : pin.obj (.text:PinTypeGPIO)
                  2001616e    00000002     --HOLE-- [fill = 0]
                  20016170    00000030                 : uart.obj (.text:UARTDisable)
                  200161a0    00000030     simplelink.a : device.obj (.text:_SlDrvDeviceEventHandler)
                  200161d0    00000030                  : fs.obj (.text:_sl_Strlen)
                  20016200    00000030     rtsv7M4_T_le_eabi.lib : strncpy.obj (.text)
                  20016230    00000030                           : xferaise.obj (.text)
                  20016260    00000030     simplelink.a : socket.obj (.text:sl_Close)
                  20016290    00000030                  : wlan.obj (.text:sl_WlanProfileDel)
                  200162c0    00000030                  : wlan.obj (.text:sl_WlanSetMode)
                  200162f0    00000030     app_pem4.oem4 (.text:ti_sysbios_BIOS_atExitFunc__I)
                  20016320    00000030     app_pem4.oem4 (.text:ti_sysbios_gates_GateHwi_Object__create__S)
                  20016350    00000030     app_pem4.oem4 (.text:ti_sysbios_gates_GateMutex_Object__create__S)
                  20016380    00000030     app_pem4.oem4 (.text:ti_sysbios_heaps_HeapMem_Object__create__S)
                  200163b0    00000030     app_pem4.oem4 (.text:ti_sysbios_knl_Semaphore_construct)
                  200163e0    00000030     ti.targets.arm.rtsarm.aem4 : SysMin.oem4 (.text:xdc_runtime_SysMin_abort__E)
                  20016410    00000030                                : System.oem4 (.text:xdc_runtime_System_processAtExit__E)
                  20016440    0000002e     app_pem4.oem4 (.text:malloc)
                  2001646e    0000002e     rtsv7M4_T_le_eabi.lib : i_tofd_t2.obj (.text)
                  2001649c    0000002e                           : raise.obj (.text)
                  200164ca    00000002     --HOLE-- [fill = 0]
                  200164cc    0000002c     simplelink.a : cc_pal.obj (.text:DmaSpiSwIntHandler)
                  200164f8    0000002c                  : cc_pal.obj (.text:NwpPowerOn)
                  20016524    0000002c     driverlib.a : prcm.obj (.text:PRCMSysResetCauseGet)
                  20016550    0000002c     sysbios.aem4 : BIOS.obj (.text:ti_sysbios_family_arm_m3_Hwi_Instance_finalize__E)
                  2001657c    0000002c                  : BIOS.obj (.text:ti_sysbios_hal_Hwi_initStack)
                  200165a8    0000002c     app_pem4.oem4 (.text:ti_sysbios_knl_Clock_doTick__I)
                  200165d4    0000002c     app_pem4.oem4 (.text:ti_sysbios_knl_Queue_construct)
                  20016600    0000002c     sysbios.aem4 : BIOS.obj (.text:ti_sysbios_knl_Task_restore__E)
                  2001662c    0000002c     ti.targets.arm.rtsarm.aem4 : Text.oem4 (.text:xdc_runtime_Text_cordText__E)
                  20016658    0000002a     driverlib.a : timer.obj (.text:TimerLoadSet)
                  20016682    0000002a                 : timer.obj (.text:TimerPrescaleSet)
                  200166ac    0000002a     rtsv7M4_T_le_eabi.lib : xdclass.obj (.text)
                  200166d6    0000002a     ti.targets.arm.rtsarm.aem4 : System.oem4 (.text:xdc_runtime_System_putchar__I)
                  20016700    00000028     driverlib.a : prcm.obj (.text:PRCMPeripheralClkDisable)
                  20016728    00000028     ti.targets.arm.rtsarm.aem4 : LoggerBuf.oem4 (.text:xdc_runtime_LoggerBuf_Module_startup__E)
                  20016750    00000026     simplelink.a : cc_pal.obj (.text:NwpRegisterInterruptHandler)
                  20016776    00000026     rtsv7M4_T_le_eabi.lib : strncmp.obj (.text)
                  2001679c    00000026     ti.targets.arm.rtsarm.aem4 : System.oem4 (.text:xdc_runtime_System_avprintf__E)
                  200167c2    00000002     --HOLE-- [fill = 0]
                  200167c4    00000024     driverlib.a : interrupt.obj (.text:IntUnregister)
                  200167e8    00000024                 : uart.obj (.text:UARTEnable)
                  2001680c    00000024     simplelink.a : driver.obj (.text:_SlDrvProtectionObjLockWaitForever)
                  20016830    00000024     rtsv7M4_T_le_eabi.lib : memmov.obj (.text)
                  20016854    00000024     app_pem4.oem4 (.text:ti_sysbios_BIOS_errorRaiseHook__I)
                  20016878    00000024     app_pem4.oem4 (.text:ti_sysbios_BIOS_registerRTSLock__I)
                  2001689c    00000024     app_pem4.oem4 (.text:ti_sysbios_BIOS_removeRTSLock__I)
                  200168c0    00000024     app_pem4.oem4 (.text:ti_sysbios_BIOS_startFunc__I)
                  200168e4    00000024     sysbios.aem4 : BIOS.obj (.text:ti_sysbios_family_arm_m3_Hwi_doTaskRestore__I)
                  20016908    00000024                  : BIOS.obj (.text:ti_sysbios_family_arm_m3_Timer_startup__E)
                  2001692c    00000024     app_pem4.oem4 (.text:ti_sysbios_gates_GateMutex_Object__delete__S)
                  20016950    00000024     sysbios.aem4 : BIOS.obj (.text:ti_sysbios_knl_Clock_Module_startup__E)
                  20016974    00000024     app_pem4.oem4 (.text:ti_sysbios_knl_Semaphore_Object__delete__S)
                  20016998    00000024     sysbios.aem4 : BIOS.obj (.text:ti_sysbios_knl_Swi_Module_startup__E)
                  200169bc    00000024     ti.targets.arm.rtsarm.aem4 : System.oem4 (.text:xdc_runtime_System_vprintf__E)
                  200169e0    00000022     simplelink.a : socket.obj (.text:SL_FD_SET)
                  20016a02    00000022     driverlib.a : spi.obj (.text:SPIReset)
                  20016a24    00000022                 : spi.obj (.text:SPIWordCountSet)
                  20016a46    00000022     rtsv7M4_T_le_eabi.lib : frexp.obj (.text)
                  20016a68    00000022                           : memcmp.obj (.text)
                  20016a8a    00000022     app_pem4.oem4 (.text:xdc_runtime_SysMin_output__I)
                  20016aac    00000020     driverlib.a : gpio.obj (.text:GPIOPinWrite)
                  20016acc    00000020                 : interrupt.obj (.text:IntRegister)
                  20016aec    00000020     simplelink.a : driver.obj (.text:_SlDrvProtectionObjUnLock)
                  20016b0c    00000020     app_pem4.oem4 (.text:ti_sysbios_BIOS_rtsLock__I)
                  20016b2c    00000020     app_pem4.oem4 (.text:ti_sysbios_family_arm_m3_Hwi_Object__delete__S)
                  20016b4c    00000020     sysbios.aem4 : m3_Hwi_asm.obj (.text:ti_sysbios_family_arm_m3_Hwi_excHandlerAsm__I)
                  20016b6c    00000020                  : BIOS.obj (.text:ti_sysbios_family_arm_m3_Hwi_excHandler__I)
                  20016b8c    00000020                  : BIOS.obj (.text:ti_sysbios_family_arm_m3_TimestampProvider_Module_startup__E)
                  20016bac    00000020     app_pem4.oem4 (.text:ti_sysbios_gates_GateHwi_Object__delete__S)
                  20016bcc    00000020     app_pem4.oem4 (.text:ti_sysbios_heaps_HeapMem_Object__delete__S)
                  20016bec    00000020     sysbios.aem4 : BIOS.obj (.text:ti_sysbios_knl_Idle_run__E)
                  20016c0c    00000020     app_pem4.oem4 (.text:ti_sysbios_knl_Mailbox_Object__delete__S)
                  20016c2c    00000020     app_pem4.oem4 (.text:ti_sysbios_knl_Semaphore_Object__destruct__S)
                  20016c4c    00000020     app_pem4.oem4 (.text:ti_sysbios_knl_Task_Object__delete__S)
                  20016c6c    00000020     sysbios.aem4 : BIOS.obj (.text:ti_sysbios_knl_Task_enter__I)
                  20016c8c    00000020     app_pem4.oem4 (.text:xdc_runtime_LoggerBuf_Object__delete__S)
                  20016cac    00000020     ti.targets.arm.rtsarm.aem4 : LoggerBuf.oem4 (.text:xdc_runtime_LoggerBuf_reset__E)
                  20016ccc    00000020                                : Registry.oem4 (.text:xdc_runtime_Registry_findById__E)
                  20016cec    00000020                                : SysMin.oem4 (.text:xdc_runtime_SysMin_Module_startup__E)
                  20016d0c    0000001e     driverlib.a : gpio.obj (.text:GPIOIntRegister)
                  20016d2a    0000001e                 : timer.obj (.text:TimerDisable)
                  20016d48    0000001e                 : timer.obj (.text:TimerEnable)
                  20016d66    0000001e                 : timer.obj (.text:TimerIntStatus)
                  20016d84    0000001e                 : uart.obj (.text:UARTCharPut)
                  20016da2    0000001e     simplelink.a : cc_pal.obj (.text:cc_UDMAChannelSelect)
                  20016dc0    0000001e     sysbios.aem4 : m3_Hwi_asm_switch.obj (.text:ti_sysbios_family_xxx_Hwi_switchAndRunFunc)
                  20016dde    0000001c     driverlib.a : timer.obj (.text:TimerValueGet)
                  20016dfa    0000001c                 : uart.obj (.text:UARTCharGetNonBlocking)
                  20016e16    0000001c                 : uart.obj (.text:UARTFlowControlSet)
                  20016e32    0000001c     simplelink.a : driver.obj (.text:_SlDrvObjLockWaitForever)
                  20016e4e    0000001c                  : driver.obj (.text:_SlDrvSyncObjWaitForever)
                  20016e6a    0000001c     rtsv7M4_T_le_eabi.lib : memccpy.obj (.text)
                  20016e86    00000002     --HOLE-- [fill = 0]
                  20016e88    0000001c     sysbios.aem4 : BIOS.obj (.text:ti_sysbios_family_arm_m3_Hwi_setPriority__E)
                  20016ea4    0000001c                  : BIOS.obj (.text:ti_sysbios_gates_GateMutex_Instance_init__E)
                  20016ec0    0000001c     app_pem4.oem4 (.text:ti_sysbios_knl_Queue_Object__destruct__S)
                  20016edc    0000001c     driverlib.a : udma.obj (.text:uDMAChannelEnable)
                  20016ef8    0000001c     ti.targets.arm.rtsarm.aem4 : Error.oem4 (.text:xdc_runtime_Error_raiseX__E)
                  20016f14    0000001c                                : Memory.oem4 (.text:xdc_runtime_Memory_valloc__E)
                  20016f30    0000001c                                : SysMin.oem4 (.text:xdc_runtime_SysMin_exit__E)
                  20016f4c    0000001c                                : System.oem4 (.text:xdc_runtime_System_abort__E)
                  20016f68    0000001a     driverlib.a : gpio.obj (.text:GPIOIntDisable)
                  20016f82    0000001a                 : gpio.obj (.text:GPIOIntEnable)
                  20016f9c    0000001a                 : pin.obj (.text:PinTypeUART)
                  20016fb6    0000001a                 : spi.obj (.text:SPIDmaDisable)
                  20016fd0    0000001a                 : spi.obj (.text:SPIDmaEnable)
                  20016fea    0000001a                 : spi.obj (.text:SPIFIFODisable)
                  20017004    0000001a                 : spi.obj (.text:SPIFIFOEnable)
                  2001701e    0000001a     app_pem4.oem4 (.text:ti_sysbios_family_arm_m3_Hwi_Handle__label__S)
                  20017038    0000001a     sysbios.aem4 : m3_Hwi_asm.obj (.text:ti_sysbios_family_arm_m3_Hwi_pendSV__I)
                  20017052    0000001a     app_pem4.oem4 (.text:ti_sysbios_gates_GateHwi_Handle__label__S)
                  2001706c    0000001a     app_pem4.oem4 (.text:ti_sysbios_gates_GateMutex_Handle__label__S)
                  20017086    0000001a     app_pem4.oem4 (.text:ti_sysbios_heaps_HeapMem_Handle__label__S)
                  200170a0    0000001a     app_pem4.oem4 (.text:ti_sysbios_knl_Swi_Handle__label__S)
                  200170ba    0000001a     app_pem4.oem4 (.text:ti_sysbios_knl_Task_Handle__label__S)
                  200170d4    0000001a     sysbios.aem4 : BIOS.obj (.text:ti_sysbios_knl_Task_sleepTimeout__I)
                  200170ee    0000001a     app_pem4.oem4 (.text:xdc_runtime_LoggerBuf_Handle__label__S)
                  20017108    0000001a     app_pem4.oem4 (.text:xdc_runtime_System_aprintf__E)
                  20017122    0000001a     app_pem4.oem4 (.text:xdc_runtime_System_printf__E)
                  2001713c    00000018     driverlib.a : gpio.obj (.text:GPIOPinRead)
                  20017154    00000018                 : spi.obj (.text:SPICSDisable)
                  2001716c    00000018                 : spi.obj (.text:SPICSEnable)
                  20017184    00000018                 : spi.obj (.text:SPIDisable)
                  2001719c    00000018                 : spi.obj (.text:SPIEnable)
                  200171b4    00000018                 : timer.obj (.text:TimerIntDisable)
                  200171cc    00000018                 : timer.obj (.text:TimerIntEnable)
                  200171e4    00000018                 : uart.obj (.text:UARTCharsAvail)
                  200171fc    00000018     simplelink.a : driver.obj (.text:_SlDrvObjUnLock)
                  20017214    00000018                  : driver.obj (.text:_SlDrvSyncObjSignal)
                  2001722c    00000018                  : device.obj (.text:_sl_GetStartResponseConvert)
                  20017244    00000018     app_pem4.oem4 (.text:free)
                  2001725c    00000018     rtsv7M4_T_le_eabi.lib : args_main.obj (.text)
                  20017274    00000018                           : strcmp.obj (.text)
                  2001728c    00000018     app_pem4.oem4 (.text:ti_sysbios_BIOS_rtsUnlock__I)
                  200172a4    00000018     app_pem4.oem4 (.text:ti_sysbios_family_arm_m3_Hwi_Module__startupDone__F)
                  200172bc    00000018     app_pem4.oem4 (.text:ti_sysbios_family_arm_m3_Timer_Module__startupDone__F)
                  200172d4    00000018     sysbios.aem4 : BIOS.obj (.text:ti_sysbios_gates_GateMutex_leave__E)
                  200172ec    00000018     ti.targets.arm.rtsarm.aem4 : Error.oem4 (.text:xdc_runtime_Error_check__E)
                  20017304    00000018                                : System.oem4 (.text:xdc_runtime_System_exit__E)
                  2001731c    00000018                                : Text.oem4 (.text:xdc_runtime_Text_ropeText__E)
                  20017334    00000016     driverlib.a : prcm.obj (.text:PRCMHIBRegRead)
                  2001734a    00000016                 : prcm.obj (.text:PRCMHIBRegWrite)
                  20017360    00000016                 : uart.obj (.text:UARTFIFOEnable)
                  20017376    00000016     simplelink.a : driver.obj (.text:_SlDrvMemZero)
                  2001738c    00000016     rtsv7M4_T_le_eabi.lib : strchr.obj (.text)
                  200173a2    00000016     app_pem4.oem4 (.text:ti_sysbios_BIOS_exitFunc__I)
                  200173b8    00000014     driverlib.a : cpu.obj (.text:CPUcpsie)
                  200173cc    00000014                 : gpio.obj (.text:GPIOIntClear)
                  200173e0    00000014     rtsv7M4_T_le_eabi.lib : _lock.obj (.text)
                  200173f4    00000014                           : strcpy.obj (.text)
                  20017408    00000014                           : strlen.obj (.text)
                  2001741c    00000014     app_pem4.oem4 (.text:ti_sysbios_family_arm_m3_Hwi_Object__get__S)
                  20017430    00000014     sysbios.aem4 : BIOS.obj (.text:ti_sysbios_family_arm_m3_Hwi_switchFromBootStack__E)
                  20017444    00000014     app_pem4.oem4 (.text:ti_sysbios_heaps_HeapMem_Object__get__S)
                  20017458    00000014     app_pem4.oem4 (.text:ti_sysbios_knl_Swi_Object__get__S)
                  2001746c    00000014     app_pem4.oem4 (.text:xdc_runtime_LoggerBuf_Object__get__S)
                  20017480    00000012     driverlib.a : timer.obj (.text:TimerIntClear)
                  20017492    00000012     sysbios.aem4 : BIOS.obj (.text:ti_sysbios_hal_Hwi_Module_startup__E)
                  200174a4    00000012                  : BIOS.obj (.text:ti_sysbios_hal_Timer_Module_startup__E)
                  200174b6    00000012     ti.targets.arm.rtsarm.aem4 : LoggerBuf.oem4 (.text:xdc_runtime_LoggerBuf_Instance_finalize__E)
                  200174c8    00000012                                : LoggerBuf.oem4 (.text:xdc_runtime_LoggerBuf_write1__E)
                  200174da    00000012                                : LoggerBuf.oem4 (.text:xdc_runtime_LoggerBuf_write2__E)
                  200174ec    00000012     app_pem4.oem4 (.text:xdc_runtime_Startup_exec__I)
                  200174fe    00000010     simplelink.a : socket.obj (.text:SL_FD_ZERO)
                  2001750e    00000002     --HOLE-- [fill = 0]
                  20017510    00000010     sysbios.aem4 : BIOS.obj (.text:ti_sysbios_BIOS_setThreadType__E)
                  20017520    00000010                  : BIOS.obj (.text:ti_sysbios_BIOS_start__E)
                  20017530    00000010                  : BIOS.obj (.text:ti_sysbios_family_arm_m3_Hwi_getHandle__E)
                  20017540    00000010                  : m3_TaskSupport_asm.obj (.text:ti_sysbios_family_arm_m3_TaskSupport_glue)
                  20017550    00000010                  : m3_TaskSupport_asm.obj (.text:ti_sysbios_family_arm_m3_TaskSupport_swap__E)
                  20017560    00000010                  : BIOS.obj (.text:ti_sysbios_gates_GateMutex_Instance_finalize__E)
                  20017570    00000010     app_pem4.oem4 (.text:ti_sysbios_knl_Mailbox_Object__get__S)
                  20017580    00000010     sysbios.aem4 : BIOS.obj (.text:ti_sysbios_knl_Semaphore_Instance_finalize__E)
                  20017590    00000010                  : BIOS.obj (.text:ti_sysbios_knl_Swi_disable__E)
                  200175a0    00000010     app_pem4.oem4 (.text:ti_sysbios_knl_Task_Object__get__S)
                  200175b0    00000010     sysbios.aem4 : BIOS.obj (.text:ti_sysbios_knl_Task_disable__E)
                  200175c0    00000010     ti.targets.arm.rtsarm.aem4 : Gate.oem4 (.text:xdc_runtime_Gate_leaveSystem__E)
                  200175d0    00000010                                : LoggerBuf.oem4 (.text:xdc_runtime_LoggerBuf_write0__E)
                  200175e0    00000010                                : Memory.oem4 (.text:xdc_runtime_Memory_free__E)
                  200175f0    00000010                                : SysMin.oem4 (.text:xdc_runtime_SysMin_ready__E)
                  20017600    00000010                                : System.oem4 (.text:xdc_runtime_System_vsnprintf__E)
                  20017610    00000010     app_pem4.oem4 (.text:xdc_runtime_Text_visitRope__I)
                  20017620    0000000e     simplelink.a : driver.obj (.text:_SlDrvResetCmdExt)
                  2001762e    0000000e     rtsv7M4_T_le_eabi.lib : copy_decompress_none.obj (.text:decompress:none)
                  2001763c    0000000e     sysbios.aem4 : BIOS.obj (.text:ti_sysbios_knl_Queue_empty__E)
                  2001764a    00000002     --HOLE-- [fill = 0]
                  2001764c    0000000c     simplelink.a : cc_pal.obj (.text:NwpMaskInterrupt)
                  20017658    0000000c                  : cc_pal.obj (.text:NwpUnMaskInterrupt)
                  20017664    0000000c     rtsv7M4_T_le_eabi.lib : copy_zero_init.obj (.text:decompress:ZI)
                  20017670    0000000c     app_pem4.oem4 (.text:ti_sysbios_family_arm_m3_Hwi_Params__init__S)
                  2001767c    0000000c     sysbios.aem4 : BIOS.obj (.text:ti_sysbios_family_arm_m3_Hwi_disableFxn__E)
                  20017688    0000000c                  : BIOS.obj (.text:ti_sysbios_family_arm_m3_TaskSupport_checkStack__E)
                  20017694    0000000c                  : BIOS.obj (.text:ti_sysbios_family_arm_m3_TaskSupport_getStackAlignment__E)
                  200176a0    0000000c                  : BIOS.obj (.text:ti_sysbios_gates_GateHwi_enter__E)
                  200176ac    0000000c     app_pem4.oem4 (.text:ti_sysbios_knl_Queue_Object__get__S)
                  200176b8    0000000c     app_pem4.oem4 (.text:ti_sysbios_knl_Semaphore_Params__init__S)
                  200176c4    0000000c     app_pem4.oem4 (.text:ti_sysbios_knl_Task_Params__init__S)
                  200176d0    0000000c     ti.targets.arm.rtsarm.aem4 : Error.oem4 (.text:xdc_runtime_Error_init__E)
                  200176dc    0000000c                                : Gate.oem4 (.text:xdc_runtime_Gate_enterSystem__E)
                  200176e8    0000000c                                : Memory.oem4 (.text:xdc_runtime_Memory_calloc__E)
                  200176f4    0000000c                                : Memory.oem4 (.text:xdc_runtime_Memory_getMaxDefaultTypeAlign__E)
                  20017700    0000000a     driverlib.a : interrupt.obj (.text:IntMasterEnable)
                  2001770a    0000000a     app_pem4.oem4 (.text:xdc_runtime_IHeap_alloc)
                  20017714    0000000a     app_pem4.oem4 (.text:xdc_runtime_IHeap_free)
                  2001771e    0000000a     ti.targets.arm.rtsarm.aem4 : LoggerBuf.oem4 (.text:xdc_runtime_LoggerBuf_disable__E)
                  20017728    0000000a                                : LoggerBuf.oem4 (.text:xdc_runtime_LoggerBuf_enable__E)
                  20017732    00000008     sysbios.aem4 : BIOS.obj (.text:ti_sysbios_family_arm_m3_Hwi_doSwiRestore__I)
                  2001773a    00000008                  : BIOS.obj (.text:ti_sysbios_family_arm_m3_Hwi_startup__E)
                  20017742    00000008                  : BIOS.obj (.text:ti_sysbios_knl_Idle_loop__E)
                  2001774a    00000006     driverlib.a : utils.obj (.text:UtilsDelay)
                  20017750    00000006     ti.targets.arm.rtsarm.aem4 : xdc_noinit.oem4 (.text:__xdc__init)
                  20017756    00000006     rtsv7M4_T_le_eabi.lib : copy_decompress_rle.obj (.text:decompress:rle24)
                  2001775c    00000006     sysbios.aem4 : BIOS.obj (.text:ti_sysbios_family_arm_m3_Hwi_restoreFxn__E)
                  20017762    00000006                  : BIOS.obj (.text:ti_sysbios_gates_GateHwi_leave__E)
                  20017768    00000006                  : BIOS.obj (.text:ti_sysbios_heaps_HeapMem_isBlocking__E)
                  2001776e    00000006                  : BIOS.obj (.text:ti_sysbios_knl_Queue_Instance_init__E)
                  20017774    00000006     ti.targets.arm.rtsarm.aem4 : System.oem4 (.text:xdc_runtime_System_Module_startup__E)
                  2001777a    00000004     app_pem4.oem4 (.text:ti_sysbios_BIOS_RtsGateProxy_enter__E)
                  2001777e    00000004     app_pem4.oem4 (.text:ti_sysbios_BIOS_RtsGateProxy_leave__E)
                  20017782    00000004     app_pem4.oem4 (.text:ti_sysbios_family_arm_m3_Hwi_delete)
                  20017786    00000004     app_pem4.oem4 (.text:ti_sysbios_family_arm_m3_TaskSupport_Module__startupDone__S)
                  2001778a    00000004     sysbios.aem4 : BIOS.obj (.text:ti_sysbios_family_arm_m3_Timer_getMaxTicks__E)
                  2001778e    00000004                  : BIOS.obj (.text:ti_sysbios_gates_GateHwi_query__E)
                  20017792    00000004                  : BIOS.obj (.text:ti_sysbios_gates_GateMutex_query__E)
                  20017796    00000004     app_pem4.oem4 (.text:ti_sysbios_heaps_HeapMem_Module_GateProxy_enter__E)
                  2001779a    00000004     app_pem4.oem4 (.text:ti_sysbios_heaps_HeapMem_Module_GateProxy_leave__E)
                  2001779e    00000004     app_pem4.oem4 (.text:ti_sysbios_knl_Clock_TimerProxy_getMaxTicks__E)
                  200177a2    00000004     app_pem4.oem4 (.text:ti_sysbios_knl_Mailbox_delete)
                  200177a6    00000004     app_pem4.oem4 (.text:ti_sysbios_knl_Queue_destruct)
                  200177aa    00000004     app_pem4.oem4 (.text:ti_sysbios_knl_Semaphore_delete)
                  200177ae    00000004     app_pem4.oem4 (.text:ti_sysbios_knl_Semaphore_destruct)
                  200177b2    00000004     app_pem4.oem4 (.text:ti_sysbios_knl_Task_delete)
                  200177b6    00000004     sysbios.aem4 : BIOS.obj (.text:ti_sysbios_knl_Task_startup__E)
                  200177ba    00000004     ti.targets.arm.rtsarm.aem4 : Error.oem4 (.text:xdc_runtime_Error_getSite__E)
                  200177be    00000004     app_pem4.oem4 (.text:xdc_runtime_LoggerBuf_Module_GateProxy_enter__E)
                  200177c2    00000004     app_pem4.oem4 (.text:xdc_runtime_LoggerBuf_Module_GateProxy_leave__E)
                  200177c6    00000004     app_pem4.oem4 (.text:xdc_runtime_System_Module_GateProxy_enter__E)
                  200177ca    00000004     app_pem4.oem4 (.text:xdc_runtime_System_Module_GateProxy_leave__E)
                  200177ce    00000004     ti.targets.arm.rtsarm.aem4 : System.oem4 (.text:xdc_runtime_System_aprintf_va__F)
                  200177d2    00000004                                : System.oem4 (.text:xdc_runtime_System_printf_va__F)

.const     0    200177d8    0000269c     
                  200177d8    00001866     app_pem4.oem4 (.const:xdc_runtime_Text_charTab__A)
                  2001903e    00000101     rtsv7M4_T_le_eabi.lib : ctype.obj (.const:.string:_ctypes_)
                  2001913f    00000001     app_pem4.oem4 (.const:xdc_runtime_Error_policy__C)
                  20019140    00000100     driverlib.a : pin.obj (.const:g_ulPinToPadMap)
                  20019240    000000d4                 : interrupt.obj (.const:g_pulRegs)
                  20019314    000000b8     app_pem4.oem4 (.const:xdc_runtime_Text_nodeTab__A)
                  200193cc    000000a8     driverlib.a : prcm.obj (.const:PRCM_PeriphRegsList)
                  20019474    0000009a     main.obj (.const:.string)
                  2001950e    00000002     app_pem4.oem4 (.const:ti_sysbios_family_arm_m3_Hwi_Module__id__C)
                  20019510    00000080     driverlib.a : interrupt.obj (.const)
                  20019590    00000048     app_pem4.oem4 (.const:.string)
                  200195d8    0000003c     simplelink.a : driver.obj (.const:OpcodeTranslateTable)
                  20019614    0000003c                  : wlan.obj (.const)
                  20019650    0000003c     app_pem4.oem4 (.const:ti_sysbios_knl_Task_Object__PARAMS__C)
                  2001968c    0000003c     app_pem4.oem4 (.const:xdc_runtime_LoggerBuf_Module__FXNS__C)
                  200196c8    00000038     simplelink.a : driver.obj (.const:_SlActionLookupTable)
                  20019700    00000038                  : fs.obj (.const)
                  20019738    00000034                  : driver.obj (.const)
                  2001976c    00000034                  : socket.obj (.const)
                  200197a0    00000034     app_pem4.oem4 (.const:ti_sysbios_knl_Mailbox_Object__PARAMS__C)
                  200197d4    00000030     app_pem4.oem4 (.const:ti_sysbios_family_arm_m3_Hwi_Object__PARAMS__C)
                  20019804    00000030     app_pem4.oem4 (.const:xdc_runtime_Startup_sfxnTab__A)
                  20019834    0000002c     libparse.a : cc3200_utils.obj (.const:$P$T0$1)
                  20019860    00000028     simplelink.a : netapp.obj (.const)
                  20019888    00000028     app_pem4.oem4 (.const:ti_sysbios_heaps_HeapMem_Module__FXNS__C)
                  200198b0    00000024     main.obj (.const:g_acMonthOfYear)
                  200198d4    00000024     app_pem4.oem4 (.const:ti_sysbios_gates_GateHwi_Module__FXNS__C)
                  200198f8    00000024     app_pem4.oem4 (.const:ti_sysbios_gates_GateMutex_Module__FXNS__C)
                  2001991c    00000024     app_pem4.oem4 (.const:ti_sysbios_heaps_HeapMem_Object__PARAMS__C)
                  20019940    00000024     app_pem4.oem4 (.const:ti_sysbios_knl_Semaphore_Object__PARAMS__C)
                  20019964    00000024     app_pem4.oem4 (.const:xdc_runtime_LoggerBuf_Object__PARAMS__C)
                  20019988    00000020     app_pem4.oem4 (.const:ti_sysbios_family_arm_m3_Hwi_Object__DESC__C)
                  200199a8    00000020     app_pem4.oem4 (.const:ti_sysbios_gates_GateHwi_Object__DESC__C)
                  200199c8    00000020     app_pem4.oem4 (.const:ti_sysbios_gates_GateMutex_Object__DESC__C)
                  200199e8    00000020     app_pem4.oem4 (.const:ti_sysbios_heaps_HeapMem_Object__DESC__C)
                  20019a08    00000020     app_pem4.oem4 (.const:ti_sysbios_knl_Mailbox_Object__DESC__C)
                  20019a28    00000020     app_pem4.oem4 (.const:ti_sysbios_knl_Queue_Object__DESC__C)
                  20019a48    00000020     app_pem4.oem4 (.const:ti_sysbios_knl_Semaphore_Object__DESC__C)
                  20019a68    00000020     app_pem4.oem4 (.const:ti_sysbios_knl_Task_Object__DESC__C)
                  20019a88    00000020     app_pem4.oem4 (.const:xdc_runtime_LoggerBuf_Object__DESC__C)
                  20019aa8    00000018     driverlib.a : spi.obj (.const)
                  20019ac0    00000018     app_pem4.oem4 (.const:ti_sysbios_gates_GateHwi_Object__PARAMS__C)
                  20019ad8    00000018     app_pem4.oem4 (.const:ti_sysbios_gates_GateMutex_Object__PARAMS__C)
                  20019af0    00000018     app_pem4.oem4 (.const:ti_sysbios_knl_Queue_Object__PARAMS__C)
                  20019b08    00000018     app_pem4.oem4 (.const:xdc_runtime_Startup_sfxnRts__A)
                  20019b20    00000017     libparse.a : request.obj (.const:.string)
                  20019b37    00000015     main.obj (.const)
                  20019b4c    00000014     simplelink.a : device.obj (.const)
                  20019b60    00000011     ti.targets.arm.rtsarm.aem4 : System.oem4 (.const:.string)
                  20019b71    00000010     simplelink.a : socket.obj (.const:.string)
                  20019b81    00000001     --HOLE-- [fill = 0]
                  20019b82    00000002     app_pem4.oem4 (.const:ti_sysbios_family_arm_m3_Hwi_Module__loggerDefined__C)
                  20019b84    0000000c     app_pem4.oem4 (.const:xdc_runtime_Startup_firstFxns__A)
                  20019b90    0000000b     network_if.obj (.const:.string)
                  20019b9b    00000008     simplelink.a : device.obj (.const:.string)
                  20019ba3    00000001     --HOLE-- [fill = 0]
                  20019ba4    00000008     LCD.obj (.const)
                  20019bac    00000008     app_pem4.oem4 (.const:ti_sysbios_family_arm_m3_Hwi_excHookFuncs__A)
                  20019bb4    00000008     app_pem4.oem4 (.const:ti_sysbios_knl_Idle_funcList__C)
                  20019bbc    00000008     app_pem4.oem4 (.const:xdc_runtime_Startup_firstFxns__C)
                  20019bc4    00000008     app_pem4.oem4 (.const:xdc_runtime_Startup_lastFxns__C)
                  20019bcc    00000004     app_pem4.oem4 (.const:ti_sysbios_family_arm_m3_Hwi_E_NMI__C)
                  20019bd0    00000004     app_pem4.oem4 (.const:ti_sysbios_family_arm_m3_Hwi_E_alreadyDefined__C)
                  20019bd4    00000004     app_pem4.oem4 (.const:ti_sysbios_family_arm_m3_Hwi_E_busFault__C)
                  20019bd8    00000004     app_pem4.oem4 (.const:ti_sysbios_family_arm_m3_Hwi_E_debugMon__C)
                  20019bdc    00000004     app_pem4.oem4 (.const:ti_sysbios_family_arm_m3_Hwi_E_hardFault__C)
                  20019be0    00000004     app_pem4.oem4 (.const:ti_sysbios_family_arm_m3_Hwi_E_memFault__C)
                  20019be4    00000004     app_pem4.oem4 (.const:ti_sysbios_family_arm_m3_Hwi_E_noIsr__C)
                  20019be8    00000004     app_pem4.oem4 (.const:ti_sysbios_family_arm_m3_Hwi_E_reserved__C)
                  20019bec    00000004     app_pem4.oem4 (.const:ti_sysbios_family_arm_m3_Hwi_E_svCall__C)
                  20019bf0    00000004     app_pem4.oem4 (.const:ti_sysbios_family_arm_m3_Hwi_E_usageFault__C)
                  20019bf4    00000004     app_pem4.oem4 (.const:ti_sysbios_family_arm_m3_Hwi_LD_end__C)
                  20019bf8    00000004     app_pem4.oem4 (.const:ti_sysbios_family_arm_m3_Hwi_LM_begin__C)
                  20019bfc    00000004     app_pem4.oem4 (.const:ti_sysbios_family_arm_m3_Hwi_Module__diagsEnabled__C)
                  20019c00    00000004     app_pem4.oem4 (.const:ti_sysbios_family_arm_m3_Hwi_Module__diagsIncluded__C)
                  20019c04    00000004     app_pem4.oem4 (.const:ti_sysbios_family_arm_m3_Hwi_Module__diagsMask__C)
                  20019c08    00000004     app_pem4.oem4 (.const:ti_sysbios_family_arm_m3_Hwi_Module__loggerFxn1__C)
                  20019c0c    00000004     app_pem4.oem4 (.const:ti_sysbios_family_arm_m3_Hwi_Module__loggerFxn8__C)
                  20019c10    00000004     app_pem4.oem4 (.const:ti_sysbios_family_arm_m3_Hwi_Module__loggerObj__C)
                  20019c14    00000004     app_pem4.oem4 (.const:ti_sysbios_family_arm_m3_Hwi_NUM_INTERRUPTS__C)
                  20019c18    00000004     app_pem4.oem4 (.const:ti_sysbios_family_arm_m3_Hwi_Object__count__C)
                  20019c1c    00000004     app_pem4.oem4 (.const:ti_sysbios_family_arm_m3_Hwi_ccr__C)
                  20019c20    00000004     app_pem4.oem4 (.const:ti_sysbios_family_arm_m3_Hwi_excHandlerFunc__C)
                  20019c24    00000004     app_pem4.oem4 (.const:ti_sysbios_family_arm_m3_Hwi_excHookFuncs__C)
                  20019c28    00000004     app_pem4.oem4 (.const:ti_sysbios_family_arm_m3_Hwi_nullIsrFunc__C)
                  20019c2c    00000004     app_pem4.oem4 (.const:ti_sysbios_family_arm_m3_Hwi_priGroup__C)
                  20019c30    00000004     app_pem4.oem4 (.const:ti_sysbios_family_arm_m3_TaskSupport_stackAlignment__C)
                  20019c34    00000004     app_pem4.oem4 (.const:ti_sysbios_family_arm_m3_Timer_E_cannotSupport__C)
                  20019c38    00000004     app_pem4.oem4 (.const:ti_sysbios_family_arm_m3_Timer_startupNeeded__C)
                  20019c3c    00000004     app_pem4.oem4 (.const:ti_sysbios_gates_GateMutex_A_badContext__C)
                  20019c40    00000004     app_pem4.oem4 (.const:ti_sysbios_gates_GateMutex_Instance_State_sem__O)
                  20019c44    00000004     app_pem4.oem4 (.const:ti_sysbios_gates_GateMutex_Module__diagsEnabled__C)
                  20019c48    00000004     app_pem4.oem4 (.const:ti_sysbios_gates_GateMutex_Module__diagsIncluded__C)
                  20019c4c    00000004     app_pem4.oem4 (.const:ti_sysbios_gates_GateMutex_Module__diagsMask__C)
                  20019c50    00000004     app_pem4.oem4 (.const:ti_sysbios_hal_Hwi_E_stackOverflow__C)
                  20019c54    00000004     app_pem4.oem4 (.const:ti_sysbios_heaps_HeapMem_A_align__C)
                  20019c58    00000004     app_pem4.oem4 (.const:ti_sysbios_heaps_HeapMem_A_heapSize__C)
                  20019c5c    00000004     app_pem4.oem4 (.const:ti_sysbios_heaps_HeapMem_A_invalidFree__C)
                  20019c60    00000004     app_pem4.oem4 (.const:ti_sysbios_heaps_HeapMem_A_zeroBlock__C)
                  20019c64    00000004     app_pem4.oem4 (.const:ti_sysbios_heaps_HeapMem_E_memory__C)
                  20019c68    00000004     app_pem4.oem4 (.const:ti_sysbios_heaps_HeapMem_Module__diagsEnabled__C)
                  20019c6c    00000004     app_pem4.oem4 (.const:ti_sysbios_heaps_HeapMem_Module__diagsIncluded__C)
                  20019c70    00000004     app_pem4.oem4 (.const:ti_sysbios_heaps_HeapMem_Module__diagsMask__C)
                  20019c74    00000004     app_pem4.oem4 (.const:ti_sysbios_heaps_HeapMem_Module__gateObj__C)
                  20019c78    00000004     app_pem4.oem4 (.const:ti_sysbios_heaps_HeapMem_Object__count__C)
                  20019c7c    00000004     app_pem4.oem4 (.const:ti_sysbios_heaps_HeapMem_reqAlign__C)
                  20019c80    00000004     app_pem4.oem4 (.const:ti_sysbios_knl_Clock_LM_begin__C)
                  20019c84    00000004     app_pem4.oem4 (.const:ti_sysbios_knl_Clock_LM_tick__C)
                  20019c88    00000004     app_pem4.oem4 (.const:ti_sysbios_knl_Clock_LW_delayed__C)
                  20019c8c    00000004     app_pem4.oem4 (.const:ti_sysbios_knl_Clock_Module_State_clockQ__O)
                  20019c90    00000004     app_pem4.oem4 (.const:ti_sysbios_knl_Clock_Module__diagsEnabled__C)
                  20019c94    00000004     app_pem4.oem4 (.const:ti_sysbios_knl_Clock_Module__diagsIncluded__C)
                  20019c98    00000004     app_pem4.oem4 (.const:ti_sysbios_knl_Clock_Module__diagsMask__C)
                  20019c9c    00000004     app_pem4.oem4 (.const:ti_sysbios_knl_Clock_Module__loggerFxn1__C)
                  20019ca0    00000004     app_pem4.oem4 (.const:ti_sysbios_knl_Clock_Module__loggerFxn2__C)
                  20019ca4    00000004     app_pem4.oem4 (.const:ti_sysbios_knl_Clock_Module__loggerObj__C)
                  20019ca8    00000004     app_pem4.oem4 (.const:ti_sysbios_knl_Clock_tickPeriod__C)
                  20019cac    00000004     app_pem4.oem4 (.const:ti_sysbios_knl_Idle_funcList__A)
                  20019cb0    00000004     app_pem4.oem4 (.const:ti_sysbios_knl_Mailbox_A_invalidBufSize__C)
                  20019cb4    00000004     app_pem4.oem4 (.const:ti_sysbios_knl_Mailbox_Instance_State_dataQue__O)
                  20019cb8    00000004     app_pem4.oem4 (.const:ti_sysbios_knl_Mailbox_Instance_State_dataSem__O)
                  20019cbc    00000004     app_pem4.oem4 (.const:ti_sysbios_knl_Mailbox_Instance_State_freeQue__O)
                  20019cc0    00000004     app_pem4.oem4 (.const:ti_sysbios_knl_Mailbox_Instance_State_freeSem__O)
                  20019cc4    00000004     app_pem4.oem4 (.const:ti_sysbios_knl_Mailbox_Module__diagsEnabled__C)
                  20019cc8    00000004     app_pem4.oem4 (.const:ti_sysbios_knl_Mailbox_Module__diagsIncluded__C)
                  20019ccc    00000004     app_pem4.oem4 (.const:ti_sysbios_knl_Mailbox_Module__diagsMask__C)
                  20019cd0    00000004     app_pem4.oem4 (.const:ti_sysbios_knl_Mailbox_Object__count__C)
                  20019cd4    00000004     app_pem4.oem4 (.const:ti_sysbios_knl_Mailbox_maxTypeAlign__C)
                  20019cd8    00000004     app_pem4.oem4 (.const:ti_sysbios_knl_Semaphore_A_badContext__C)
                  20019cdc    00000004     app_pem4.oem4 (.const:ti_sysbios_knl_Semaphore_A_noEvents__C)
                  20019ce0    00000004     app_pem4.oem4 (.const:ti_sysbios_knl_Semaphore_A_overflow__C)
                  20019ce4    00000004     app_pem4.oem4 (.const:ti_sysbios_knl_Semaphore_A_pendTaskDisabled__C)
                  20019ce8    00000004     app_pem4.oem4 (.const:ti_sysbios_knl_Semaphore_Instance_State_pendQ__O)
                  20019cec    00000004     app_pem4.oem4 (.const:ti_sysbios_knl_Semaphore_LM_pend__C)
                  20019cf0    00000004     app_pem4.oem4 (.const:ti_sysbios_knl_Semaphore_LM_post__C)
                  20019cf4    00000004     app_pem4.oem4 (.const:ti_sysbios_knl_Semaphore_Module__diagsEnabled__C)
                  20019cf8    00000004     app_pem4.oem4 (.const:ti_sysbios_knl_Semaphore_Module__diagsIncluded__C)
                  20019cfc    00000004     app_pem4.oem4 (.const:ti_sysbios_knl_Semaphore_Module__diagsMask__C)
                  20019d00    00000004     app_pem4.oem4 (.const:ti_sysbios_knl_Semaphore_Module__loggerFxn2__C)
                  20019d04    00000004     app_pem4.oem4 (.const:ti_sysbios_knl_Semaphore_Module__loggerFxn4__C)
                  20019d08    00000004     app_pem4.oem4 (.const:ti_sysbios_knl_Semaphore_Module__loggerObj__C)
                  20019d0c    00000004     app_pem4.oem4 (.const:ti_sysbios_knl_Swi_LD_end__C)
                  20019d10    00000004     app_pem4.oem4 (.const:ti_sysbios_knl_Swi_LM_begin__C)
                  20019d14    00000004     app_pem4.oem4 (.const:ti_sysbios_knl_Swi_LM_post__C)
                  20019d18    00000004     app_pem4.oem4 (.const:ti_sysbios_knl_Swi_Module__diagsEnabled__C)
                  20019d1c    00000004     app_pem4.oem4 (.const:ti_sysbios_knl_Swi_Module__diagsIncluded__C)
                  20019d20    00000004     app_pem4.oem4 (.const:ti_sysbios_knl_Swi_Module__diagsMask__C)
                  20019d24    00000004     app_pem4.oem4 (.const:ti_sysbios_knl_Swi_Module__loggerFxn1__C)
                  20019d28    00000004     app_pem4.oem4 (.const:ti_sysbios_knl_Swi_Module__loggerFxn4__C)
                  20019d2c    00000004     app_pem4.oem4 (.const:ti_sysbios_knl_Swi_Module__loggerObj__C)
                  20019d30    00000004     app_pem4.oem4 (.const:ti_sysbios_knl_Swi_Object__count__C)
                  20019d34    00000004     app_pem4.oem4 (.const:ti_sysbios_knl_Task_A_badPriority__C)
                  20019d38    00000004     app_pem4.oem4 (.const:ti_sysbios_knl_Task_A_badTaskState__C)
                  20019d3c    00000004     app_pem4.oem4 (.const:ti_sysbios_knl_Task_A_badThreadType__C)
                  20019d40    00000004     app_pem4.oem4 (.const:ti_sysbios_knl_Task_A_badTimeout__C)
                  20019d44    00000004     app_pem4.oem4 (.const:ti_sysbios_knl_Task_A_noPendElem__C)
                  20019d48    00000004     app_pem4.oem4 (.const:ti_sysbios_knl_Task_A_sleepTaskDisabled__C)
                  20019d4c    00000004     app_pem4.oem4 (.const:ti_sysbios_knl_Task_E_spOutOfBounds__C)
                  20019d50    00000004     app_pem4.oem4 (.const:ti_sysbios_knl_Task_E_stackOverflow__C)
                  20019d54    00000004     app_pem4.oem4 (.const:ti_sysbios_knl_Task_LD_block__C)
                  20019d58    00000004     app_pem4.oem4 (.const:ti_sysbios_knl_Task_LD_exit__C)
                  20019d5c    00000004     app_pem4.oem4 (.const:ti_sysbios_knl_Task_LD_ready__C)
                  20019d60    00000004     app_pem4.oem4 (.const:ti_sysbios_knl_Task_LM_sleep__C)
                  20019d64    00000004     app_pem4.oem4 (.const:ti_sysbios_knl_Task_LM_switch__C)
                  20019d68    00000004     app_pem4.oem4 (.const:ti_sysbios_knl_Task_LM_yield__C)
                  20019d6c    00000004     app_pem4.oem4 (.const:ti_sysbios_knl_Task_Module_State_inactiveQ__O)
                  20019d70    00000004     app_pem4.oem4 (.const:ti_sysbios_knl_Task_Module__diagsEnabled__C)
                  20019d74    00000004     app_pem4.oem4 (.const:ti_sysbios_knl_Task_Module__diagsIncluded__C)
                  20019d78    00000004     app_pem4.oem4 (.const:ti_sysbios_knl_Task_Module__diagsMask__C)
                  20019d7c    00000004     app_pem4.oem4 (.const:ti_sysbios_knl_Task_Module__loggerFxn2__C)
                  20019d80    00000004     app_pem4.oem4 (.const:ti_sysbios_knl_Task_Module__loggerFxn4__C)
                  20019d84    00000004     app_pem4.oem4 (.const:ti_sysbios_knl_Task_Module__loggerObj__C)
                  20019d88    00000004     app_pem4.oem4 (.const:ti_sysbios_knl_Task_Object__count__C)
                  20019d8c    00000004     app_pem4.oem4 (.const:ti_sysbios_knl_Task_allBlockedFunc__C)
                  20019d90    00000004     app_pem4.oem4 (.const:ti_sysbios_knl_Task_defaultStackHeap__C)
                  20019d94    00000004     app_pem4.oem4 (.const:ti_sysbios_knl_Task_defaultStackSize__C)
                  20019d98    00000004     app_pem4.oem4 (.const:ti_sysbios_knl_Task_numConstructedTasks__C)
                  20019d9c    00000004     app_pem4.oem4 (.const:xdc_runtime_Assert_E_assertFailed__C)
                  20019da0    00000004     app_pem4.oem4 (.const:xdc_runtime_Core_A_initializedParams__C)
                  20019da4    00000004     app_pem4.oem4 (.const:xdc_runtime_Core_Module__diagsEnabled__C)
                  20019da8    00000004     app_pem4.oem4 (.const:xdc_runtime_Core_Module__diagsIncluded__C)
                  20019dac    00000004     app_pem4.oem4 (.const:xdc_runtime_Core_Module__diagsMask__C)
                  20019db0    00000004     app_pem4.oem4 (.const:xdc_runtime_Error_E_memory__C)
                  20019db4    00000004     app_pem4.oem4 (.const:xdc_runtime_Error_Module__diagsEnabled__C)
                  20019db8    00000004     app_pem4.oem4 (.const:xdc_runtime_Error_Module__diagsIncluded__C)
                  20019dbc    00000004     app_pem4.oem4 (.const:xdc_runtime_Error_Module__diagsMask__C)
                  20019dc0    00000004     app_pem4.oem4 (.const:xdc_runtime_Error_Module__loggerFxn8__C)
                  20019dc4    00000004     app_pem4.oem4 (.const:xdc_runtime_Error_Module__loggerObj__C)
                  20019dc8    00000004     app_pem4.oem4 (.const:xdc_runtime_Error_policyFxn__C)
                  20019dcc    00000004     app_pem4.oem4 (.const:xdc_runtime_Error_raiseHook__C)
                  20019dd0    00000004     app_pem4.oem4 (.const:xdc_runtime_IFilterLogger_Interface__BASE__C)
                  20019dd4    00000004     app_pem4.oem4 (.const:xdc_runtime_IGateProvider_Interface__BASE__C)
                  20019dd8    00000004     app_pem4.oem4 (.const:xdc_runtime_IHeap_Interface__BASE__C)
                  20019ddc    00000004     app_pem4.oem4 (.const:xdc_runtime_ILogger_Interface__BASE__C)
                  20019de0    00000004     app_pem4.oem4 (.const:xdc_runtime_IModule_Interface__BASE__C)
                  20019de4    00000004     app_pem4.oem4 (.const:xdc_runtime_Log_L_error__C)
                  20019de8    00000004     app_pem4.oem4 (.const:xdc_runtime_LoggerBuf_E_badLevel__C)
                  20019dec    00000004     app_pem4.oem4 (.const:xdc_runtime_LoggerBuf_Module__gateObj__C)
                  20019df0    00000004     app_pem4.oem4 (.const:xdc_runtime_LoggerBuf_Object__count__C)
                  20019df4    00000004     app_pem4.oem4 (.const:xdc_runtime_LoggerBuf_statusLogger__C)
                  20019df8    00000004     app_pem4.oem4 (.const:xdc_runtime_Memory_defaultHeapInstance__C)
                  20019dfc    00000004     app_pem4.oem4 (.const:xdc_runtime_Startup_execImpl__C)
                  20019e00    00000004     app_pem4.oem4 (.const:xdc_runtime_Startup_maxPasses__C)
                  20019e04    00000004     app_pem4.oem4 (.const:xdc_runtime_Startup_sfxnRts__C)
                  20019e08    00000004     app_pem4.oem4 (.const:xdc_runtime_Startup_sfxnTab__C)
                  20019e0c    00000004     app_pem4.oem4 (.const:xdc_runtime_SysMin_bufSize__C)
                  20019e10    00000004     app_pem4.oem4 (.const:xdc_runtime_SysMin_outputFunc__C)
                  20019e14    00000004     app_pem4.oem4 (.const:xdc_runtime_System_Module__gateObj__C)
                  20019e18    00000004     app_pem4.oem4 (.const:xdc_runtime_System_abortFxn__C)
                  20019e1c    00000004     app_pem4.oem4 (.const:xdc_runtime_System_exitFxn__C)
                  20019e20    00000004     app_pem4.oem4 (.const:xdc_runtime_System_extendFxn__C)
                  20019e24    00000004     app_pem4.oem4 (.const:xdc_runtime_System_maxAtexitHandlers__C)
                  20019e28    00000004     app_pem4.oem4 (.const:xdc_runtime_Text_charTab__C)
                  20019e2c    00000004     app_pem4.oem4 (.const:xdc_runtime_Text_nameEmpty__C)
                  20019e30    00000004     app_pem4.oem4 (.const:xdc_runtime_Text_nameStatic__C)
                  20019e34    00000004     app_pem4.oem4 (.const:xdc_runtime_Text_nameUnknown__C)
                  20019e38    00000004     app_pem4.oem4 (.const:xdc_runtime_Text_nodeTab__C)
                  20019e3c    00000004     app_pem4.oem4 (.const:xdc_runtime_Text_visitRopeFxn__C)
                  20019e40    00000002     app_pem4.oem4 (.const:ti_sysbios_family_arm_m3_Timer_Module__id__C)
                  20019e42    00000002     app_pem4.oem4 (.const:ti_sysbios_family_arm_m3_TimestampProvider_configTimer__C)
                  20019e44    00000002     app_pem4.oem4 (.const:ti_sysbios_gates_GateMutex_Module__id__C)
                  20019e46    00000002     app_pem4.oem4 (.const:ti_sysbios_hal_Hwi_Module__id__C)
                  20019e48    00000002     app_pem4.oem4 (.const:ti_sysbios_heaps_HeapMem_Module__id__C)
                  20019e4a    00000002     app_pem4.oem4 (.const:ti_sysbios_knl_Clock_Module__id__C)
                  20019e4c    00000002     app_pem4.oem4 (.const:ti_sysbios_knl_Clock_Module__loggerDefined__C)
                  20019e4e    00000002     app_pem4.oem4 (.const:ti_sysbios_knl_Mailbox_Module__id__C)
                  20019e50    00000002     app_pem4.oem4 (.const:ti_sysbios_knl_Semaphore_Module__id__C)
                  20019e52    00000002     app_pem4.oem4 (.const:ti_sysbios_knl_Semaphore_Module__loggerDefined__C)
                  20019e54    00000002     app_pem4.oem4 (.const:ti_sysbios_knl_Swi_Module__id__C)
                  20019e56    00000002     app_pem4.oem4 (.const:ti_sysbios_knl_Swi_Module__loggerDefined__C)
                  20019e58    00000002     app_pem4.oem4 (.const:ti_sysbios_knl_Task_Module__id__C)
                  20019e5a    00000002     app_pem4.oem4 (.const:ti_sysbios_knl_Task_Module__loggerDefined__C)
                  20019e5c    00000002     app_pem4.oem4 (.const:ti_sysbios_knl_Task_initStackFlag__C)
                  20019e5e    00000002     app_pem4.oem4 (.const:xdc_runtime_Core_Module__id__C)
                  20019e60    00000002     app_pem4.oem4 (.const:xdc_runtime_Error_Module__loggerDefined__C)
                  20019e62    00000002     app_pem4.oem4 (.const:xdc_runtime_Error_maxDepth__C)
                  20019e64    00000002     app_pem4.oem4 (.const:xdc_runtime_LoggerBuf_Module__id__C)
                  20019e66    00000002     app_pem4.oem4 (.const:xdc_runtime_LoggerBuf_filterByLevel__C)
                  20019e68    00000002     app_pem4.oem4 (.const:xdc_runtime_Memory_Module__id__C)
                  20019e6a    00000002     app_pem4.oem4 (.const:xdc_runtime_SysMin_flushAtExit__C)
                  20019e6c    00000002     app_pem4.oem4 (.const:xdc_runtime_Text_charCnt__C)
                  20019e6e    00000002     app_pem4.oem4 (.const:xdc_runtime_Text_isLoaded__C)
                  20019e70    00000002     app_pem4.oem4 (.const:xdc_runtime_Text_registryModsLastId__C)
                  20019e72    00000002     app_pem4.oem4 (.const:xdc_runtime_Text_unnamedModsLastId__C)

.cinit     0    20019e78    00000940     
                  20019e78    00000916     (.cinit..data.load) [load image, compression = rle]
                  2001a78e    00000002     --HOLE-- [fill = 0]
                  2001a790    0000000c     (__TI_handler_table)
                  2001a79c    00000004     --HOLE-- [fill = 0]
                  2001a7a0    00000008     (.cinit..bss.load) [load image, compression = zero_init]
                  2001a7a8    00000010     (__TI_cinit_table)

.bss       0    2001c000    00009d31     UNINITIALIZED
                  2001c000    00008000     app_pem4.oem4 (.bss:ti_sysbios_heaps_HeapMem_Instance_State_0_buf__A)
                  20024000    00000800     app_pem4.oem4 (.bss:taskStackSection)
                  20024800    00000400     main.obj (.bss:parseData)
                  20024c00    00000400     app_pem4.oem4 (.bss:xdc_runtime_LoggerBuf_Instance_State_0_entryArr__A)
                  20025000    00000400     app_pem4.oem4 (.bss:xdc_runtime_SysMin_Module_State_0_outbuf__A)
                  20025400    0000030c     app_pem4.oem4 (.bss:ti_sysbios_family_arm_m3_Hwi_dispatchTable)
                  2002570c    00000178     simplelink.a : driver.obj (.bss:g_StatMem)
[...]
20019d00  ti_sysbios_knl_Semaphore_Module__loggerFxn2__C              
20019d04  ti_sysbios_knl_Semaphore_Module__loggerFxn4__C              
20019d08  ti_sysbios_knl_Semaphore_Module__loggerObj__C               
20019d0c  ti_sysbios_knl_Swi_LD_end__C                                
20019d10  ti_sysbios_knl_Swi_LM_begin__C                              
20019d14  ti_sysbios_knl_Swi_LM_post__C                               
20019d18  ti_sysbios_knl_Swi_Module__diagsEnabled__C                  
20019d1c  ti_sysbios_knl_Swi_Module__diagsIncluded__C                 
20019d20  ti_sysbios_knl_Swi_Module__diagsMask__C                     
20019d24  ti_sysbios_knl_Swi_Module__loggerFxn1__C                    
20019d28  ti_sysbios_knl_Swi_Module__loggerFxn4__C                    
20019d2c  ti_sysbios_knl_Swi_Module__loggerObj__C                     
20019d30  ti_sysbios_knl_Swi_Object__count__C                         
20019d34  ti_sysbios_knl_Task_A_badPriority__C                        
20019d38  ti_sysbios_knl_Task_A_badTaskState__C                       
20019d3c  ti_sysbios_knl_Task_A_badThreadType__C                      
20019d40  ti_sysbios_knl_Task_A_badTimeout__C                         
20019d44  ti_sysbios_knl_Task_A_noPendElem__C                         
20019d48  ti_sysbios_knl_Task_A_sleepTaskDisabled__C                  
20019d4c  ti_sysbios_knl_Task_E_spOutOfBounds__C                      
20019d50  ti_sysbios_knl_Task_E_stackOverflow__C                      
20019d54  ti_sysbios_knl_Task_LD_block__C                             
20019d58  ti_sysbios_knl_Task_LD_exit__C                              
20019d5c  ti_sysbios_knl_Task_LD_ready__C                             
20019d60  ti_sysbios_knl_Task_LM_sleep__C                             
20019d64  ti_sysbios_knl_Task_LM_switch__C                            
20019d68  ti_sysbios_knl_Task_LM_yield__C                             
20019d6c  ti_sysbios_knl_Task_Module_State_inactiveQ__O               
20019d70  ti_sysbios_knl_Task_Module__diagsEnabled__C                 
20019d74  ti_sysbios_knl_Task_Module__diagsIncluded__C                
20019d78  ti_sysbios_knl_Task_Module__diagsMask__C                    
20019d7c  ti_sysbios_knl_Task_Module__loggerFxn2__C                   
20019d80  ti_sysbios_knl_Task_Module__loggerFxn4__C                   
20019d84  ti_sysbios_knl_Task_Module__loggerObj__C                    
20019d88  ti_sysbios_knl_Task_Object__count__C                        
20019d8c  ti_sysbios_knl_Task_allBlockedFunc__C                       
20019d90  ti_sysbios_knl_Task_defaultStackHeap__C                     
20019d94  ti_sysbios_knl_Task_defaultStackSize__C                     
20019d98  ti_sysbios_knl_Task_numConstructedTasks__C                  
20019d9c  xdc_runtime_Assert_E_assertFailed__C                        
20019da0  xdc_runtime_Core_A_initializedParams__C                     
20019da4  xdc_runtime_Core_Module__diagsEnabled__C                    
20019da8  xdc_runtime_Core_Module__diagsIncluded__C                   
20019dac  xdc_runtime_Core_Module__diagsMask__C                       
20019db0  xdc_runtime_Error_E_memory__C                               
20019db4  xdc_runtime_Error_Module__diagsEnabled__C                   
20019db8  xdc_runtime_Error_Module__diagsIncluded__C                  
20019dbc  xdc_runtime_Error_Module__diagsMask__C                      
20019dc0  xdc_runtime_Error_Module__loggerFxn8__C                     
20019dc4  xdc_runtime_Error_Module__loggerObj__C                      
20019dc8  xdc_runtime_Error_policyFxn__C                              
20019dcc  xdc_runtime_Error_raiseHook__C                              
20019dd0  xdc_runtime_IFilterLogger_Interface__BASE__C                
20019dd4  xdc_runtime_IGateProvider_Interface__BASE__C                
20019dd8  xdc_runtime_IHeap_Interface__BASE__C                        
20019ddc  xdc_runtime_ILogger_Interface__BASE__C                      
20019de0  xdc_runtime_IModule_Interface__BASE__C                      
20019de4  xdc_runtime_Log_L_error__C                                  
20019de8  xdc_runtime_LoggerBuf_E_badLevel__C                         
20019dec  xdc_runtime_LoggerBuf_Module__gateObj__C                    
20019df0  xdc_runtime_LoggerBuf_Object__count__C                      
20019df4  xdc_runtime_LoggerBuf_statusLogger__C                       
20019df8  xdc_runtime_Memory_defaultHeapInstance__C                   
20019dfc  xdc_runtime_Startup_execImpl__C                             
20019e00  xdc_runtime_Startup_maxPasses__C                            
20019e04  xdc_runtime_Startup_sfxnRts__C                              
20019e08  xdc_runtime_Startup_sfxnTab__C                              
20019e0c  xdc_runtime_SysMin_bufSize__C                               
20019e10  xdc_runtime_SysMin_outputFunc__C                            
20019e14  xdc_runtime_System_Module__gateObj__C                       
20019e18  xdc_runtime_System_abortFxn__C                              
20019e1c  xdc_runtime_System_exitFxn__C                               
20019e20  xdc_runtime_System_extendFxn__C                             
20019e24  xdc_runtime_System_maxAtexitHandlers__C                     
20019e28  xdc_runtime_Text_charTab__C                                 
20019e2c  xdc_runtime_Text_nameEmpty__C                               
20019e30  xdc_runtime_Text_nameStatic__C                              
20019e34  xdc_runtime_Text_nameUnknown__C                             
20019e38  xdc_runtime_Text_nodeTab__C                                 
20019e3c  xdc_runtime_Text_visitRopeFxn__C                            
20019e40  ti_sysbios_family_arm_m3_Timer_Module__id__C                
20019e42  ti_sysbios_family_arm_m3_TimestampProvider_configTimer__C   
20019e44  ti_sysbios_gates_GateMutex_Module__id__C                    
20019e46  ti_sysbios_hal_Hwi_Module__id__C                            
20019e48  ti_sysbios_heaps_HeapMem_Module__id__C                      
20019e4a  ti_sysbios_knl_Clock_Module__id__C                          
20019e4c  ti_sysbios_knl_Clock_Module__loggerDefined__C               
20019e4e  ti_sysbios_knl_Mailbox_Module__id__C                        
20019e50  ti_sysbios_knl_Semaphore_Module__id__C                      
20019e52  ti_sysbios_knl_Semaphore_Module__loggerDefined__C           
20019e54  ti_sysbios_knl_Swi_Module__id__C                            
20019e56  ti_sysbios_knl_Swi_Module__loggerDefined__C                 
20019e58  ti_sysbios_knl_Task_Module__id__C                           
20019e5a  ti_sysbios_knl_Task_Module__loggerDefined__C                
20019e5c  ti_sysbios_knl_Task_initStackFlag__C                        
20019e5e  xdc_runtime_Core_Module__id__C                              
20019e60  xdc_runtime_Error_Module__loggerDefined__C                  
20019e62  xdc_runtime_Error_maxDepth__C                               
20019e64  xdc_runtime_LoggerBuf_Module__id__C                         
20019e66  xdc_runtime_LoggerBuf_filterByLevel__C                      
20019e68  xdc_runtime_Memory_Module__id__C                            
20019e6a  xdc_runtime_SysMin_flushAtExit__C                           
20019e6c  xdc_runtime_Text_charCnt__C                                 
20019e6e  xdc_runtime_Text_isLoaded__C                                
20019e70  xdc_runtime_Text_registryModsLastId__C                      
20019e72  xdc_runtime_Text_unnamedModsLastId__C                       
20019e78  __TI_static_base__                                          
2001a790  __TI_Handler_Table_Base                                     
2001a79c  __TI_Handler_Table_Limit                                    
2001a7a8  __TI_CINIT_Base                                             
2001a7b8  __TI_CINIT_Limit                                            
2001c000  ti_sysbios_heaps_HeapMem_Instance_State_0_buf__A            
20024000  ti_sysbios_knl_Task_Instance_State_0_stack__A               
20024800  parseData                                                   
20024c00  xdc_runtime_LoggerBuf_Instance_State_0_entryArr__A          
20025000  xdc_runtime_SysMin_Module_State_0_outbuf__A                 
20025400  ti_sysbios_family_arm_m3_Hwi_dispatchTable                  
2002570c  g_StatMem                                                   
20025884  __CIOBUF_                                                   
200259a4  UARTDataBuffer                                              
20025aa4  tagData                                                     
20025ba4  g_ucDinDout                                                 
20025bf4  g_sAppData                                                  
20025c34  clientStateFileName                                         
20025c68  g_ucConnectionSSID                                          
20025cb4  line1                                                       
20025cc4  line2                                                       
20025cd4  sAddr                                                       
20025ce4  sLocalAddr                                                  
20025cf4  g_ucConnectionBSSID                                         
20025d04  DMAMsgQ                                                     
20025d08  SimpleLinkSpawnTaskHndl                                     
20025d10  client                                                      
20025d14  g_cDummy                                                    
20025d18  g_isFileHandle                                              
20025d24  g_ulTimerInts                                               
20025d28  simpleLink_mailbox                                          
20025d2c  RxIrqCnt                                                    
20025d2d  UARTData                                                    
20025d2e  g_ucLED1Pin                                                 
20025d2f  g_ucLED2Pin                                                 
20025d30  g_ucLED3Pin                                                 
20025d38  sshPort                                                     
20025d48  dataBuffer                                                  
20026148  DigiCertHighAssuranceEVRootCA_der_len                       
20026518  parseSuccess                                                
2002651a  Authorized                                                  
2002651c  EnteringParking                                             
2002651e  LeavingParking                                              
20026520  parseRetries                                                
20026524  TEST_PING                                                   
20026528  Wifi_Error                                                  
2002652c  UARTDataFlag                                                
20026530  UARTDataCount                                               
20026534  TAGEnable                                                   
20026538  UARTError                                                   
20026540  TimmerBaseFlag                                              
20026544  TimmerRefFlag                                               
20026548  Sensor1                                                     
2002654a  Sensor2                                                     
2002654c  NTPServerError                                              
20026550  SecurityParams                                              
20026568  g_reset                                                     
20026569  g_init                                                      
2002656c  g_uiNFCAppState                                             
20026570  g_ulStatus                                                  
20026574  g_ulStaIp                                                   
20026578  g_ulGatewayIP                                               
2002657c  g_ulAcquiredIP                                              
20026580  g_ulPingPacketsRecv                                         
20026584  g_SecParams                                                 
20026590  AEA_POST_token                                              
2002659b  AEA_GET_token                                               
200265a6  ACI_POST_token                                              
200265b1  ACI_GET_token                                               
200265bc  STA_POST_token                                              
200265c7  STS_GET_token                                               
200265d2  APS_GET_token                                               
200265dd  SEP_GET_token                                               
200265e8  SEP_POST_token                                              
200265f3  FUN_GET_token                                               
200265fe  SUN_GET_token                                               
20026609  COM_GET_token                                               
20026614  TEL_GET_token                                               
2002661f  FUN_POST_token                                              
2002662a  SUN_POST_token                                              
20026635  COM_POST_token                                              
20026640  TEL_POST_token                                              
2002664b  SEA_POST_token                                              
20026656  DEA_POST_token                                              
20026661  SND_POST_token                                              
2002666c  SEA_GET_token                                               
20026677  DEA_GET_token                                               
20026682  CCN_GET_token                                               
2002668d  CCN_POST_token                                              
20026698  CCI_GET_token                                               
200266a3  CCI_POST_token                                              
200266b0  ti_sysbios_family_arm_m3_Hwi_Module__root__V                
200266b8  ti_sysbios_family_arm_m3_Hwi_Object__table__V               
200266d0  ti_sysbios_family_arm_m3_Hwi_Module_State_0_excActive__A    
200266d4  ti_sysbios_family_arm_m3_Hwi_Module_State_0_excContext__A   
200266d8  ti_sysbios_family_arm_m3_Hwi_Module_State_0_excStack__A     
200266dc  ti_sysbios_family_arm_m3_Timer_Module__root__V              
200266e4  ti_sysbios_family_arm_m3_Timer_Module__state__V             
200266f0  ti_sysbios_family_arm_m3_TimestampProvider_Module__state__V 
200266f4  ti_sysbios_gates_GateHwi_Module__root__V                    
200266fc  ti_sysbios_gates_GateHwi_Object__table__V                   
20026700  ti_sysbios_gates_GateMutex_Module__root__V                  
20026708  ti_sysbios_hal_Hwi_Module__root__V                          
20026710  ti_sysbios_hal_Timer_Module__root__V                        
20026718  ti_sysbios_heaps_HeapMem_Module__root__V                    
20026720  ti_sysbios_heaps_HeapMem_Object__table__V                   
20026738  ti_sysbios_knl_Clock_Module__root__V                        
20026740  ti_sysbios_knl_Event_Module__root__V                        
20026748  ti_sysbios_knl_Mailbox_Module__root__V                      
20026750  ti_sysbios_knl_Queue_Module__root__V                        
20026758  ti_sysbios_knl_Semaphore_Module__root__V                    
20026760  ti_sysbios_knl_Swi_Module__root__V                          
20026768  ti_sysbios_knl_Swi_Module__state__V                         
20026784  ti_sysbios_knl_Task_Module__root__V                         
2002678c  ti_sysbios_knl_Task_Module_State_0_idleTask__A              
20026790  xdc_runtime_Error_Module__state__V                          
20026794  xdc_runtime_LoggerBuf_Module__root__V                       
2002679c  xdc_runtime_LoggerBuf_Module__state__V                      
200267a4  xdc_runtime_Memory_Module__state__V                         
200267a8  xdc_runtime_Registry_Module__state__V                       
200267b0  xdc_runtime_Startup_Module__state__V                        
200267b8  xdc_runtime_SysMin_Module__state__V                         
200267c4  xdc_runtime_System_Module_State_0_atexitHandlers__A         
200267d4  xdc_runtime_System_Module__state__V                         
200267dc  xdc_runtime_Text_Module__state__V                           
200267e4  __xdc__init__addr                                           
20026968  g_ConfigData                                                
20026a0c  _Errno                                                      
20026a10  _Denorm                                                     
20026a20  _Eps                                                        
20026a30  _Hugeval                                                    
20026a40  _Inf                                                        
20026a50  _Nan                                                        
20026a60  _Snan                                                       
20026a70  _Rteps                                                      
20026a80  _Xbig                                                       
20026a88  _Zero                                                       
20026a90  ti_sysbios_knl_Swi_Module_State_0_readyQ__A                 
20026b10  ti_sysbios_knl_Task_Module_State_0_readyQ__A                
20026b90  TSK_idle                                                    
20026b90  ti_sysbios_knl_Task_Object__table__V                        
20026be0  g_osVersion                                                 
20026c20  ti_sysbios_knl_Task_Module__state__V                        
20026c64  ti_sysbios_gates_GateMutex_Object__table__V                 
20026c9c  ti_sysbios_family_arm_m3_Hwi_Module__state__V               
20026cd0  ti_sysbios_family_arm_m3_Timer_Object__table__V             
20026d00  ti_sysbios_knl_Swi_Object__table__V                         
20026d30  ti_sysbios_knl_Clock_Module__state__V                       
20026d5c  ti_sysbios_BIOS_Module__state__V                            
20026d80  xdc_runtime_LoggerBuf_Object__table__V                      
20026da4  g_APSsidName                                                
20026dd8  g_uiLED1Port                                                
20026ddc  g_uiLED2Port                                                
20026de0  g_uiLED3Port                                                
20026de4  g_SpiFd                                                     
20026de8  g_pHostIntHdl                                               
20026dec  g_ucDMAEnabled                                              
20026df0  g_pCB                                                       
20026df4  pPingCallBackFunc                                           
20026df8  gFirstCmdMode                                               
20026dfc  _lock                                                       
20026e00  _unlock                                                     
20026e04  __TI_cleanup_ptr                                            
20026e08  __TI_dtors_ptr                                              
20026e0c  _Fenv                                                       
20026e10  _Tls_setup__Fenv                                            
20026e18  main_func_sp                                                
2002e000  __stack                                                     
20030000  __STACK_END                                                 
e000e000  ti_sysbios_family_arm_m3_Hwi_nvic                           
ffffffff  __binit__                                                   
ffffffff  __c_args__                                                  
ffffffff  binit                                                       
UNDEFED   SHT$$INIT_ARRAY$$Base                                       
UNDEFED   SHT$$INIT_ARRAY$$Limit                                      

[1149 symbols]
